Component: ARM Compiler 5.06 update 6 (build 750) Tool: armlink [4d35ed]

==============================================================================

Section Cross References

    main.o(.text) refers to delay.o(.text) for delay_init
    main.o(.text) refers to os_core.o(.text) for os_init
    main.o(.text) refers to key_led_task.o(.text) for EnterStopMode
    main.o(.text) refers to app.o(.text) for init_task
    stm32f0xx_it.o(.text) refers to stm32f0xx_tim.o(.text) for TIM_GetITStatus
    stm32f0xx_it.o(.text) refers to os_core.o(.text) for os_isr_ticks
    system_stm32f0xx.o(.text) refers to aeabi_sdiv.o(.text) for __aeabi_uidivmod
    system_stm32f0xx.o(.text) refers to stm32f0xx_rcc.o(.text) for RCC_MCOConfig
    system_stm32f0xx.o(.text) refers to system_stm32f0xx.o(.data) for .data
    iwtdg.o(.text) refers to stm32f0xx_iwdg.o(.text) for IWDG_WriteAccessCmd
    app.o(.text) refers to hardware.o(.text) for init_hardware
    app.o(.text) refers to motor_pwm.o(.text) for Motor_PWM_Init
    app.o(.text) refers to fifo.o(.text) for fifoInit
    app.o(.text) refers to serial_port.o(.text) for UARTInit
    app.o(.text) refers to cmd_receive.o(.text) for Init_Receive
    app.o(.text) refers to os_core.o(.text) for os_create_task
    app.o(.text) refers to comm_task.o(.bss) for send_buf
    app.o(.text) refers to comm_task.o(.bss) for send_fifo
    app.o(.text) refers to comm_task.o(.text) for TaskDataSend
    app.o(.text) refers to key_led_task.o(.text) for key_led_task
    app.o(.text) refers to honeywell_sampling_data.o(.text) for honeywell_sampling_data
    comm_task.o(.text) refers to cmd_receive.o(.text) for GetBuf2Length
    comm_task.o(.text) refers to rt_memcpy.o(.emb_text) for __aeabi_memcpy4
    comm_task.o(.text) refers to protocol_module.o(.text) for protocol_module_process
    comm_task.o(.text) refers to delay.o(.text) for delay_ms
    comm_task.o(.text) refers to rt_memclr.o(.text) for __aeabi_memclr4
    comm_task.o(.text) refers to fifo.o(.text) for fifoReadData
    comm_task.o(.text) refers to serial_port.o(.text) for UartSendNBytes
    comm_task.o(.text) refers to os_core.o(.text) for os_delay_ms
    comm_task.o(.text) refers to hardware.o(.text) for set_led
    comm_task.o(.text) refers to motor_pwm.o(.text) for Motor_PWM_Freq_Dudy_Set
    comm_task.o(.text) refers to common.o(.text) for Delay_ms
    comm_task.o(.text) refers to iwtdg.o(.text) for IWDG_Feed
    comm_task.o(.text) refers to key_led_task.o(.text) for EnterStopMode
    comm_task.o(.text) refers to stm32f0xx_gpio.o(.text) for GPIO_ReadInputDataBit
    comm_task.o(.text) refers to comm_task.o(.data) for .data
    comm_task.o(.text) refers to comm_task.o(.bss) for .bss
    comm_task.o(.text) refers to key_led_task.o(.data) for mcu_state
    comm_task.o(.text) refers to os_core.o(.data) for os_ticks
    comm_task.o(.text) refers to rt_memcpy.o(.text) for __aeabi_memcpy
    comm_task.o(.text) refers to honeywell_sampling_data.o(.text) for trans_xmmHg_2_adc_value
    comm_task.o(.text) refers to main.o(.constdata) for default_parameter_buf
    comm_task.o(.text) refers to honeywell_sampling_data.o(.data) for b_getHoneywellZeroPoint
    key_led_task.o(.text) refers to stm32f0xx_rcc.o(.text) for RCC_AHBPeriphClockCmd
    key_led_task.o(.text) refers to stm32f0xx_gpio.o(.text) for GPIO_Init
    key_led_task.o(.text) refers to stm32f0xx_syscfg.o(.text) for SYSCFG_EXTILineConfig
    key_led_task.o(.text) refers to stm32f0xx_exti.o(.text) for EXTI_Init
    key_led_task.o(.text) refers to stm32f0xx_misc.o(.text) for NVIC_Init
    key_led_task.o(.text) refers to delay.o(.text) for delay_ms
    key_led_task.o(.text) refers to iwtdg.o(.text) for Init_iWtdg
    key_led_task.o(.text) refers to os_core.o(.text) for os_init
    key_led_task.o(.text) refers to system_stm32f0xx.o(.text) for SystemInit
    key_led_task.o(.text) refers to app.o(.text) for init_task
    key_led_task.o(.text) refers to stm32f0xx_dma.o(.text) for DMA_Cmd
    key_led_task.o(.text) refers to stm32f0xx_adc.o(.text) for ADC_DMACmd
    key_led_task.o(.text) refers to stm32f0xx_usart.o(.text) for USART_Cmd
    key_led_task.o(.text) refers to comm_task.o(.text) for init_PWMState
    key_led_task.o(.text) refers to stm32f0xx_pwr.o(.text) for PWR_EnterSTOPMode
    key_led_task.o(.text) refers to protocol_module.o(.text) for record_dateTime
    key_led_task.o(.text) refers to key_led_task.o(.data) for .data
    key_led_task.o(.text) refers to os_core.o(.data) for os_ticks
    key_led_task.o(.text) refers to comm_task.o(.data) for switch_mode_cnt
    key_led_task.o(.text) refers to honeywell_sampling_data.o(.data) for honeywell_state
    key_led_task.o(.text) refers to hardware.o(.data) for RegularConvData_Tab
    honeywell_sampling_data.o(.text) refers to aeabi_sdiv.o(.text) for __aeabi_uidivmod
    honeywell_sampling_data.o(.text) refers to i2c.o(.text) for Init_honeywell_sensor
    honeywell_sampling_data.o(.text) refers to os_core.o(.text) for os_delay_ms
[...]
    .text                                    0x080023e8   Section        0  rtc.o(.text)
    .text                                    0x080024f4   Section        0  os_core.o(.text)
    .text                                    0x080025a8   Section       56  startup_stm32f0xx.o(.text)
    .text                                    0x080025e0   Section        0  stm32f0xx_gpio.o(.text)
    .text                                    0x0800273c   Section        0  stm32f0xx_rcc.o(.text)
    .text                                    0x08002b48   Section        0  stm32f0xx_misc.o(.text)
    .text                                    0x08002bc4   Section        0  stm32f0xx_usart.o(.text)
    .text                                    0x08003028   Section        0  stm32f0xx_tim.o(.text)
    TI2_Config                               0x0800360d   Thumb Code    42  stm32f0xx_tim.o(.text)
    TI1_Config                               0x08003647   Thumb Code    40  stm32f0xx_tim.o(.text)
    .text                                    0x08003944   Section        0  stm32f0xx_dma.o(.text)
    .text                                    0x08003a68   Section        0  stm32f0xx_pwr.o(.text)
    .text                                    0x08003b48   Section        0  stm32f0xx_flash.o(.text)
    .text                                    0x08003f94   Section        0  stm32f0xx_adc.o(.text)
    .text                                    0x080041b8   Section        0  stm32f0xx_exti.o(.text)
    .text                                    0x0800428c   Section        0  stm32f0xx_syscfg.o(.text)
    .text                                    0x08004324   Section        0  stm32f0xx_iwdg.o(.text)
    .text                                    0x08004368   Section        0  stm32f0xx_rtc.o(.text)
    RTC_ByteToBcd2                           0x08004b93   Thumb Code    24  stm32f0xx_rtc.o(.text)
    RTC_Bcd2ToByte                           0x08004bab   Thumb Code    16  stm32f0xx_rtc.o(.text)
    .text                                    0x08004bc0   Section        0  rt_memcpy.o(.text)
    .text                                    0x08004c42   Section        0  aeabi_memset.o(.text)
    .text                                    0x08004c54   Section        0  rt_memclr.o(.text)
    .text                                    0x08004c94   Section      346  aeabi_sdiv.o(.text)
    .text                                    0x08004dee   Section        0  heapauxi.o(.text)
    .text                                    0x08004df4   Section       62  sys_stackheap_outer.o(.text)
    .text                                    0x08004e32   Section        0  exit.o(.text)
    .text                                    0x08004e44   Section        8  libspace.o(.text)
    .text                                    0x08004e4c   Section        0  sys_exit.o(.text)
    .text                                    0x08004e58   Section        2  use_no_semi.o(.text)
    .text                                    0x08004e5a   Section        0  indicate_semi.o(.text)
    i.__ARM_common_switch8                   0x08004e5a   Section        0  hardware.o(i.__ARM_common_switch8)
    .constdata                               0x08004e74   Section      436  main.o(.constdata)
    .data                                    0x20000000   Section       20  system_stm32f0xx.o(.data)
    .data                                    0x20000014   Section      104  comm_task.o(.data)
    PWM1_timing_flag                         0x20000014   Data           1  comm_task.o(.data)
    PWM2_timing_flag                         0x20000015   Data           1  comm_task.o(.data)
    PWM3_timing_flag                         0x20000016   Data           1  comm_task.o(.data)
    waitBeforeStart_timing_flag              0x20000017   Data           1  comm_task.o(.data)
    sPacketHeadFlag                          0x20000029   Data           1  comm_task.o(.data)
    sPacketLenFlag                           0x2000002a   Data           1  comm_task.o(.data)
    sCurPacketLen                            0x2000002b   Data           1  comm_task.o(.data)
    sResetByte                               0x2000002c   Data           1  comm_task.o(.data)
    b_timing_flag                            0x2000004c   Data           4  comm_task.o(.data)
    p_pwm_state                              0x20000064   Data           4  comm_task.o(.data)
    p_PWM_period_cnt                         0x20000068   Data           4  comm_task.o(.data)
    p_PWM_waitBetween_cnt                    0x2000006c   Data           4  comm_task.o(.data)
    p_PWM_waitAfter_cnt                      0x20000070   Data           4  comm_task.o(.data)
    p_PWM_numOfCycle                         0x20000074   Data           4  comm_task.o(.data)
    p_PWM_serial_cnt                         0x20000078   Data           4  comm_task.o(.data)
    .data                                    0x2000007c   Section        2  comm_task.o(.data)
    .data                                    0x2000007e   Section        6  key_led_task.o(.data)
    wakeup_Cnt                               0x20000083   Data           1  key_led_task.o(.data)
    .data                                    0x20000084   Section        8  honeywell_sampling_data.o(.data)
    .data                                    0x2000008c   Section        1  protocol_module.o(.data)
    .data                                    0x2000008e   Section        2  common.o(.data)
    .data                                    0x20000090   Section        4  delay.o(.data)
    fac_us                                   0x20000090   Data           1  delay.o(.data)
    fac_ms                                   0x20000092   Data           2  delay.o(.data)
    .data                                    0x20000094   Section        2  hardware.o(.data)
    .data                                    0x20000098   Section        8  rtc.o(.data)
    .data                                    0x200000a0   Section        8  os_core.o(.data)
    index                                    0x200000a4   Data           4  os_core.o(.data)
    .data                                    0x200000a8   Section       16  stm32f0xx_rcc.o(.data)
    APBAHBPrescTable                         0x200000a8   Data          16  stm32f0xx_rcc.o(.data)
    .bss                                     0x200000b8   Section     1339  comm_task.o(.bss)
    pwm1_buffer                              0x20000560   Data          49  comm_task.o(.bss)
    pwm2_buffer                              0x20000591   Data          49  comm_task.o(.bss)
    pwm3_buffer                              0x200005c2   Data          49  comm_task.o(.bss)
    .bss                                     0x200005f3   Section      248  comm_task.o(.bss)
    .bss                                     0x200006eb   Section      436  comm_task.o(.bss)
    .bss                                     0x200008a0   Section     2048  protocol_module.o(.bss)
    .bss                                     0x200010a0   Section      120  os_core.o(.bss)
    .bss                                     0x20001118   Section       96  libspace.o(.bss)
    HEAP                                     0x20001178   Section      512  startup_stm32f0xx.o(HEAP)
    Heap_Mem                                 0x20001178   Data         512  startup_stm32f0xx.o(HEAP)
    STACK                                    0x20001378   Section     1024  startup_stm32f0xx.o(STACK)
    Stack_Mem                                0x20001378   Data        1024  startup_stm32f0xx.o(STACK)
    __initial_sp                             0x20001778   Data           0  startup_stm32f0xx.o(STACK)

    Global Symbols

    Symbol Name                              Value     Ov Type        Size  Object(Section)

    BuildAttributes$$THM_ISAv3M$S$PE$A:L22$X:L11$S22$IEEE1$IW$USESV6$~STKCKD$USESV7$~SHL$OSPACE$ROPI$EBA8$UX$STANDARDLIB$REQ8$PRES8$EABIv2 0x00000000   Number         0  anon$$obj.o ABSOLUTE
    __ARM_use_no_argv                        0x00000000   Number         0  main.o ABSOLUTE
    __ARM_exceptions_init                     - Undefined Weak Reference
    __alloca_initialize                       - Undefined Weak Reference
    __arm_preinit_                            - Undefined Weak Reference
    __cpp_initialize__aeabi_                  - Undefined Weak Reference
    __cxa_finalize                            - Undefined Weak Reference
    __rt_locale                               - Undefined Weak Reference
    __sigvec_lookup                           - Undefined Weak Reference
    _atexit_init                              - Undefined Weak Reference
    _call_atexit_fns                          - Undefined Weak Reference
    _clock_init                               - Undefined Weak Reference
    _fp_trap_init                             - Undefined Weak Reference
    _fp_trap_shutdown                         - Undefined Weak Reference
    _get_lc_collate                           - Undefined Weak Reference
    _get_lc_ctype                             - Undefined Weak Reference
    _get_lc_monetary                          - Undefined Weak Reference
    _get_lc_numeric                           - Undefined Weak Reference
    _get_lc_time                              - Undefined Weak Reference
    _getenv_init                              - Undefined Weak Reference
    _handle_redirection                       - Undefined Weak Reference
    _init_alloc                               - Undefined Weak Reference
    _init_user_alloc                          - Undefined Weak Reference
    _initio                                   - Undefined Weak Reference
    _rand_init                                - Undefined Weak Reference
    _signal_finish                            - Undefined Weak Reference
    _signal_init                              - Undefined Weak Reference
    _terminate_alloc                          - Undefined Weak Reference
    _terminate_user_alloc                     - Undefined Weak Reference
    _terminateio                              - Undefined Weak Reference
    __Vectors_Size                           0x000000c0   Number         0  startup_stm32f0xx.o ABSOLUTE
    __Vectors                                0x08000000   Data           4  startup_stm32f0xx.o(RESET)
    __Vectors_End                            0x080000c0   Data           0  startup_stm32f0xx.o(RESET)
    __main                                   0x080000c1   Thumb Code     8  __main.o(!!!main)
    __scatterload                            0x080000c9   Thumb Code     0  __scatter.o(!!!scatter)
    __scatterload_rt2                        0x080000c9   Thumb Code    52  __scatter.o(!!!scatter)
    __scatterload_rt2_thumb_only             0x080000c9   Thumb Code     0  __scatter.o(!!!scatter)
    __scatterload_null                       0x080000d9   Thumb Code     0  __scatter.o(!!!scatter)
    __scatterload_copy                       0x08000105   Thumb Code    26  __scatter_copy.o(!!handler_copy)
    __scatterload_zeroinit                   0x08000121   Thumb Code    28  __scatter_zi.o(!!handler_zi)
    __rt_lib_init                            0x0800013d   Thumb Code     0  libinit.o(.ARM.Collect$$libinit$$00000000)
    __rt_lib_init_alloca_1                   0x0800013f   Thumb Code     0  libinit2.o(.ARM.Collect$$libinit$$0000002E)
    __rt_lib_init_argv_1                     0x0800013f   Thumb Code     0  libinit2.o(.ARM.Collect$$libinit$$0000002C)
    __rt_lib_init_atexit_1                   0x0800013f   Thumb Code     0  libinit2.o(.ARM.Collect$$libinit$$0000001B)
    __rt_lib_init_clock_1                    0x0800013f   Thumb Code     0  libinit2.o(.ARM.Collect$$libinit$$00000021)
    __rt_lib_init_cpp_1                      0x0800013f   Thumb Code     0  libinit2.o(.ARM.Collect$$libinit$$00000032)
    __rt_lib_init_exceptions_1               0x0800013f   Thumb Code     0  libinit2.o(.ARM.Collect$$libinit$$00000030)
    __rt_lib_init_fp_1                       0x0800013f   Thumb Code     0  libinit2.o(.ARM.Collect$$libinit$$00000002)
    __rt_lib_init_fp_trap_1                  0x0800013f   Thumb Code     0  libinit2.o(.ARM.Collect$$libinit$$0000001F)
    __rt_lib_init_getenv_1                   0x0800013f   Thumb Code     0  libinit2.o(.ARM.Collect$$libinit$$00000023)
    __rt_lib_init_heap_1                     0x0800013f   Thumb Code     0  libinit2.o(.ARM.Collect$$libinit$$0000000A)
    __rt_lib_init_lc_collate_1               0x0800013f   Thumb Code     0  libinit2.o(.ARM.Collect$$libinit$$00000011)
    __rt_lib_init_lc_ctype_1                 0x0800013f   Thumb Code     0  libinit2.o(.ARM.Collect$$libinit$$00000013)
    __rt_lib_init_lc_monetary_1              0x0800013f   Thumb Code     0  libinit2.o(.ARM.Collect$$libinit$$00000015)
    __rt_lib_init_lc_numeric_1               0x0800013f   Thumb Code     0  libinit2.o(.ARM.Collect$$libinit$$00000017)
    __rt_lib_init_lc_time_1                  0x0800013f   Thumb Code     0  libinit2.o(.ARM.Collect$$libinit$$00000019)
    __rt_lib_init_preinit_1                  0x0800013f   Thumb Code     0  libinit2.o(.ARM.Collect$$libinit$$00000004)
    __rt_lib_init_rand_1                     0x0800013f   Thumb Code     0  libinit2.o(.ARM.Collect$$libinit$$0000000E)
    __rt_lib_init_return                     0x0800013f   Thumb Code     0  libinit2.o(.ARM.Collect$$libinit$$00000033)
    __rt_lib_init_signal_1                   0x0800013f   Thumb Code     0  libinit2.o(.ARM.Collect$$libinit$$0000001D)
    __rt_lib_init_stdio_1                    0x0800013f   Thumb Code     0  libinit2.o(.ARM.Collect$$libinit$$00000025)
    __rt_lib_init_user_alloc_1               0x0800013f   Thumb Code     0  libinit2.o(.ARM.Collect$$libinit$$0000000C)
    __rt_lib_shutdown                        0x08000141   Thumb Code     0  libshutdown.o(.ARM.Collect$$libshutdown$$00000000)
    __rt_lib_shutdown_cpp_1                  0x08000143   Thumb Code     0  libshutdown2.o(.ARM.Collect$$libshutdown$$00000002)
    __rt_lib_shutdown_fp_trap_1              0x08000143   Thumb Code     0  libshutdown2.o(.ARM.Collect$$libshutdown$$00000007)
    __rt_lib_shutdown_heap_1                 0x08000143   Thumb Code     0  libshutdown2.o(.ARM.Collect$$libshutdown$$0000000F)
    __rt_lib_shutdown_return                 0x08000143   Thumb Code     0  libshutdown2.o(.ARM.Collect$$libshutdown$$00000010)
    __rt_lib_shutdown_signal_1               0x08000143   Thumb Code     0  libshutdown2.o(.ARM.Collect$$libshutdown$$0000000A)
    __rt_lib_shutdown_stdio_1                0x08000143   Thumb Code     0  libshutdown2.o(.ARM.Collect$$libshutdown$$00000004)
    __rt_lib_shutdown_user_alloc_1           0x08000143   Thumb Code     0  libshutdown2.o(.ARM.Collect$$libshutdown$$0000000C)
    __rt_entry                               0x08000145   Thumb Code     0  __rtentry.o(.ARM.Collect$$rtentry$$00000000)
    __rt_entry_presh_1                       0x08000145   Thumb Code     0  __rtentry2.o(.ARM.Collect$$rtentry$$00000002)
    __rt_entry_sh                            0x08000145   Thumb Code     0  __rtentry4.o(.ARM.Collect$$rtentry$$00000004)
    __rt_entry_li                            0x0800014b   Thumb Code     0  __rtentry2.o(.ARM.Collect$$rtentry$$0000000A)
    __rt_entry_postsh_1                      0x0800014b   Thumb Code     0  __rtentry2.o(.ARM.Collect$$rtentry$$00000009)
    __rt_entry_main                          0x0800014f   Thumb Code     0  __rtentry2.o(.ARM.Collect$$rtentry$$0000000D)
    __rt_entry_postli_1                      0x0800014f   Thumb Code     0  __rtentry2.o(.ARM.Collect$$rtentry$$0000000C)
    __rt_exit                                0x08000157   Thumb Code     0  rtexit.o(.ARM.Collect$$rtexit$$00000000)
    __rt_exit_ls                             0x08000159   Thumb Code     0  rtexit2.o(.ARM.Collect$$rtexit$$00000003)
    __rt_exit_prels_1                        0x08000159   Thumb Code     0  rtexit2.o(.ARM.Collect$$rtexit$$00000002)
    __rt_exit_exit                           0x0800015d   Thumb Code     0  rtexit2.o(.ARM.Collect$$rtexit$$00000004)
    __aeabi_memcpy4                          0x08000165   Thumb Code    56  rt_memcpy.o(.emb_text)
    __aeabi_memcpy8                          0x08000165   Thumb Code     0  rt_memcpy.o(.emb_text)
    main                                     0x0800019d   Thumb Code    36  main.o(.text)
    NMI_Handler                              0x080001c5   Thumb Code     2  stm32f0xx_it.o(.text)
    HardFault_Handler                        0x080001c7   Thumb Code     2  stm32f0xx_it.o(.text)
    SVC_Handler                              0x080001c9   Thumb Code     2  stm32f0xx_it.o(.text)
    PendSV_Handler                           0x080001cb   Thumb Code     2  stm32f0xx_it.o(.text)
    SysTick_Handler                          0x080001cd   Thumb Code     2  stm32f0xx_it.o(.text)
    TIM16_IRQHandler                         0x080001cf   Thumb Code    30  stm32f0xx_it.o(.text)
    SystemInit                               0x080001f1   Thumb Code    84  system_stm32f0xx.o(.text)
    SystemCoreClockUpdate                    0x08000245   Thumb Code    90  system_stm32f0xx.o(.text)
    Init_iWtdg                               0x0800032d   Thumb Code    34  iwtdg.o(.text)
    IWDG_Feed                                0x0800034f   Thumb Code     8  iwtdg.o(.text)
    init_task                                0x0800035d   Thumb Code   114  app.o(.text)
    test_task                                0x080003cf   Thumb Code    12  app.o(.text)
    init_PWMState                            0x08000405   Thumb Code    54  comm_task.o(.text)
    CalcCheckSum                             0x0800043b   Thumb Code    34  comm_task.o(.text)
    TaskDataSend                             0x0800051f   Thumb Code    64  comm_task.o(.text)
    Is_timing_Xmillisec                      0x0800055f   Thumb Code   122  comm_task.o(.text)
    bat_check                                0x080005d9   Thumb Code   338  comm_task.o(.text)
    get_switch_mode                          0x0800072b   Thumb Code   242  comm_task.o(.text)
    PaintPWM                                 0x0800081d   Thumb Code   456  comm_task.o(.text)
    ResetParameter                           0x080009e5   Thumb Code    32  comm_task.o(.text)
    CheckFlashData                           0x08000a05   Thumb Code    88  comm_task.o(.text)
    FillUpPWMbuffer                          0x08000a5d   Thumb Code    52  comm_task.o(.text)
    get_pressure_sensor_rate                 0x08000a91   Thumb Code    42  comm_task.o(.text)
    check_selectedMode_ouputPWM              0x08000abb   Thumb Code   646  comm_task.o(.text)
    CMD_ProcessTask                          0x08000d41   Thumb Code    30  comm_task.o(.text)
    CfgPA0ASWFI                              0x08000d71   Thumb Code   102  key_led_task.o(.text)
    Check_wakeUpKey_pressed                  0x08000dd7   Thumb Code    44  key_led_task.o(.text)
    EXTI0_1_IRQHandler                       0x08000e03   Thumb Code    30  key_led_task.o(.text)
    init_system_afterWakeUp                  0x08000e21   Thumb Code    34  key_led_task.o(.text)
    CfgALLPins4StopMode                      0x08000e43   Thumb Code   358  key_led_task.o(.text)
    init_global_variant                      0x08000fa9   Thumb Code    64  key_led_task.o(.text)
    EnterStopMode                            0x08000fe9   Thumb Code    36  key_led_task.o(.text)
    Check_Bat                                0x0800100d   Thumb Code    44  key_led_task.o(.text)
    key_led_task                             0x08001039   Thumb Code   152  key_led_task.o(.text)
    trans_xmmHg_2_adc_value                  0x08001141   Thumb Code    32  honeywell_sampling_data.o(.text)
    honeywell_sampling_data                  0x08001161   Thumb Code    72  honeywell_sampling_data.o(.text)
    protocol_module_send_train_data_check_sum 0x080011b5   Thumb Code    58  protocol_module.o(.text)
    get_comm_para_to_buf                     0x080011ef   Thumb Code    48  protocol_module.o(.text)
    FlashWrite                               0x0800121f   Thumb Code    80  protocol_module.o(.text)
    get_parameter_to_buf_by_frameId          0x0800126f   Thumb Code   458  protocol_module.o(.text)
    send_para_rcv_result                     0x08001439   Thumb Code    48  protocol_module.o(.text)
    FlashReadWord                            0x08001469   Thumb Code     4  protocol_module.o(.text)
    FlashRead                                0x0800146d   Thumb Code    26  protocol_module.o(.text)
    send_prameter_fram1_to_PC                0x08001487   Thumb Code   118  protocol_module.o(.text)
    send_prameter_fram2_to_PC                0x080014fd   Thumb Code    76  protocol_module.o(.text)
    FlashReadByte                            0x08001549   Thumb Code     4  protocol_module.o(.text)
    abs_                                     0x0800154d   Thumb Code    14  protocol_module.o(.text)
    cal_pressure_rate                        0x0800155b   Thumb Code    64  protocol_module.o(.text)
    FlashWriteUIntBuffer                     0x0800159b   Thumb Code    82  protocol_module.o(.text)
    reset_dateTime                           0x080015ed   Thumb Code    58  protocol_module.o(.text)
    Init_RecordPage                          0x08001627   Thumb Code    60  protocol_module.o(.text)
    record_dateTime                          0x08001663   Thumb Code   166  protocol_module.o(.text)
    get_rtc_record_number                    0x08001709   Thumb Code    24  protocol_module.o(.text)
    send_RTC_SYN_finish                      0x08001721   Thumb Code    42  protocol_module.o(.text)
    send_RTC_record_numbers                  0x0800174b   Thumb Code    60  protocol_module.o(.text)
    get_page_num                             0x08001787   Thumb Code    18  protocol_module.o(.text)
    send_one_frame_data                      0x08001799   Thumb Code    90  protocol_module.o(.text)
    send_rtc_info                            0x080017f3   Thumb Code   226  protocol_module.o(.text)
    getFrameNo                               0x080018d5   Thumb Code    16  protocol_module.o(.text)
    protocol_module_process                  0x080018e5   Thumb Code   152  protocol_module.o(.text)
    Delay                                    0x08001991   Thumb Code    10  common.o(.text)
    Delay_us                                 0x0800199b   Thumb Code     8  common.o(.text)
    Delay_ms                                 0x080019a3   Thumb Code    10  common.o(.text)
    delay_init                               0x080019b1   Thumb Code    36  delay.o(.text)
    delay_us                                 0x080019d5   Thumb Code    46  delay.o(.text)
    delay_ms                                 0x08001a03   Thumb Code    46  delay.o(.text)
    fifoInit                                 0x08001a41   Thumb Code    14  fifo.o(.text)
    fifoReset                                0x08001a4f   Thumb Code    10  fifo.o(.text)
    fifoIsFull                               0x08001a59   Thumb Code    16  fifo.o(.text)
    fifoCnt                                  0x08001a69   Thumb Code     4  fifo.o(.text)
    fifoWriteData                            0x08001a6d   Thumb Code    64  fifo.o(.text)
    fifoReadData                             0x08001aad   Thumb Code    58  fifo.o(.text)
    Init_Receive                             0x08001ae7   Thumb Code    14  cmd_receive.o(.text)
    Buf2Write                                0x08001af5   Thumb Code    20  cmd_receive.o(.text)
    Buf2Read                                 0x08001b09   Thumb Code    20  cmd_receive.o(.text)
    GetBuf2Length                            0x08001b1d   Thumb Code    14  cmd_receive.o(.text)
    ReceiveData                              0x08001b2b   Thumb Code    78  cmd_receive.o(.text)
    UARTInit                                 0x08001b79   Thumb Code   242  serial_port.o(.text)
    UartSendNBytes                           0x08001c6b   Thumb Code    24  serial_port.o(.text)
    GetUartReceiverResidualCnt               0x08001c83   Thumb Code    12  serial_port.o(.text)
    I2C_uConfiguration                       0x08001c99   Thumb Code    40  i2c.o(.text)
    I2C_SDA_OUT                              0x08001cc1   Thumb Code    34  i2c.o(.text)
    I2C_SDA_IN                               0x08001ce3   Thumb Code    34  i2c.o(.text)
    I2C_Start                                0x08001d05   Thumb Code    40  i2c.o(.text)
    I2C_Stop                                 0x08001d2d   Thumb Code    34  i2c.o(.text)
    I2C_SendAck                              0x08001d4f   Thumb Code    38  i2c.o(.text)
    I2C_SendNak                              0x08001d75   Thumb Code    38  i2c.o(.text)
    I2C_RecAck                               0x08001d9b   Thumb Code    68  i2c.o(.text)
    I2C_SendByte                             0x08001ddf   Thumb Code    66  i2c.o(.text)
    I2C_RecByte                              0x08001e21   Thumb Code    60  i2c.o(.text)
    Init_honeywell_sensor                    0x08001e5d   Thumb Code    56  i2c.o(.text)
    Is_honeywell_free                        0x08001e95   Thumb Code    42  i2c.o(.text)
    honeywell_readByte                       0x08001ebf   Thumb Code    68  i2c.o(.text)
    init_tim                                 0x08001f0d   Thumb Code    94  hardware.o(.text)
    Init_PWRSAVE                             0x08001f6b   Thumb Code    42  hardware.o(.text)
    Init_KEY_WAKEUP                          0x08001f95   Thumb Code    22  hardware.o(.text)
    set_led                                  0x08001fab   Thumb Code   104  hardware.o(.text)
    show_mode_LED                            0x08002013   Thumb Code    88  hardware.o(.text)
    Init_LED                                 0x0800206b   Thumb Code    88  hardware.o(.text)
    Init_PWR_SAVE                            0x080020c3   Thumb Code    42  hardware.o(.text)
    Init_KEY_MODE                            0x080020ed   Thumb Code    32  hardware.o(.text)
    Init_ADC1                                0x0800210d   Thumb Code   214  hardware.o(.text)
    init_hardware                            0x080021e3   Thumb Code    34  hardware.o(.text)
    get_key_status                           0x08002205   Thumb Code    14  hardware.o(.text)
    save_one_page_to_flash                   0x08002213   Thumb Code     4  hardware.o(.text)
    read_one_page_from_flash                 0x08002217   Thumb Code     2  hardware.o(.text)
    save_half_word_to_flash                  0x08002219   Thumb Code     4  hardware.o(.text)
    read_half_word_from_flash                0x0800221d   Thumb Code     2  hardware.o(.text)
    save_half_word_buf_to_eeprom             0x0800221f   Thumb Code     4  hardware.o(.text)
    read_half_word_buf_from_eeprom           0x08002223   Thumb Code     2  hardware.o(.text)
    Key_WakeUp_Init                          0x08002225   Thumb Code    30  hardware.o(.text)
    Motor_PWM_Init                           0x08002265   Thumb Code    82  motor_pwm.o(.text)
    Motor_PWM_Freq_Dudy_Set                  0x080022b7   Thumb Code   126  motor_pwm.o(.text)
    Get_DataTime                             0x080023e9   Thumb Code    20  rtc.o(.text)
    chage_to_RCT_month                       0x080023fd   Thumb Code    24  rtc.o(.text)
    RTC_Config                               0x08002415   Thumb Code    62  rtc.o(.text)
    Set_RTC                                  0x08002453   Thumb Code   158  rtc.o(.text)
    os_start                                 0x080024f5   Thumb Code    54  os_core.o(.text)
    os_create_task                           0x0800252b   Thumb Code    26  os_core.o(.text)
    os_resume_task                           0x08002545   Thumb Code    18  os_core.o(.text)
    os_pend_task                             0x08002557   Thumb Code    18  os_core.o(.text)
    os_delay_ms                              0x08002569   Thumb Code    38  os_core.o(.text)
    os_isr_ticks                             0x0800258f   Thumb Code    10  os_core.o(.text)
    os_init                                  0x08002599   Thumb Code     8  os_core.o(.text)
    Reset_Handler                            0x080025a9   Thumb Code     8  startup_stm32f0xx.o(.text)
    ADC1_COMP_IRQHandler                     0x080025bb   Thumb Code     0  startup_stm32f0xx.o(.text)
    CEC_IRQHandler                           0x080025bb   Thumb Code     0  startup_stm32f0xx.o(.text)
    DMA1_Channel1_IRQHandler                 0x080025bb   Thumb Code     0  startup_stm32f0xx.o(.text)
    DMA1_Channel2_3_IRQHandler               0x080025bb   Thumb Code     0  startup_stm32f0xx.o(.text)
    DMA1_Channel4_5_IRQHandler               0x080025bb   Thumb Code     0  startup_stm32f0xx.o(.text)
    EXTI2_3_IRQHandler                       0x080025bb   Thumb Code     0  startup_stm32f0xx.o(.text)
    EXTI4_15_IRQHandler                      0x080025bb   Thumb Code     0  startup_stm32f0xx.o(.text)
    FLASH_IRQHandler                         0x080025bb   Thumb Code     0  startup_stm32f0xx.o(.text)
    I2C1_IRQHandler                          0x080025bb   Thumb Code     0  startup_stm32f0xx.o(.text)
    I2C2_IRQHandler                          0x080025bb   Thumb Code     0  startup_stm32f0xx.o(.text)
    PVD_IRQHandler                           0x080025bb   Thumb Code     0  startup_stm32f0xx.o(.text)
    RCC_IRQHandler                           0x080025bb   Thumb Code     0  startup_stm32f0xx.o(.text)
    RTC_IRQHandler                           0x080025bb   Thumb Code     0  startup_stm32f0xx.o(.text)
    SPI1_IRQHandler                          0x080025bb   Thumb Code     0  startup_stm32f0xx.o(.text)
    SPI2_IRQHandler                          0x080025bb   Thumb Code     0  startup_stm32f0xx.o(.text)
    TIM14_IRQHandler                         0x080025bb   Thumb Code     0  startup_stm32f0xx.o(.text)
    TIM15_IRQHandler                         0x080025bb   Thumb Code     0  startup_stm32f0xx.o(.text)
    TIM17_IRQHandler                         0x080025bb   Thumb Code     0  startup_stm32f0xx.o(.text)
    TIM1_BRK_UP_TRG_COM_IRQHandler           0x080025bb   Thumb Code     0  startup_stm32f0xx.o(.text)
    TIM1_CC_IRQHandler                       0x080025bb   Thumb Code     0  startup_stm32f0xx.o(.text)
    TIM2_IRQHandler                          0x080025bb   Thumb Code     0  startup_stm32f0xx.o(.text)
    TIM3_IRQHandler                          0x080025bb   Thumb Code     0  startup_stm32f0xx.o(.text)
    TIM6_DAC_IRQHandler                      0x080025bb   Thumb Code     0  startup_stm32f0xx.o(.text)
    TS_IRQHandler                            0x080025bb   Thumb Code     0  startup_stm32f0xx.o(.text)
    USART1_IRQHandler                        0x080025bb   Thumb Code     0  startup_stm32f0xx.o(.text)
    USART2_IRQHandler                        0x080025bb   Thumb Code     0  startup_stm32f0xx.o(.text)
    WWDG_IRQHandler                          0x080025bb   Thumb Code     0  startup_stm32f0xx.o(.text)
    __user_initial_stackheap                 0x080025bd   Thumb Code     0  startup_stm32f0xx.o(.text)
    GPIO_DeInit                              0x080025e1   Thumb Code    78  stm32f0xx_gpio.o(.text)
    GPIO_Init                                0x0800262f   Thumb Code   112  stm32f0xx_gpio.o(.text)
    GPIO_StructInit                          0x0800269f   Thumb Code    18  stm32f0xx_gpio.o(.text)
    GPIO_PinLockConfig                       0x080026b1   Thumb Code    26  stm32f0xx_gpio.o(.text)
    GPIO_ReadInputDataBit                    0x080026cb   Thumb Code    14  stm32f0xx_gpio.o(.text)
    GPIO_ReadInputData                       0x080026d9   Thumb Code     4  stm32f0xx_gpio.o(.text)
    GPIO_ReadOutputDataBit                   0x080026dd   Thumb Code    14  stm32f0xx_gpio.o(.text)
    GPIO_ReadOutputData                      0x080026eb   Thumb Code     4  stm32f0xx_gpio.o(.text)
    GPIO_SetBits                             0x080026ef   Thumb Code     4  stm32f0xx_gpio.o(.text)
    GPIO_ResetBits                           0x080026f3   Thumb Code     4  stm32f0xx_gpio.o(.text)
    GPIO_WriteBit                            0x080026f7   Thumb Code    12  stm32f0xx_gpio.o(.text)
    GPIO_Write                               0x08002703   Thumb Code     4  stm32f0xx_gpio.o(.text)
    GPIO_PinAFConfig                         0x08002707   Thumb Code    32  stm32f0xx_gpio.o(.text)
    RCC_DeInit                               0x0800273d   Thumb Code    78  stm32f0xx_rcc.o(.text)
    RCC_HSEConfig                            0x0800278b   Thumb Code    10  stm32f0xx_rcc.o(.text)
    RCC_GetFlagStatus                        0x08002795   Thumb Code    48  stm32f0xx_rcc.o(.text)
    RCC_WaitForHSEStartUp                    0x080027c5   Thumb Code    44  stm32f0xx_rcc.o(.text)
    RCC_AdjustHSICalibrationValue            0x080027f1   Thumb Code    16  stm32f0xx_rcc.o(.text)
    RCC_HSICmd                               0x08002801   Thumb Code    22  stm32f0xx_rcc.o(.text)
    RCC_AdjustHSI14CalibrationValue          0x08002817   Thumb Code    16  stm32f0xx_rcc.o(.text)
    RCC_HSI14Cmd                             0x08002827   Thumb Code    22  stm32f0xx_rcc.o(.text)
    RCC_HSI14ADCRequestCmd                   0x0800283d   Thumb Code    20  stm32f0xx_rcc.o(.text)
    RCC_LSEConfig                            0x08002851   Thumb Code    26  stm32f0xx_rcc.o(.text)
    RCC_LSEDriveConfig                       0x0800286b   Thumb Code    18  stm32f0xx_rcc.o(.text)
    RCC_LSICmd                               0x0800287d   Thumb Code    22  stm32f0xx_rcc.o(.text)
    RCC_PLLConfig                            0x08002893   Thumb Code    24  stm32f0xx_rcc.o(.text)
    RCC_PLLCmd                               0x080028ab   Thumb Code    22  stm32f0xx_rcc.o(.text)
    RCC_PREDIV1Config                        0x080028c1   Thumb Code    14  stm32f0xx_rcc.o(.text)
    RCC_ClockSecuritySystemCmd               0x080028cf   Thumb Code    22  stm32f0xx_rcc.o(.text)
    RCC_MCOConfig                            0x080028e5   Thumb Code     6  stm32f0xx_rcc.o(.text)
    RCC_SYSCLKConfig                         0x080028eb   Thumb Code    14  stm32f0xx_rcc.o(.text)
    RCC_GetSYSCLKSource                      0x080028f9   Thumb Code    10  stm32f0xx_rcc.o(.text)
    RCC_HCLKConfig                           0x08002903   Thumb Code    14  stm32f0xx_rcc.o(.text)
    RCC_PCLKConfig                           0x08002911   Thumb Code    16  stm32f0xx_rcc.o(.text)
    RCC_ADCCLKConfig                         0x08002921   Thumb Code    38  stm32f0xx_rcc.o(.text)
    RCC_CECCLKConfig                         0x08002947   Thumb Code    18  stm32f0xx_rcc.o(.text)
    RCC_I2CCLKConfig                         0x08002959   Thumb Code    18  stm32f0xx_rcc.o(.text)
    RCC_USARTCLKConfig                       0x0800296b   Thumb Code    18  stm32f0xx_rcc.o(.text)
    RCC_GetClocksFreq                        0x0800297d   Thumb Code   208  stm32f0xx_rcc.o(.text)
    RCC_RTCCLKConfig                         0x08002a4d   Thumb Code    10  stm32f0xx_rcc.o(.text)
    RCC_RTCCLKCmd                            0x08002a57   Thumb Code    20  stm32f0xx_rcc.o(.text)
    RCC_BackupResetCmd                       0x08002a6b   Thumb Code    22  stm32f0xx_rcc.o(.text)
    RCC_AHBPeriphClockCmd                    0x08002a81   Thumb Code    18  stm32f0xx_rcc.o(.text)
    RCC_APB2PeriphClockCmd                   0x08002a93   Thumb Code    18  stm32f0xx_rcc.o(.text)
    RCC_APB1PeriphClockCmd                   0x08002aa5   Thumb Code    18  stm32f0xx_rcc.o(.text)
    RCC_AHBPeriphResetCmd                    0x08002ab7   Thumb Code    18  stm32f0xx_rcc.o(.text)
    RCC_APB2PeriphResetCmd                   0x08002ac9   Thumb Code    18  stm32f0xx_rcc.o(.text)
    RCC_APB1PeriphResetCmd                   0x08002adb   Thumb Code    18  stm32f0xx_rcc.o(.text)
    RCC_ITConfig                             0x08002aed   Thumb Code    18  stm32f0xx_rcc.o(.text)
    RCC_ClearFlag                            0x08002aff   Thumb Code    14  stm32f0xx_rcc.o(.text)
    RCC_GetITStatus                          0x08002b0d   Thumb Code    48  stm32f0xx_rcc.o(.text)
    RCC_ClearITPendingBit                    0x08002b3d   Thumb Code     6  stm32f0xx_rcc.o(.text)
    NVIC_Init                                0x08002b49   Thumb Code    70  stm32f0xx_misc.o(.text)
    NVIC_SystemLPConfig                      0x08002b8f   Thumb Code    18  stm32f0xx_misc.o(.text)
    SysTick_CLKSourceConfig                  0x08002ba1   Thumb Code    20  stm32f0xx_misc.o(.text)
    USART_DeInit                             0x08002bc5   Thumb Code    54  stm32f0xx_usart.o(.text)
    USART_Init                               0x08002bfb   Thumb Code   166  stm32f0xx_usart.o(.text)
    USART_StructInit                         0x08002ca1   Thumb Code    22  stm32f0xx_usart.o(.text)
    USART_ClockInit                          0x08002cb7   Thumb Code    28  stm32f0xx_usart.o(.text)
    USART_ClockStructInit                    0x08002cd3   Thumb Code    12  stm32f0xx_usart.o(.text)
    USART_Cmd                                0x08002cdf   Thumb Code    20  stm32f0xx_usart.o(.text)
    USART_DirectionModeCmd                   0x08002cf3   Thumb Code    16  stm32f0xx_usart.o(.text)
    USART_OverSampling8Cmd                   0x08002d03   Thumb Code    20  stm32f0xx_usart.o(.text)
    USART_OneBitMethodCmd                    0x08002d17   Thumb Code    20  stm32f0xx_usart.o(.text)
    USART_MSBFirstCmd                        0x08002d2b   Thumb Code    20  stm32f0xx_usart.o(.text)
    USART_DataInvCmd                         0x08002d3f   Thumb Code    20  stm32f0xx_usart.o(.text)
    USART_InvPinCmd                          0x08002d53   Thumb Code    16  stm32f0xx_usart.o(.text)
    USART_SWAPPinCmd                         0x08002d63   Thumb Code    20  stm32f0xx_usart.o(.text)
    USART_ReceiverTimeOutCmd                 0x08002d77   Thumb Code    20  stm32f0xx_usart.o(.text)
    USART_SetReceiverTimeOut                 0x08002d8b   Thumb Code    16  stm32f0xx_usart.o(.text)
    USART_SetPrescaler                       0x08002d9b   Thumb Code    16  stm32f0xx_usart.o(.text)
    USART_STOPModeCmd                        0x08002dab   Thumb Code    18  stm32f0xx_usart.o(.text)
    USART_StopModeWakeUpSourceConfig         0x08002dbd   Thumb Code    18  stm32f0xx_usart.o(.text)
    USART_AutoBaudRateCmd                    0x08002dcf   Thumb Code    20  stm32f0xx_usart.o(.text)
    USART_AutoBaudRateConfig                 0x08002de3   Thumb Code    18  stm32f0xx_usart.o(.text)
    USART_AutoBaudRateNewRequest             0x08002df5   Thumb Code    12  stm32f0xx_usart.o(.text)
    USART_SendData                           0x08002e01   Thumb Code     8  stm32f0xx_usart.o(.text)
    USART_ReceiveData                        0x08002e09   Thumb Code     8  stm32f0xx_usart.o(.text)
    USART_SetAddress                         0x08002e11   Thumb Code    18  stm32f0xx_usart.o(.text)
    USART_MuteModeCmd                        0x08002e23   Thumb Code    20  stm32f0xx_usart.o(.text)
    USART_MuteModeWakeUpConfig               0x08002e37   Thumb Code    18  stm32f0xx_usart.o(.text)
    USART_AddressDetectionConfig             0x08002e49   Thumb Code    16  stm32f0xx_usart.o(.text)
    USART_LINBreakDetectLengthConfig         0x08002e59   Thumb Code    16  stm32f0xx_usart.o(.text)
    USART_LINCmd                             0x08002e69   Thumb Code    20  stm32f0xx_usart.o(.text)
    USART_HalfDuplexCmd                      0x08002e7d   Thumb Code    18  stm32f0xx_usart.o(.text)
    USART_SetGuardTime                       0x08002e8f   Thumb Code    16  stm32f0xx_usart.o(.text)
    USART_SmartCardCmd                       0x08002e9f   Thumb Code    18  stm32f0xx_usart.o(.text)
    USART_SmartCardNACKCmd                   0x08002eb1   Thumb Code    18  stm32f0xx_usart.o(.text)
    USART_SetAutoRetryCount                  0x08002ec3   Thumb Code    20  stm32f0xx_usart.o(.text)
    USART_SetBlockLength                     0x08002ed7   Thumb Code    18  stm32f0xx_usart.o(.text)
    USART_IrDAConfig                         0x08002ee9   Thumb Code    16  stm32f0xx_usart.o(.text)
    USART_IrDACmd                            0x08002ef9   Thumb Code    18  stm32f0xx_usart.o(.text)
    USART_DECmd                              0x08002f0b   Thumb Code    20  stm32f0xx_usart.o(.text)
    USART_DEPolarityConfig                   0x08002f1f   Thumb Code    18  stm32f0xx_usart.o(.text)
    USART_SetDEAssertionTime                 0x08002f31   Thumb Code    20  stm32f0xx_usart.o(.text)
    USART_SetDEDeassertionTime               0x08002f45   Thumb Code    20  stm32f0xx_usart.o(.text)
    USART_DMACmd                             0x08002f59   Thumb Code    16  stm32f0xx_usart.o(.text)
    USART_DMAReceptionErrorConfig            0x08002f69   Thumb Code    18  stm32f0xx_usart.o(.text)
    USART_ITConfig                           0x08002f7b   Thumb Code    54  stm32f0xx_usart.o(.text)
    USART_RequestCmd                         0x08002fb1   Thumb Code    16  stm32f0xx_usart.o(.text)
    USART_OverrunDetectionConfig             0x08002fc1   Thumb Code    18  stm32f0xx_usart.o(.text)
    USART_GetFlagStatus                      0x08002fd3   Thumb Code    14  stm32f0xx_usart.o(.text)
    USART_ClearFlag                          0x08002fe1   Thumb Code     4  stm32f0xx_usart.o(.text)
    USART_GetITStatus                        0x08002fe5   Thumb Code    56  stm32f0xx_usart.o(.text)
    USART_ClearITPendingBit                  0x0800301d   Thumb Code    10  stm32f0xx_usart.o(.text)
    TIM_DeInit                               0x08003029   Thumb Code   152  stm32f0xx_tim.o(.text)
    TIM_TimeBaseInit                         0x080030c1   Thumb Code    88  stm32f0xx_tim.o(.text)
    TIM_TimeBaseStructInit                   0x08003119   Thumb Code    18  stm32f0xx_tim.o(.text)
    TIM_PrescalerConfig                      0x0800312b   Thumb Code     6  stm32f0xx_tim.o(.text)
    TIM_CounterModeConfig                    0x08003131   Thumb Code    12  stm32f0xx_tim.o(.text)
    TIM_SetCounter                           0x0800313d   Thumb Code     4  stm32f0xx_tim.o(.text)
    TIM_SetAutoreload                        0x08003141   Thumb Code     4  stm32f0xx_tim.o(.text)
    TIM_GetCounter                           0x08003145   Thumb Code     4  stm32f0xx_tim.o(.text)
    TIM_GetPrescaler                         0x08003149   Thumb Code     4  stm32f0xx_tim.o(.text)
    TIM_UpdateDisableConfig                  0x0800314d   Thumb Code    18  stm32f0xx_tim.o(.text)
    TIM_UpdateRequestConfig                  0x0800315f   Thumb Code    18  stm32f0xx_tim.o(.text)
    TIM_ARRPreloadConfig                     0x08003171   Thumb Code    18  stm32f0xx_tim.o(.text)
    TIM_SelectOnePulseMode                   0x08003183   Thumb Code    16  stm32f0xx_tim.o(.text)
    TIM_SetClockDivision                     0x08003193   Thumb Code    16  stm32f0xx_tim.o(.text)
    TIM_Cmd                                  0x080031a3   Thumb Code    20  stm32f0xx_tim.o(.text)
    TIM_BDTRConfig                           0x080031b7   Thumb Code    34  stm32f0xx_tim.o(.text)
    TIM_BDTRStructInit                       0x080031d9   Thumb Code    18  stm32f0xx_tim.o(.text)
    TIM_CtrlPWMOutputs                       0x080031eb   Thumb Code    24  stm32f0xx_tim.o(.text)
    TIM_OC1Init                              0x08003203   Thumb Code   104  stm32f0xx_tim.o(.text)
    TIM_OC2Init                              0x0800326b   Thumb Code   110  stm32f0xx_tim.o(.text)
    TIM_OC3Init                              0x080032d9   Thumb Code   110  stm32f0xx_tim.o(.text)
    TIM_OC4Init                              0x08003347   Thumb Code    78  stm32f0xx_tim.o(.text)
    TIM_OCStructInit                         0x08003395   Thumb Code    20  stm32f0xx_tim.o(.text)
    TIM_SelectOCxM                           0x080033a9   Thumb Code    70  stm32f0xx_tim.o(.text)
    TIM_SetCompare1                          0x080033ef   Thumb Code     4  stm32f0xx_tim.o(.text)
    TIM_SetCompare2                          0x080033f3   Thumb Code     4  stm32f0xx_tim.o(.text)
    TIM_SetCompare3                          0x080033f7   Thumb Code     4  stm32f0xx_tim.o(.text)
    TIM_SetCompare4                          0x080033fb   Thumb Code     4  stm32f0xx_tim.o(.text)
    TIM_ForcedOC1Config                      0x080033ff   Thumb Code    86  stm32f0xx_tim.o(.text)
    TIM_ForcedOC2Config                      0x08003455   Thumb Code    14  stm32f0xx_tim.o(.text)
    TIM_ForcedOC3Config                      0x08003463   Thumb Code    12  stm32f0xx_tim.o(.text)
    TIM_ForcedOC4Config                      0x0800346f   Thumb Code    14  stm32f0xx_tim.o(.text)
    TIM_CCPreloadControl                     0x0800347d   Thumb Code    20  stm32f0xx_tim.o(.text)
    TIM_OC1PreloadConfig                     0x08003491   Thumb Code    12  stm32f0xx_tim.o(.text)
    TIM_OC2PreloadConfig                     0x0800349d   Thumb Code    14  stm32f0xx_tim.o(.text)
    TIM_OC3PreloadConfig                     0x080034ab   Thumb Code    12  stm32f0xx_tim.o(.text)
    TIM_OC4PreloadConfig                     0x080034b7   Thumb Code    14  stm32f0xx_tim.o(.text)
    TIM_OC1FastConfig                        0x080034c5   Thumb Code    12  stm32f0xx_tim.o(.text)
    TIM_OC2FastConfig                        0x080034d1   Thumb Code    14  stm32f0xx_tim.o(.text)
    TIM_OC3FastConfig                        0x080034df   Thumb Code    12  stm32f0xx_tim.o(.text)
    TIM_OC4FastConfig                        0x080034eb   Thumb Code    14  stm32f0xx_tim.o(.text)
    TIM_ClearOC1Ref                          0x080034f9   Thumb Code    12  stm32f0xx_tim.o(.text)
    TIM_ClearOC2Ref                          0x08003505   Thumb Code    14  stm32f0xx_tim.o(.text)
    TIM_ClearOC3Ref                          0x08003513   Thumb Code    12  stm32f0xx_tim.o(.text)
    TIM_ClearOC4Ref                          0x0800351f   Thumb Code    14  stm32f0xx_tim.o(.text)
    TIM_OC1PolarityConfig                    0x0800352d   Thumb Code    12  stm32f0xx_tim.o(.text)
    TIM_OC1NPolarityConfig                   0x08003539   Thumb Code    12  stm32f0xx_tim.o(.text)
    TIM_OC2PolarityConfig                    0x08003545   Thumb Code    14  stm32f0xx_tim.o(.text)
    TIM_OC2NPolarityConfig                   0x08003553   Thumb Code    14  stm32f0xx_tim.o(.text)
    TIM_OC3PolarityConfig                    0x08003561   Thumb Code    14  stm32f0xx_tim.o(.text)
    TIM_OC3NPolarityConfig                   0x0800356f   Thumb Code    14  stm32f0xx_tim.o(.text)
    TIM_OC4PolarityConfig                    0x0800357d   Thumb Code    14  stm32f0xx_tim.o(.text)
    TIM_SelectOCREFClear                     0x0800358b   Thumb Code    16  stm32f0xx_tim.o(.text)
    TIM_CCxCmd                               0x0800359b   Thumb Code    22  stm32f0xx_tim.o(.text)
    TIM_CCxNCmd                              0x080035b1   Thumb Code    22  stm32f0xx_tim.o(.text)
    TIM_SelectCOM                            0x080035c7   Thumb Code    18  stm32f0xx_tim.o(.text)
    TIM_SetIC4Prescaler                      0x080035d9   Thumb Code    18  stm32f0xx_tim.o(.text)
    TIM_SetIC3Prescaler                      0x080035eb   Thumb Code    16  stm32f0xx_tim.o(.text)
    TIM_SetIC2Prescaler                      0x080035fb   Thumb Code    18  stm32f0xx_tim.o(.text)
    TIM_SetIC1Prescaler                      0x08003637   Thumb Code    16  stm32f0xx_tim.o(.text)
    TIM_ICInit                               0x0800366f   Thumb Code   162  stm32f0xx_tim.o(.text)
    TIM_ICStructInit                         0x08003711   Thumb Code    16  stm32f0xx_tim.o(.text)
    TIM_PWMIConfig                           0x08003721   Thumb Code   104  stm32f0xx_tim.o(.text)
    TIM_GetCapture1                          0x08003789   Thumb Code     4  stm32f0xx_tim.o(.text)
    TIM_GetCapture2                          0x0800378d   Thumb Code     4  stm32f0xx_tim.o(.text)
    TIM_GetCapture3                          0x08003791   Thumb Code     4  stm32f0xx_tim.o(.text)
    TIM_GetCapture4                          0x08003795   Thumb Code     4  stm32f0xx_tim.o(.text)
    TIM_ITConfig                             0x08003799   Thumb Code    16  stm32f0xx_tim.o(.text)
    TIM_GenerateEvent                        0x080037a9   Thumb Code     4  stm32f0xx_tim.o(.text)
    TIM_GetFlagStatus                        0x080037ad   Thumb Code    14  stm32f0xx_tim.o(.text)
    TIM_ClearFlag                            0x080037bb   Thumb Code     6  stm32f0xx_tim.o(.text)
    TIM_GetITStatus                          0x080037c1   Thumb Code    24  stm32f0xx_tim.o(.text)
    TIM_ClearITPendingBit                    0x080037d9   Thumb Code     6  stm32f0xx_tim.o(.text)
    TIM_DMAConfig                            0x080037df   Thumb Code     8  stm32f0xx_tim.o(.text)
    TIM_DMACmd                               0x080037e7   Thumb Code    16  stm32f0xx_tim.o(.text)
    TIM_SelectCCDMA                          0x080037f7   Thumb Code    18  stm32f0xx_tim.o(.text)
    TIM_InternalClockConfig                  0x08003809   Thumb Code    10  stm32f0xx_tim.o(.text)
    TIM_SelectInputTrigger                   0x08003813   Thumb Code    12  stm32f0xx_tim.o(.text)
    TIM_ITRxExternalClockConfig              0x0800381f   Thumb Code    62  stm32f0xx_tim.o(.text)
    TIM_TIxExternalClockConfig               0x0800385d   Thumb Code    48  stm32f0xx_tim.o(.text)
    TIM_ETRConfig                            0x0800388d   Thumb Code    18  stm32f0xx_tim.o(.text)
    TIM_ETRClockMode1Config                  0x0800389f   Thumb Code    28  stm32f0xx_tim.o(.text)
    TIM_ETRClockMode2Config                  0x080038bb   Thumb Code    20  stm32f0xx_tim.o(.text)
    TIM_SelectOutputTrigger                  0x080038cf   Thumb Code    16  stm32f0xx_tim.o(.text)
    TIM_SelectSlaveMode                      0x080038df   Thumb Code    16  stm32f0xx_tim.o(.text)
    TIM_SelectMasterSlaveMode                0x080038ef   Thumb Code    16  stm32f0xx_tim.o(.text)
    TIM_EncoderInterfaceConfig               0x080038ff   Thumb Code    42  stm32f0xx_tim.o(.text)
    TIM_SelectHallSensor                     0x08003929   Thumb Code    18  stm32f0xx_tim.o(.text)
    TIM_RemapConfig                          0x0800393b   Thumb Code     6  stm32f0xx_tim.o(.text)
    DMA_DeInit                               0x08003945   Thumb Code   100  stm32f0xx_dma.o(.text)
    DMA_Init                                 0x080039a9   Thumb Code    56  stm32f0xx_dma.o(.text)
    DMA_StructInit                           0x080039e1   Thumb Code    26  stm32f0xx_dma.o(.text)
    DMA_Cmd                                  0x080039fb   Thumb Code    20  stm32f0xx_dma.o(.text)
    DMA_SetCurrDataCounter                   0x08003a0f   Thumb Code     4  stm32f0xx_dma.o(.text)
    DMA_GetCurrDataCounter                   0x08003a13   Thumb Code     6  stm32f0xx_dma.o(.text)
    DMA_ITConfig                             0x08003a19   Thumb Code    16  stm32f0xx_dma.o(.text)
    DMA_GetFlagStatus                        0x08003a29   Thumb Code    18  stm32f0xx_dma.o(.text)
    DMA_ClearFlag                            0x08003a3b   Thumb Code     8  stm32f0xx_dma.o(.text)
    DMA_GetITStatus                          0x08003a43   Thumb Code    18  stm32f0xx_dma.o(.text)
    DMA_ClearITPendingBit                    0x08003a55   Thumb Code     8  stm32f0xx_dma.o(.text)
    PWR_DeInit                               0x08003a69   Thumb Code    22  stm32f0xx_pwr.o(.text)
    PWR_BackupAccessCmd                      0x08003a7f   Thumb Code    20  stm32f0xx_pwr.o(.text)
    PWR_PVDLevelConfig                       0x08003a93   Thumb Code    14  stm32f0xx_pwr.o(.text)
    PWR_PVDCmd                               0x08003aa1   Thumb Code    20  stm32f0xx_pwr.o(.text)
    PWR_WakeUpPinCmd                         0x08003ab5   Thumb Code    18  stm32f0xx_pwr.o(.text)
    PWR_EnterSleepMode                       0x08003ac7   Thumb Code    22  stm32f0xx_pwr.o(.text)
    PWR_EnterSTOPMode                        0x08003add   Thumb Code    40  stm32f0xx_pwr.o(.text)
    PWR_EnterSTANDBYMode                     0x08003b05   Thumb Code    30  stm32f0xx_pwr.o(.text)
    PWR_GetFlagStatus                        0x08003b23   Thumb Code    16  stm32f0xx_pwr.o(.text)
    PWR_ClearFlag                            0x08003b33   Thumb Code    12  stm32f0xx_pwr.o(.text)
    FLASH_SetLatency                         0x08003b49   Thumb Code    14  stm32f0xx_flash.o(.text)
    FLASH_PrefetchBufferCmd                  0x08003b57   Thumb Code    20  stm32f0xx_flash.o(.text)
    FLASH_GetPrefetchBufferStatus            0x08003b6b   Thumb Code    14  stm32f0xx_flash.o(.text)
    FLASH_Unlock                             0x08003b79   Thumb Code    18  stm32f0xx_flash.o(.text)
    FLASH_Lock                               0x08003b8b   Thumb Code    12  stm32f0xx_flash.o(.text)
    FLASH_GetStatus                          0x08003b97   Thumb Code    34  stm32f0xx_flash.o(.text)
    FLASH_WaitForLastOperation               0x08003bb9   Thumb Code    34  stm32f0xx_flash.o(.text)
    FLASH_ErasePage                          0x08003bdb   Thumb Code    52  stm32f0xx_flash.o(.text)
    FLASH_EraseAllPages                      0x08003c0f   Thumb Code    48  stm32f0xx_flash.o(.text)
    FLASH_ProgramWord                        0x08003c3f   Thumb Code    70  stm32f0xx_flash.o(.text)
    FLASH_ProgramHalfWord                    0x08003c85   Thumb Code    48  stm32f0xx_flash.o(.text)
    FLASH_OB_Unlock                          0x08003cb5   Thumb Code    18  stm32f0xx_flash.o(.text)
    FLASH_OB_Lock                            0x08003cc7   Thumb Code    12  stm32f0xx_flash.o(.text)
    FLASH_OB_Launch                          0x08003cd3   Thumb Code    14  stm32f0xx_flash.o(.text)
    FLASH_OB_GetRDP                          0x08003ce1   Thumb Code    16  stm32f0xx_flash.o(.text)
    FLASH_OB_Erase                           0x08003cf1   Thumb Code   106  stm32f0xx_flash.o(.text)
    FLASH_OB_EnableWRP                       0x08003d5b   Thumb Code    80  stm32f0xx_flash.o(.text)
    FLASH_OB_RDPConfig                       0x08003dab   Thumb Code    82  stm32f0xx_flash.o(.text)
    FLASH_OB_UserConfig                      0x08003dfd   Thumb Code    64  stm32f0xx_flash.o(.text)
    FLASH_OB_BOOTConfig                      0x08003e3d   Thumb Code    54  stm32f0xx_flash.o(.text)
    FLASH_OB_VDDAConfig                      0x08003e73   Thumb Code    54  stm32f0xx_flash.o(.text)
    FLASH_OB_SRAMParityConfig                0x08003ea9   Thumb Code    54  stm32f0xx_flash.o(.text)
    FLASH_OB_WriteUser                       0x08003edf   Thumb Code    54  stm32f0xx_flash.o(.text)
    FLASH_ProgramOptionByteData              0x08003f15   Thumb Code    68  stm32f0xx_flash.o(.text)
    FLASH_OB_GetUser                         0x08003f59   Thumb Code    10  stm32f0xx_flash.o(.text)
    FLASH_OB_GetWRP                          0x08003f63   Thumb Code     6  stm32f0xx_flash.o(.text)
    FLASH_ITConfig                           0x08003f69   Thumb Code    18  stm32f0xx_flash.o(.text)
    FLASH_GetFlagStatus                      0x08003f7b   Thumb Code    16  stm32f0xx_flash.o(.text)
    FLASH_ClearFlag                          0x08003f8b   Thumb Code     6  stm32f0xx_flash.o(.text)
    ADC_DeInit                               0x08003f95   Thumb Code    28  stm32f0xx_adc.o(.text)
    ADC_Init                                 0x08003fb1   Thumb Code    38  stm32f0xx_adc.o(.text)
    ADC_StructInit                           0x08003fd7   Thumb Code    16  stm32f0xx_adc.o(.text)
    ADC_Cmd                                  0x08003fe7   Thumb Code    18  stm32f0xx_adc.o(.text)
    ADC_JitterCmd                            0x08003ff9   Thumb Code    16  stm32f0xx_adc.o(.text)
    ADC_AutoPowerOffCmd                      0x08004009   Thumb Code    20  stm32f0xx_adc.o(.text)
    ADC_WaitModeCmd                          0x0800401d   Thumb Code    20  stm32f0xx_adc.o(.text)
    ADC_AnalogWatchdogCmd                    0x08004031   Thumb Code    20  stm32f0xx_adc.o(.text)
    ADC_AnalogWatchdogThresholdsConfig       0x08004045   Thumb Code     8  stm32f0xx_adc.o(.text)
    ADC_AnalogWatchdogSingleChannelConfig    0x0800404d   Thumb Code    14  stm32f0xx_adc.o(.text)
    ADC_AnalogWatchdogSingleChannelCmd       0x0800405b   Thumb Code    20  stm32f0xx_adc.o(.text)
    ADC_TempSensorCmd                        0x0800406f   Thumb Code    22  stm32f0xx_adc.o(.text)
    ADC_VrefintCmd                           0x08004085   Thumb Code    22  stm32f0xx_adc.o(.text)
    ADC_VbatCmd                              0x0800409b   Thumb Code    22  stm32f0xx_adc.o(.text)
    ADC_ChannelConfig                        0x080040b1   Thumb Code    10  stm32f0xx_adc.o(.text)
    ADC_ContinuousModeCmd                    0x080040bb   Thumb Code    20  stm32f0xx_adc.o(.text)
    ADC_DiscModeCmd                          0x080040cf   Thumb Code    20  stm32f0xx_adc.o(.text)
    ADC_OverrunModeCmd                       0x080040e3   Thumb Code    20  stm32f0xx_adc.o(.text)
    ADC_GetCalibrationFactor                 0x080040f7   Thumb Code    46  stm32f0xx_adc.o(.text)
    ADC_StopOfConversion                     0x08004125   Thumb Code    10  stm32f0xx_adc.o(.text)
    ADC_StartOfConversion                    0x0800412f   Thumb Code    10  stm32f0xx_adc.o(.text)
    ADC_GetConversionValue                   0x08004139   Thumb Code     6  stm32f0xx_adc.o(.text)
    ADC_DMACmd                               0x0800413f   Thumb Code    20  stm32f0xx_adc.o(.text)
    ADC_DMARequestModeConfig                 0x08004153   Thumb Code    16  stm32f0xx_adc.o(.text)
    ADC_ITConfig                             0x08004163   Thumb Code    16  stm32f0xx_adc.o(.text)
    ADC_GetFlagStatus                        0x08004173   Thumb Code    28  stm32f0xx_adc.o(.text)
    ADC_ClearFlag                            0x0800418f   Thumb Code     4  stm32f0xx_adc.o(.text)
    ADC_GetITStatus                          0x08004193   Thumb Code    22  stm32f0xx_adc.o(.text)
    ADC_ClearITPendingBit                    0x080041a9   Thumb Code     4  stm32f0xx_adc.o(.text)
    EXTI_DeInit                              0x080041b9   Thumb Code    20  stm32f0xx_exti.o(.text)
    EXTI_Init                                0x080041cd   Thumb Code   102  stm32f0xx_exti.o(.text)
    EXTI_StructInit                          0x08004233   Thumb Code    14  stm32f0xx_exti.o(.text)
    EXTI_GenerateSWInterrupt                 0x08004241   Thumb Code    10  stm32f0xx_exti.o(.text)
    EXTI_GetFlagStatus                       0x0800424b   Thumb Code    16  stm32f0xx_exti.o(.text)
    EXTI_ClearFlag                           0x0800425b   Thumb Code     6  stm32f0xx_exti.o(.text)
    EXTI_GetITStatus                         0x08004261   Thumb Code    24  stm32f0xx_exti.o(.text)
    EXTI_ClearITPendingBit                   0x08004279   Thumb Code     6  stm32f0xx_exti.o(.text)
    SYSCFG_DeInit                            0x0800428d   Thumb Code    30  stm32f0xx_syscfg.o(.text)
    SYSCFG_MemoryRemapConfig                 0x080042ab   Thumb Code    14  stm32f0xx_syscfg.o(.text)
    SYSCFG_DMAChannelRemapConfig             0x080042b9   Thumb Code    18  stm32f0xx_syscfg.o(.text)
    SYSCFG_I2CFastModePlusConfig             0x080042cb   Thumb Code    18  stm32f0xx_syscfg.o(.text)
    SYSCFG_EXTILineConfig                    0x080042dd   Thumb Code    34  stm32f0xx_syscfg.o(.text)
    SYSCFG_BreakConfig                       0x080042ff   Thumb Code    10  stm32f0xx_syscfg.o(.text)
    SYSCFG_GetFlagStatus                     0x08004309   Thumb Code    14  stm32f0xx_syscfg.o(.text)
    SYSCFG_ClearFlag                         0x08004317   Thumb Code    10  stm32f0xx_syscfg.o(.text)
    IWDG_WriteAccessCmd                      0x08004325   Thumb Code     6  stm32f0xx_iwdg.o(.text)
    IWDG_SetPrescaler                        0x0800432b   Thumb Code     6  stm32f0xx_iwdg.o(.text)
    IWDG_SetReload                           0x08004331   Thumb Code     6  stm32f0xx_iwdg.o(.text)
    IWDG_ReloadCounter                       0x08004337   Thumb Code     8  stm32f0xx_iwdg.o(.text)
    IWDG_SetWindowValue                      0x0800433f   Thumb Code     6  stm32f0xx_iwdg.o(.text)
    IWDG_Enable                              0x08004345   Thumb Code     8  stm32f0xx_iwdg.o(.text)
    IWDG_GetFlagStatus                       0x0800434d   Thumb Code    16  stm32f0xx_iwdg.o(.text)
    RTC_WaitForSynchro                       0x08004369   Thumb Code    74  stm32f0xx_rtc.o(.text)
    RTC_EnterInitMode                        0x080043b3   Thumb Code    56  stm32f0xx_rtc.o(.text)
    RTC_DeInit                               0x080043eb   Thumb Code    74  stm32f0xx_rtc.o(.text)
    RTC_ExitInitMode                         0x08004435   Thumb Code    12  stm32f0xx_rtc.o(.text)
    RTC_Init                                 0x08004441   Thumb Code    68  stm32f0xx_rtc.o(.text)
    RTC_StructInit                           0x08004485   Thumb Code    14  stm32f0xx_rtc.o(.text)
    RTC_WriteProtectionCmd                   0x08004493   Thumb Code    20  stm32f0xx_rtc.o(.text)
    RTC_RefClockCmd                          0x080044a7   Thumb Code    54  stm32f0xx_rtc.o(.text)
    RTC_BypassShadowCmd                      0x080044dd   Thumb Code    34  stm32f0xx_rtc.o(.text)
    RTC_SetTime                              0x080044ff   Thumb Code   142  stm32f0xx_rtc.o(.text)
    RTC_TimeStructInit                       0x0800458d   Thumb Code    12  stm32f0xx_rtc.o(.text)
    RTC_GetTime                              0x08004599   Thumb Code    70  stm32f0xx_rtc.o(.text)
    RTC_GetSubSecond                         0x080045df   Thumb Code     8  stm32f0xx_rtc.o(.text)
    RTC_SetDate                              0x080045e7   Thumb Code   140  stm32f0xx_rtc.o(.text)
    RTC_DateStructInit                       0x08004673   Thumb Code    14  stm32f0xx_rtc.o(.text)
    RTC_GetDate                              0x08004681   Thumb Code    72  stm32f0xx_rtc.o(.text)
    RTC_SetAlarm                             0x080046c9   Thumb Code   152  stm32f0xx_rtc.o(.text)
    RTC_AlarmStructInit                      0x08004761   Thumb Code    20  stm32f0xx_rtc.o(.text)
    RTC_GetAlarm                             0x08004775   Thumb Code    90  stm32f0xx_rtc.o(.text)
    RTC_AlarmCmd                             0x080047cf   Thumb Code    74  stm32f0xx_rtc.o(.text)
    RTC_AlarmSubSecondConfig                 0x08004819   Thumb Code    26  stm32f0xx_rtc.o(.text)
    RTC_GetAlarmSubSecond                    0x08004833   Thumb Code    12  stm32f0xx_rtc.o(.text)
    RTC_DayLightSavingConfig                 0x0800483f   Thumb Code    36  stm32f0xx_rtc.o(.text)
    RTC_GetStoreOperation                    0x08004863   Thumb Code    12  stm32f0xx_rtc.o(.text)
    RTC_OutputConfig                         0x0800486f   Thumb Code    36  stm32f0xx_rtc.o(.text)
    RTC_CalibOutputCmd                       0x08004893   Thumb Code    34  stm32f0xx_rtc.o(.text)
    RTC_CalibOutputConfig                    0x080048b5   Thumb Code    32  stm32f0xx_rtc.o(.text)
    RTC_SmoothCalibConfig                    0x080048d5   Thumb Code    60  stm32f0xx_rtc.o(.text)
    RTC_TimeStampCmd                         0x08004911   Thumb Code    36  stm32f0xx_rtc.o(.text)
    RTC_GetTimeStamp                         0x08004935   Thumb Code   126  stm32f0xx_rtc.o(.text)
    RTC_GetTimeStampSubSecond                0x080049b3   Thumb Code     6  stm32f0xx_rtc.o(.text)
    RTC_TamperTriggerConfig                  0x080049b9   Thumb Code    22  stm32f0xx_rtc.o(.text)
    RTC_TamperCmd                            0x080049cf   Thumb Code    20  stm32f0xx_rtc.o(.text)
    RTC_TamperFilterConfig                   0x080049e3   Thumb Code    22  stm32f0xx_rtc.o(.text)
    RTC_TamperSamplingFreqConfig             0x080049f9   Thumb Code    22  stm32f0xx_rtc.o(.text)
    RTC_TamperPinsPrechargeDuration          0x08004a0f   Thumb Code    22  stm32f0xx_rtc.o(.text)
    RTC_TimeStampOnTamperDetectionCmd        0x08004a25   Thumb Code    22  stm32f0xx_rtc.o(.text)
    RTC_TamperPullUpCmd                      0x08004a3b   Thumb Code    22  stm32f0xx_rtc.o(.text)
    RTC_WriteBackupRegister                  0x08004a51   Thumb Code    16  stm32f0xx_rtc.o(.text)
    RTC_ReadBackupRegister                   0x08004a61   Thumb Code    16  stm32f0xx_rtc.o(.text)
    RTC_OutputTypeConfig                     0x08004a71   Thumb Code    22  stm32f0xx_rtc.o(.text)
    RTC_SynchroShiftConfig                   0x08004a87   Thumb Code    72  stm32f0xx_rtc.o(.text)
    RTC_ITConfig                             0x08004acf   Thumb Code    56  stm32f0xx_rtc.o(.text)
    RTC_GetFlagStatus                        0x08004b07   Thumb Code    20  stm32f0xx_rtc.o(.text)
    RTC_ClearFlag                            0x08004b1b   Thumb Code    22  stm32f0xx_rtc.o(.text)
    RTC_GetITStatus                          0x08004b31   Thumb Code    76  stm32f0xx_rtc.o(.text)
    RTC_ClearITPendingBit                    0x08004b7d   Thumb Code    22  stm32f0xx_rtc.o(.text)
    __aeabi_memcpy                           0x08004bc1   Thumb Code   130  rt_memcpy.o(.text)
    __rt_memcpy                              0x08004bc1   Thumb Code     0  rt_memcpy.o(.text)
    __aeabi_memset                           0x08004c43   Thumb Code    18  aeabi_memset.o(.text)
    _memset_w                                0x08004c55   Thumb Code    26  rt_memclr.o(.text)
    _memset                                  0x08004c6f   Thumb Code    30  rt_memclr.o(.text)
    __aeabi_memclr                           0x08004c8d   Thumb Code     4  rt_memclr.o(.text)
    __rt_memclr                              0x08004c8d   Thumb Code     0  rt_memclr.o(.text)
    __aeabi_memclr4                          0x08004c91   Thumb Code     0  rt_memclr.o(.text)
    __aeabi_memclr8                          0x08004c91   Thumb Code     0  rt_memclr.o(.text)
    __rt_memclr_w                            0x08004c91   Thumb Code     4  rt_memclr.o(.text)
    __aeabi_uidiv                            0x08004c95   Thumb Code     0  aeabi_sdiv.o(.text)
    __aeabi_uidivmod                         0x08004c95   Thumb Code    20  aeabi_sdiv.o(.text)
    __aeabi_idiv                             0x08004ca9   Thumb Code     0  aeabi_sdiv.o(.text)
    __aeabi_idivmod                          0x08004ca9   Thumb Code   326  aeabi_sdiv.o(.text)
    __use_two_region_memory                  0x08004def   Thumb Code     2  heapauxi.o(.text)
    __rt_heap_escrow$2region                 0x08004df1   Thumb Code     2  heapauxi.o(.text)
    __rt_heap_expand$2region                 0x08004df3   Thumb Code     2  heapauxi.o(.text)
    __user_setup_stackheap                   0x08004df5   Thumb Code    62  sys_stackheap_outer.o(.text)
    exit                                     0x08004e33   Thumb Code    16  exit.o(.text)
    __user_libspace                          0x08004e45   Thumb Code     8  libspace.o(.text)
    __user_perproc_libspace                  0x08004e45   Thumb Code     0  libspace.o(.text)
    __user_perthread_libspace                0x08004e45   Thumb Code     0  libspace.o(.text)
    _sys_exit                                0x08004e4d   Thumb Code     8  sys_exit.o(.text)
    __I$use$semihosting                      0x08004e59   Thumb Code     0  use_no_semi.o(.text)
    __use_no_semihosting_swi                 0x08004e59   Thumb Code     2  use_no_semi.o(.text)
    __ARM_common_switch8                     0x08004e5b   Thumb Code    26  hardware.o(i.__ARM_common_switch8)
    __semihosting_library_function           0x08004e5b   Thumb Code     0  indicate_semi.o(.text)
    default_parameter_buf                    0x08004e74   Data         436  main.o(.constdata)
    Region$$Table$$Base                      0x08005028   Number         0  anon$$obj.o(Region$$Table)
    Region$$Table$$Limit                     0x08005048   Number         0  anon$$obj.o(Region$$Table)
    SystemCoreClock                          0x20000000   Data           4  system_stm32f0xx.o(.data)
    AHBPrescTable                            0x20000004   Data          16  system_stm32f0xx.o(.data)
    pwm1_state                               0x20000018   Data           1  comm_task.o(.data)
    pwm2_state                               0x20000019   Data           1  comm_task.o(.data)
    pwm3_state                               0x2000001a   Data           1  comm_task.o(.data)
    PWM1_numOfCycle                          0x2000001b   Data           1  comm_task.o(.data)
    PWM2_numOfCycle                          0x2000001c   Data           1  comm_task.o(.data)
    PWM3_numOfCycle                          0x2000001d   Data           1  comm_task.o(.data)
    PWM1_serial_cnt                          0x2000001e   Data           1  comm_task.o(.data)
    PWM2_serial_cnt                          0x2000001f   Data           1  comm_task.o(.data)
    PWM3_serial_cnt                          0x20000020   Data           1  comm_task.o(.data)
    state                                    0x20000021   Data           1  comm_task.o(.data)
    mode                                     0x20000022   Data           1  comm_task.o(.data)
    led_high_cnt                             0x20000023   Data           1  comm_task.o(.data)
    led_low_cnt                              0x20000024   Data           1  comm_task.o(.data)
    flash_cnt                                0x20000025   Data           1  comm_task.o(.data)
    switch_mode_cnt                          0x20000026   Data           1  comm_task.o(.data)
    b_check_bnt_release                      0x20000027   Data           1  comm_task.o(.data)
    release_btn_cnt                          0x20000028   Data           1  comm_task.o(.data)
    PWM_waitBeforeStart_cnt                  0x2000002e   Data           2  comm_task.o(.data)
    PWM1_period_cnt                          0x20000030   Data           2  comm_task.o(.data)
    PWM2_period_cnt                          0x20000032   Data           2  comm_task.o(.data)
    PWM3_period_cnt                          0x20000034   Data           2  comm_task.o(.data)
    PWM1_waitBetween_cnt                     0x20000036   Data           2  comm_task.o(.data)
    PWM2_waitBetween_cnt                     0x20000038   Data           2  comm_task.o(.data)
    PWM3_waitBetween_cnt                     0x2000003a   Data           2  comm_task.o(.data)
    PWM1_waitAfter_cnt                       0x2000003c   Data           2  comm_task.o(.data)
    PWM2_waitAfter_cnt                       0x2000003e   Data           2  comm_task.o(.data)
    PWM3_waitAfter_cnt                       0x20000040   Data           2  comm_task.o(.data)
    checkPressAgain_cnt                      0x20000042   Data           2  comm_task.o(.data)
    PRESSURE_RATE                            0x20000044   Data           2  comm_task.o(.data)
    adc_pressure_value                       0x20000048   Data           4  comm_task.o(.data)
    prev_WaitBeforeStart_os_tick             0x20000050   Data           4  comm_task.o(.data)
    prev_PWM1_os_tick                        0x20000054   Data           4  comm_task.o(.data)
    prev_PWM2_os_tick                        0x20000058   Data           4  comm_task.o(.data)
    prev_PWM3_os_tick                        0x2000005c   Data           4  comm_task.o(.data)
    p_prev_os_tick                           0x20000060   Data           4  comm_task.o(.data)
    check_sum                                0x2000007c   Data           2  comm_task.o(.data)
    mcu_state                                0x2000007e   Data           1  key_led_task.o(.data)
    b_Is_PCB_PowerOn                         0x2000007f   Data           1  key_led_task.o(.data)
    key_state                                0x20000080   Data           1  key_led_task.o(.data)
    led_state                                0x20000081   Data           1  key_led_task.o(.data)
    b_check_BAT_ok                           0x20000082   Data           1  key_led_task.o(.data)
    b_getHoneywellZeroPoint                  0x20000084   Data           1  honeywell_sampling_data.o(.data)
    honeywell_state                          0x20000085   Data           1  honeywell_sampling_data.o(.data)
    HONEYWELL_ZERO_POINT                     0x20000088   Data           4  honeywell_sampling_data.o(.data)
    rcvParaSuccess                           0x2000008c   Data           1  protocol_module.o(.data)
    g_uwDelayTime_ms                         0x2000008e   Data           2  common.o(.data)
    RegularConvData_Tab                      0x20000094   Data           2  hardware.o(.data)
    AsynchPrediv                             0x20000098   Data           4  rtc.o(.data)
    SynchPrediv                              0x2000009c   Data           4  rtc.o(.data)
    os_ticks                                 0x200000a0   Data           4  os_core.o(.data)
    sDataBuff                                0x200000b8   Data         300  comm_task.o(.bss)
    sBackBuff                                0x200001e4   Data         300  comm_task.o(.bss)
    g_CmdReceive                             0x20000310   Data         144  comm_task.o(.bss)
    send_fifo                                0x200003a0   Data          12  comm_task.o(.bss)
    buffer                                   0x200003ac   Data         436  comm_task.o(.bss)
    send_buf                                 0x200005f3   Data         248  comm_task.o(.bss)
    parameter_buf                            0x200006eb   Data         436  comm_task.o(.bss)
    pageBuff                                 0x200008a0   Data        2048  protocol_module.o(.bss)
    task_array                               0x200010a0   Data         120  os_core.o(.bss)
    __libspace_start                         0x20001118   Data          96  libspace.o(.bss)
    __temporary_stack_top$libspace           0x20001178   Data           0  libspace.o(.bss)



==============================================================================

Memory Map of the image

  Image Entry point : 0x080025a9

  Load Region LR_1 (Base: 0x08000000, Size: 0x00005100, Max: 0xffffffff, ABSOLUTE)

    Execution Region ER_RO (Exec base: 0x08000000, Load base: 0x08000000, Size: 0x00005048, Max: 0xffffffff, ABSOLUTE)

    Exec Addr    Load Addr    Size         Type   Attr      Idx    E Section Name        Object

    0x08000000   0x08000000   0x000000c0   Data   RO          642    RESET               startup_stm32f0xx.o
    0x080000c0   0x080000c0   0x00000008   Code   RO          876  * !!!main             c_p.l(__main.o)
    0x080000c8   0x080000c8   0x0000003c   Code   RO         1045    !!!scatter          c_p.l(__scatter.o)
    0x08000104   0x08000104   0x0000001a   Code   RO         1047    !!handler_copy      c_p.l(__scatter_copy.o)
    0x0800011e   0x0800011e   0x00000002   PAD
    0x08000120   0x08000120   0x0000001c   Code   RO         1049    !!handler_zi        c_p.l(__scatter_zi.o)
    0x0800013c   0x0800013c   0x00000002   Code   RO          914    .ARM.Collect$$libinit$$00000000  c_p.l(libinit.o)
    0x0800013e   0x0800013e   0x00000000   Code   RO          928    .ARM.Collect$$libinit$$00000002  c_p.l(libinit2.o)
    0x0800013e   0x0800013e   0x00000000   Code   RO          930    .ARM.Collect$$libinit$$00000004  c_p.l(libinit2.o)
    0x0800013e   0x0800013e   0x00000000   Code   RO          933    .ARM.Collect$$libinit$$0000000A  c_p.l(libinit2.o)
    0x0800013e   0x0800013e   0x00000000   Code   RO          935    .ARM.Collect$$libinit$$0000000C  c_p.l(libinit2.o)
    0x0800013e   0x0800013e   0x00000000   Code   RO          937    .ARM.Collect$$libinit$$0000000E  c_p.l(libinit2.o)
    0x0800013e   0x0800013e   0x00000000   Code   RO          940    .ARM.Collect$$libinit$$00000011  c_p.l(libinit2.o)
    0x0800013e   0x0800013e   0x00000000   Code   RO          942    .ARM.Collect$$libinit$$00000013  c_p.l(libinit2.o)
    0x0800013e   0x0800013e   0x00000000   Code   RO          944    .ARM.Collect$$libinit$$00000015  c_p.l(libinit2.o)
    0x0800013e   0x0800013e   0x00000000   Code   RO          946    .ARM.Collect$$libinit$$00000017  c_p.l(libinit2.o)
    0x0800013e   0x0800013e   0x00000000   Code   RO          948    .ARM.Collect$$libinit$$00000019  c_p.l(libinit2.o)
    0x0800013e   0x0800013e   0x00000000   Code   RO          950    .ARM.Collect$$libinit$$0000001B  c_p.l(libinit2.o)
    0x0800013e   0x0800013e   0x00000000   Code   RO          952    .ARM.Collect$$libinit$$0000001D  c_p.l(libinit2.o)
    0x0800013e   0x0800013e   0x00000000   Code   RO          954    .ARM.Collect$$libinit$$0000001F  c_p.l(libinit2.o)
    0x0800013e   0x0800013e   0x00000000   Code   RO          956    .ARM.Collect$$libinit$$00000021  c_p.l(libinit2.o)
    0x0800013e   0x0800013e   0x00000000   Code   RO          958    .ARM.Collect$$libinit$$00000023  c_p.l(libinit2.o)
    0x0800013e   0x0800013e   0x00000000   Code   RO          960    .ARM.Collect$$libinit$$00000025  c_p.l(libinit2.o)
    0x0800013e   0x0800013e   0x00000000   Code   RO          964    .ARM.Collect$$libinit$$0000002C  c_p.l(libinit2.o)
    0x0800013e   0x0800013e   0x00000000   Code   RO          966    .ARM.Collect$$libinit$$0000002E  c_p.l(libinit2.o)
    0x0800013e   0x0800013e   0x00000000   Code   RO          968    .ARM.Collect$$libinit$$00000030  c_p.l(libinit2.o)
    0x0800013e   0x0800013e   0x00000000   Code   RO          970    .ARM.Collect$$libinit$$00000032  c_p.l(libinit2.o)
    0x0800013e   0x0800013e   0x00000002   Code   RO          971    .ARM.Collect$$libinit$$00000033  c_p.l(libinit2.o)
    0x08000140   0x08000140   0x00000002   Code   RO         1002    .ARM.Collect$$libshutdown$$00000000  c_p.l(libshutdown.o)
    0x08000142   0x08000142   0x00000000   Code   RO         1028    .ARM.Collect$$libshutdown$$00000002  c_p.l(libshutdown2.o)
    0x08000142   0x08000142   0x00000000   Code   RO         1030    .ARM.Collect$$libshutdown$$00000004  c_p.l(libshutdown2.o)
    0x08000142   0x08000142   0x00000000   Code   RO         1033    .ARM.Collect$$libshutdown$$00000007  c_p.l(libshutdown2.o)
    0x08000142   0x08000142   0x00000000   Code   RO         1036    .ARM.Collect$$libshutdown$$0000000A  c_p.l(libshutdown2.o)
    0x08000142   0x08000142   0x00000000   Code   RO         1038    .ARM.Collect$$libshutdown$$0000000C  c_p.l(libshutdown2.o)
    0x08000142   0x08000142   0x00000000   Code   RO         1041    .ARM.Collect$$libshutdown$$0000000F  c_p.l(libshutdown2.o)
    0x08000142   0x08000142   0x00000002   Code   RO         1042    .ARM.Collect$$libshutdown$$00000010  c_p.l(libshutdown2.o)
    0x08000144   0x08000144   0x00000000   Code   RO          878    .ARM.Collect$$rtentry$$00000000  c_p.l(__rtentry.o)
    0x08000144   0x08000144   0x00000000   Code   RO          884    .ARM.Collect$$rtentry$$00000002  c_p.l(__rtentry2.o)
    0x08000144   0x08000144   0x00000006   Code   RO          896    .ARM.Collect$$rtentry$$00000004  c_p.l(__rtentry4.o)
    0x0800014a   0x0800014a   0x00000000   Code   RO          886    .ARM.Collect$$rtentry$$00000009  c_p.l(__rtentry2.o)
    0x0800014a   0x0800014a   0x00000004   Code   RO          887    .ARM.Collect$$rtentry$$0000000A  c_p.l(__rtentry2.o)
    0x0800014e   0x0800014e   0x00000000   Code   RO          889    .ARM.Collect$$rtentry$$0000000C  c_p.l(__rtentry2.o)
    0x0800014e   0x0800014e   0x00000008   Code   RO          890    .ARM.Collect$$rtentry$$0000000D  c_p.l(__rtentry2.o)
    0x08000156   0x08000156   0x00000002   Code   RO          919    .ARM.Collect$$rtexit$$00000000  c_p.l(rtexit.o)
    0x08000158   0x08000158   0x00000000   Code   RO          975    .ARM.Collect$$rtexit$$00000002  c_p.l(rtexit2.o)
    0x08000158   0x08000158   0x00000004   Code   RO          976    .ARM.Collect$$rtexit$$00000003  c_p.l(rtexit2.o)
    0x0800015c   0x0800015c   0x00000006   Code   RO          977    .ARM.Collect$$rtexit$$00000004  c_p.l(rtexit2.o)
    0x08000162   0x08000162   0x00000002   PAD
    0x08000164   0x08000164   0x00000038   Code   RO          862    .emb_text           c_p.l(rt_memcpy.o)
    0x0800019c   0x0800019c   0x00000028   Code   RO            2    .text               main.o
    0x080001c4   0x080001c4   0x0000002c   Code   RO          104    .text               stm32f0xx_it.o
    0x080001f0   0x080001f0   0x0000013c   Code   RO          123    .text               system_stm32f0xx.o
    0x0800032c   0x0800032c   0x00000030   Code   RO          145    .text               iwtdg.o
    0x0800035c   0x0800035c   0x000000a8   Code   RO          183    .text               app.o
    0x08000404   0x08000404   0x0000096c   Code   RO          224    .text               comm_task.o
    0x08000d70   0x08000d70   0x000003d0   Code   RO          343    .text               key_led_task.o
    0x08001140   0x08001140   0x00000074   Code   RO          384    .text               honeywell_sampling_data.o
    0x080011b4   0x080011b4   0x000007dc   Code   RO          404    .text               protocol_module.o
    0x08001990   0x08001990   0x00000020   Code   RO          445    .text               common.o
    0x080019b0   0x080019b0   0x00000090   Code   RO          467    .text               delay.o
    0x08001a40   0x08001a40   0x000000a6   Code   RO          484    .text               fifo.o
    0x08001ae6   0x08001ae6   0x00000092   Code   RO          500    .text               cmd_receive.o
    0x08001b78   0x08001b78   0x00000120   Code   RO          523    .text               serial_port.o
    0x08001c98   0x08001c98   0x00000274   Code   RO          539    .text               i2c.o
    0x08001f0c   0x08001f0c   0x00000358   Code   RO          556    .text               hardware.o
    0x08002264   0x08002264   0x00000184   Code   RO          583    .text               motor_pwm.o
    0x080023e8   0x080023e8   0x0000010c   Code   RO          599    .text               rtc.o
    0x080024f4   0x080024f4   0x000000b4   Code   RO          619    .text               os_core.o
    0x080025a8   0x080025a8   0x00000038   Code   RO          643  * .text               startup_stm32f0xx.o
    0x080025e0   0x080025e0   0x0000015c   Code   RO          648    .text               stm32f0xx_gpio.o
    0x0800273c   0x0800273c   0x0000040c   Code   RO          664    .text               stm32f0xx_rcc.o
    0x08002b48   0x08002b48   0x0000007c   Code   RO          682    .text               stm32f0xx_misc.o
    0x08002bc4   0x08002bc4   0x00000462   Code   RO          698    .text               stm32f0xx_usart.o
    0x08003026   0x08003026   0x00000002   PAD
    0x08003028   0x08003028   0x0000091c   Code   RO          714    .text               stm32f0xx_tim.o
    0x08003944   0x08003944   0x00000124   Code   RO          731    .text               stm32f0xx_dma.o
    0x08003a68   0x08003a68   0x000000e0   Code   RO          747    .text               stm32f0xx_pwr.o
    0x08003b48   0x08003b48   0x0000044c   Code   RO          763    .text               stm32f0xx_flash.o
    0x08003f94   0x08003f94   0x00000224   Code   RO          780    .text               stm32f0xx_adc.o
    0x080041b8   0x080041b8   0x000000d4   Code   RO          796    .text               stm32f0xx_exti.o
    0x0800428c   0x0800428c   0x00000098   Code   RO          812    .text               stm32f0xx_syscfg.o
    0x08004324   0x08004324   0x00000044   Code   RO          828    .text               stm32f0xx_iwdg.o
    0x08004368   0x08004368   0x00000858   Code   RO          844    .text               stm32f0xx_rtc.o
    0x08004bc0   0x08004bc0   0x00000082   Code   RO          863    .text               c_p.l(rt_memcpy.o)
    0x08004c42   0x08004c42   0x00000012   Code   RO          866    .text               c_p.l(aeabi_memset.o)
    0x08004c54   0x08004c54   0x00000040   Code   RO          868    .text               c_p.l(rt_memclr.o)
    0x08004c94   0x08004c94   0x0000015a   Code   RO          870    .text               c_p.l(aeabi_sdiv.o)
    0x08004dee   0x08004dee   0x00000006   Code   RO          874    .text               c_p.l(heapauxi.o)
    0x08004df4   0x08004df4   0x0000003e   Code   RO          900    .text               c_p.l(sys_stackheap_outer.o)
    0x08004e32   0x08004e32   0x00000010   Code   RO          903    .text               c_p.l(exit.o)
    0x08004e42   0x08004e42   0x00000002   PAD
    0x08004e44   0x08004e44   0x00000008   Code   RO          915    .text               c_p.l(libspace.o)
    0x08004e4c   0x08004e4c   0x0000000c   Code   RO          972    .text               c_p.l(sys_exit.o)
    0x08004e58   0x08004e58   0x00000002   Code   RO          991    .text               c_p.l(use_no_semi.o)
    0x08004e5a   0x08004e5a   0x00000000   Code   RO          993    .text               c_p.l(indicate_semi.o)
    0x08004e5a   0x08004e5a   0x0000001a   Code   RO          573    i.__ARM_common_switch8  hardware.o
    0x08004e74   0x08004e74   0x000001b4   Data   RO            3    .constdata          main.o
    0x08005028   0x08005028   0x00000020   Data   RO         1043    Region$$Table       anon$$obj.o


    Execution Region ER_RW (Exec base: 0x20000000, Load base: 0x08005048, Size: 0x000000b8, Max: 0xffffffff, ABSOLUTE)

    Exec Addr    Load Addr    Size         Type   Attr      Idx    E Section Name        Object

    0x20000000   0x08005048   0x00000014   Data   RW          124    .data               system_stm32f0xx.o
    0x20000014   0x0800505c   0x00000068   Data   RW          228    .data               comm_task.o
    0x2000007c   0x080050c4   0x00000002   Data   RW          230    .data               comm_task.o
    0x2000007e   0x080050c6   0x00000006   Data   RW          344    .data               key_led_task.o
    0x20000084   0x080050cc   0x00000008   Data   RW          385    .data               honeywell_sampling_data.o
    0x2000008c   0x080050d4   0x00000001   Data   RW          406    .data               protocol_module.o
    0x2000008d   0x080050d5   0x00000001   PAD
    0x2000008e   0x080050d6   0x00000002   Data   RW          446    .data               common.o
    0x20000090   0x080050d8   0x00000004   Data   RW          468    .data               delay.o
    0x20000094   0x080050dc   0x00000002   Data   RW          558    .data               hardware.o
    0x20000096   0x080050de   0x00000002   PAD
    0x20000098   0x080050e0   0x00000008   Data   RW          600    .data               rtc.o
    0x200000a0   0x080050e8   0x00000008   Data   RW          621    .data               os_core.o
    0x200000a8   0x080050f0   0x00000010   Data   RW          665    .data               stm32f0xx_rcc.o


    Execution Region ER_ZI (Exec base: 0x200000b8, Load base: 0x08005100, Size: 0x000016c0, Max: 0xffffffff, ABSOLUTE)

    Exec Addr    Load Addr    Size         Type   Attr      Idx    E Section Name        Object

    0x200000b8        -       0x0000053b   Zero   RW          225    .bss                comm_task.o
    0x200005f3        -       0x000000f8   Zero   RW          226    .bss                comm_task.o
    0x200006eb        -       0x000001b4   Zero   RW          227    .bss                comm_task.o
    0x2000089f   0x08005100   0x00000001   PAD
    0x200008a0        -       0x00000800   Zero   RW          405    .bss                protocol_module.o
    0x200010a0        -       0x00000078   Zero   RW          620    .bss                os_core.o
    0x20001118        -       0x00000060   Zero   RW          916    .bss                c_p.l(libspace.o)
    0x20001178        -       0x00000200   Zero   RW          641    HEAP                startup_stm32f0xx.o
    0x20001378        -       0x00000400   Zero   RW          640    STACK               startup_stm32f0xx.o


==============================================================================

Image component sizes


      Code (inc. data)   RO Data    RW Data    ZI Data      Debug   Object Name

       168         42          0          0          0      15862   app.o
       146          0          0          0          0       3030   cmd_receive.o
      2412         92          0        106       2023      13405   comm_task.o
        32          4          0          2          0       1485   common.o
       144         16          0          4          0       1055   delay.o
       166          0          0          0          0       2543   fifo.o
       882         42          0          2          0       5327   hardware.o
       116         12          0          8          0       1237   honeywell_sampling_data.o
       628         10          0          0          0       3184   i2c.o
        48          6          0          0          0      92791   iwtdg.o
       976        112          0          6          0      14179   key_led_task.o
        40          4        436          0          0      58886   main.o
       388         26          0          0          0       2117   motor_pwm.o
       180          8          0          8        120       2416   os_core.o
      2012         46          0          1       2048      15904   protocol_module.o
       268          4          0          8          0       2198   rtc.o
       288         10          0          0          0       1813   serial_port.o
        56         26        192          0       1536        624   startup_stm32f0xx.o
       548         12          0          0          0       7139   stm32f0xx_adc.o
       292         12          0          0          0       3614   stm32f0xx_dma.o
       212         14          0          0          0       2343   stm32f0xx_exti.o
      1100         20          0          0          0       8046   stm32f0xx_flash.o
       348         22          0          0          0       3849   stm32f0xx_gpio.o
        44          4          0          0          0        956   stm32f0xx_it.o
        68         12          0          0          0       1469   stm32f0xx_iwdg.o
       124         16          0          0          0       1384   stm32f0xx_misc.o
       224         10          0          0          0       2198   stm32f0xx_pwr.o
      1036         38          0         16          0       8770   stm32f0xx_rcc.o
      2136         50          0          0          0      13758   stm32f0xx_rtc.o
       152          4          0          0          0       2026   stm32f0xx_syscfg.o
      2332        122          0          0          0      22543   stm32f0xx_tim.o
      1122         12          0          0          0      12551   stm32f0xx_usart.o
       316         28          0         20          0       1615   system_stm32f0xx.o

    ----------------------------------------------------------------------
     19006        836        660        184       5728     330317   Object Totals
         0          0         32          0          0          0   (incl. Generated)
         2          0          0          3          1          0   (incl. Padding)

    ----------------------------------------------------------------------

      Code (inc. data)   RO Data    RW Data    ZI Data      Debug   Library Member Name

         8          0          0          0          0         68   __main.o
         0          0          0          0          0          0   __rtentry.o
        12          0          0          0          0          0   __rtentry2.o
         6          0          0          0          0          0   __rtentry4.o
        60          8          0          0          0          0   __scatter.o
        26          0          0          0          0          0   __scatter_copy.o
        28          0          0          0          0          0   __scatter_zi.o
        18          0          0          0          0         68   aeabi_memset.o
       346          0          0          0          0         92   aeabi_sdiv.o
        16          0          0          0          0         68   exit.o
         6          0          0          0          0        136   heapauxi.o
         0          0          0          0          0          0   indicate_semi.o
         2          0          0          0          0          0   libinit.o
         2          0          0          0          0          0   libinit2.o
         2          0          0          0          0          0   libshutdown.o
         2          0          0          0          0          0   libshutdown2.o
         8          4          0          0         96         68   libspace.o
        64          0          0          0          0        108   rt_memclr.o
       186          0          0          0          0        144   rt_memcpy.o
         2          0          0          0          0          0   rtexit.o
        10          0          0          0          0          0   rtexit2.o
        12          4          0          0          0         60   sys_exit.o
        62          0          0          0          0         80   sys_stackheap_outer.o
         2          0          0          0          0         68   use_no_semi.o

    ----------------------------------------------------------------------
       886         16          0          0         96        960   Library Totals
         6          0          0          0          0          0   (incl. Padding)

    ----------------------------------------------------------------------

      Code (inc. data)   RO Data    RW Data    ZI Data      Debug   Library Name

       880         16          0          0         96        960   c_p.l

    ----------------------------------------------------------------------
       886         16          0          0         96        960   Library Totals

    ----------------------------------------------------------------------

==============================================================================


      Code (inc. data)   RO Data    RW Data    ZI Data      Debug   

     19892        852        660        184       5824     327077   Grand Totals
     19892        852        660        184       5824     327077   ELF Image Totals
     19892        852        660        184          0          0   ROM Totals

==============================================================================

    Total RO  Size (Code + RO Data)                20552 (  20.07kB)
    Total RW  Size (RW Data + ZI Data)              6008 (   5.87kB)
    Total ROM Size (Code + RO Data + RW Data)      20736 (  20.25kB)

==============================================================================

