<html>
<body>
<pre>
<h1>µVision Build Log</h1>
<h2>Tool Versions:</h2>
IDE-Version: ¦ÌVision V5.25.2.0
Copyright (C) 2018 ARM Ltd and ARM Germany GmbH. All rights reserved.
License Information: HANCY HANCY, VM, LIC=D0DUH-WNYNE-W26LL-0DTPA-KIDFV-5151I
 
Tool Versions:
Toolchain:       MDK-ARM Plus  Version: 5.25.2.0
Toolchain Path:  D:\Program Files (x86)\Keil_v5\ARM\ARMCC\Bin
C Compiler:      Armcc.exe V5.06 update 6 (build 750)
Assembler:       Armasm.exe V5.06 update 6 (build 750)
Linker/Locator:  ArmLink.exe V5.06 update 6 (build 750)
Library Manager: ArmAr.exe V5.06 update 6 (build 750)
Hex Converter:   FromElf.exe V5.06 update 6 (build 750)
CPU DLL:         SARMCM3.DLL V5.25.2.0
Dialog DLL:      DARMCM1.DLL V1.19.1.0
Target DLL:      STLink\ST-LINKIII-KEIL_SWO.dll V3.0.1.0
Dialog DLL:      TARMCM1.DLL V1.14.0.0
 
<h2>Project:</h2>
D:\Users\LENOVO\Documents\GitHub\EAR_slaver\EAR_F030\User\STM32F030Demo.uvprojx
Project File Date:  10/27/2018

<h2>Output:</h2>
*** Using Compiler 'V5.06 update 6 (build 750)', folder: 'D:\Program Files (x86)\Keil_v5\ARM\ARMCC\Bin'
Rebuild target 'Stm32f030demo'
compiling main.c...
compiling app.c...
compiling honeywell_sampling_data.c...
compiling delay.c...
compiling common.c...
compiling stm32f0xx_it.c...
compiling iwtdg.c...
compiling system_stm32f0xx.c...
compiling key_led_task.c...
compiling comm_task.c...
..\APP\comm_task.c(816): warning:  #186-D: pointless comparison of unsigned integer with zero
  	if(buffer[0]<0||buffer[0]>249)
..\APP\comm_task.c: 1 warning, 0 errors
compiling protocol_module.c...
assembling startup_stm32f0xx.s...
compiling fifo.c...
compiling CMD_Receive.c...
compiling serial_port.c...
compiling i2c.c...
..\APP\i2c.c(264): warning:  #550-D: variable "data_staus"  was set but never used
  	INT8U data_staus,data23_16,data15_8,data7_0;
..\APP\i2c.c: 1 warning, 0 errors
compiling rtc.c...
compiling os_core.c...
compiling Motor_pwm.c...
compiling hardware.c...
..\HARDWARE\hardware.c(54): warning:  #1295-D: Deprecated declaration Init_RecordPage - give arg types
  extern void Init_RecordPage();
..\HARDWARE\hardware.c: 1 warning, 0 errors
compiling stm32f0xx_gpio.c...
compiling stm32f0xx_misc.c...
compiling stm32f0xx_rcc.c...
compiling stm32f0xx_usart.c...
compiling stm32f0xx_dma.c...
compiling stm32f0xx_pwr.c...
compiling stm32f0xx_exti.c...
compiling stm32f0xx_adc.c...
compiling stm32f0xx_iwdg.c...
compiling stm32f0xx_syscfg.c...
compiling stm32f0xx_flash.c...
compiling stm32f0xx_tim.c...
compiling stm32f0xx_rtc.c...
linking...
Program Size: Code=19986 RO-data=662 RW-data=200 ZI-data=5824  
FromELF: creating hex file...
"..\OBJ\STM32F071Demo.axf" - 0 Error(s), 3 Warning(s).

<h2>Software Packages used:</h2>

Package Vendor: ARM
                http://www.keil.com/pack/ARM.CMSIS.5.3.0.pack
                ARM.CMSIS.5.3.0
                CMSIS (Cortex Microcontroller Software Interface Standard)
   * Component: CORE Version: 5.1.1

Package Vendor: Keil
                http://www.keil.com/pack/Keil.STM32F0xx_DFP.2.0.0.pack
                Keil.STM32F0xx_DFP.2.0.0
                STMicroelectronics STM32F0 Series Device Support, Drivers and Examples

<h2>Collection of Component include folders:</h2>
  .\RTE\_Stm32f030demo
  D:\Program Files (x86)\Keil_v5\ARM\PACK\ARM\CMSIS\5.3.0\CMSIS\Include
  D:\Program Files (x86)\Keil_v5\ARM\PACK\Keil\STM32F0xx_DFP\2.0.0\Drivers\CMSIS\Device\ST\STM32F0xx\Include

<h2>Collection of Component Files used:</h2>

   * Component: ARM::CMSIS:CORE:5.1.1
Build Time Elapsed:  00:00:03
</pre>
</body>
</html>
