<!doctype html public "-//w3c//dtd html 4.0 transitional//en">
<html><head>
<title>Static Call Graph - [..\OBJ\STM32F030Demo.axf]</title></head>
<body><HR>
<H1>Static Call Graph for image ..\OBJ\STM32F030Demo.axf</H1><HR>
<BR><P>#&#060CALLGRAPH&#062# ARM Linker, 5060750: Last Updated: Wed Oct 31 09:37:22 2018
<BR><P>
<H3>Maximum Stack Usage =        852 bytes + Unknown(Functions without stacksize, Cycles, Untraceable Function Pointers)</H3><H3>
Call chain for Maximum Stack Depth:</H3>
CMD_ProcessTask &rArr; ModuleUnPackFrame &rArr; protocol_module_process &rArr; send_prameter_fram1_to_PC &rArr; CheckFlashData &rArr; ResetParameter &rArr; FlashWrite &rArr; FLASH_ProgramWord &rArr; FLASH_WaitForLastOperation
<P>
<H3>
Functions with no stack information
</H3><UL>
 <LI><a href="#[34]">__user_initial_stackheap</a>
</UL>
</UL>
<P>
<H3>
Mutually Recursive functions
</H3> <LI><a href="#[7]">HardFault_Handler</a>&nbsp;&nbsp;&nbsp;&rArr;&nbsp;&nbsp;&nbsp;<a href="#[7]">HardFault_Handler</a><BR>
 <LI><a href="#[17]">ADC1_COMP_IRQHandler</a>&nbsp;&nbsp;&nbsp;&rArr;&nbsp;&nbsp;&nbsp;<a href="#[17]">ADC1_COMP_IRQHandler</a><BR>
</UL>
<P>
<H3>
Function Pointers
</H3><UL>
 <LI><a href="#[17]">ADC1_COMP_IRQHandler</a> from startup_stm32f0xx.o(.text) referenced from startup_stm32f0xx.o(RESET)
 <LI><a href="#[27]">CEC_IRQHandler</a> from startup_stm32f0xx.o(.text) referenced from startup_stm32f0xx.o(RESET)
 <LI><a href="#[2a]">CMD_ProcessTask</a> from comm_task.o(.text) referenced from app.o(.text)
 <LI><a href="#[14]">DMA1_Channel1_IRQHandler</a> from startup_stm32f0xx.o(.text) referenced from startup_stm32f0xx.o(RESET)
 <LI><a href="#[15]">DMA1_Channel2_3_IRQHandler</a> from startup_stm32f0xx.o(.text) referenced from startup_stm32f0xx.o(RESET)
 <LI><a href="#[16]">DMA1_Channel4_5_IRQHandler</a> from startup_stm32f0xx.o(.text) referenced from startup_stm32f0xx.o(RESET)
 <LI><a href="#[10]">EXTI0_1_IRQHandler</a> from key_led_task.o(.text) referenced from startup_stm32f0xx.o(RESET)
 <LI><a href="#[11]">EXTI2_3_IRQHandler</a> from startup_stm32f0xx.o(.text) referenced from startup_stm32f0xx.o(RESET)
 <LI><a href="#[12]">EXTI4_15_IRQHandler</a> from startup_stm32f0xx.o(.text) referenced from startup_stm32f0xx.o(RESET)
 <LI><a href="#[e]">FLASH_IRQHandler</a> from startup_stm32f0xx.o(.text) referenced from startup_stm32f0xx.o(RESET)
 <LI><a href="#[7]">HardFault_Handler</a> from stm32f0xx_it.o(.text) referenced from startup_stm32f0xx.o(RESET)
 <LI><a href="#[21]">I2C1_IRQHandler</a> from startup_stm32f0xx.o(.text) referenced from startup_stm32f0xx.o(RESET)
 <LI><a href="#[22]">I2C2_IRQHandler</a> from startup_stm32f0xx.o(.text) referenced from startup_stm32f0xx.o(RESET)
 <LI><a href="#[6]">NMI_Handler</a> from stm32f0xx_it.o(.text) referenced from startup_stm32f0xx.o(RESET)
 <LI><a href="#[c]">PVD_IRQHandler</a> from startup_stm32f0xx.o(.text) referenced from startup_stm32f0xx.o(RESET)
 <LI><a href="#[9]">PendSV_Handler</a> from stm32f0xx_it.o(.text) referenced from startup_stm32f0xx.o(RESET)
 <LI><a href="#[f]">RCC_IRQHandler</a> from startup_stm32f0xx.o(.text) referenced from startup_stm32f0xx.o(RESET)
 <LI><a href="#[d]">RTC_IRQHandler</a> from startup_stm32f0xx.o(.text) referenced from startup_stm32f0xx.o(RESET)
 <LI><a href="#[32]">Reset_Handler</a> from startup_stm32f0xx.o(.text) referenced from startup_stm32f0xx.o(RESET)
 <LI><a href="#[23]">SPI1_IRQHandler</a> from startup_stm32f0xx.o(.text) referenced from startup_stm32f0xx.o(RESET)
 <LI><a href="#[24]">SPI2_IRQHandler</a> from startup_stm32f0xx.o(.text) referenced from startup_stm32f0xx.o(RESET)
 <LI><a href="#[8]">SVC_Handler</a> from stm32f0xx_it.o(.text) referenced from startup_stm32f0xx.o(RESET)
 <LI><a href="#[a]">SysTick_Handler</a> from stm32f0xx_it.o(.text) referenced from startup_stm32f0xx.o(RESET)
 <LI><a href="#[30]">SystemInit</a> from system_stm32f0xx.o(.text) referenced from startup_stm32f0xx.o(.text)
 <LI><a href="#[1d]">TIM14_IRQHandler</a> from startup_stm32f0xx.o(.text) referenced from startup_stm32f0xx.o(RESET)
 <LI><a href="#[1e]">TIM15_IRQHandler</a> from startup_stm32f0xx.o(.text) referenced from startup_stm32f0xx.o(RESET)
 <LI><a href="#[1f]">TIM16_IRQHandler</a> from stm32f0xx_it.o(.text) referenced from startup_stm32f0xx.o(RESET)
 <LI><a href="#[20]">TIM17_IRQHandler</a> from startup_stm32f0xx.o(.text) referenced from startup_stm32f0xx.o(RESET)
 <LI><a href="#[18]">TIM1_BRK_UP_TRG_COM_IRQHandler</a> from startup_stm32f0xx.o(.text) referenced from startup_stm32f0xx.o(RESET)
 <LI><a href="#[19]">TIM1_CC_IRQHandler</a> from startup_stm32f0xx.o(.text) referenced from startup_stm32f0xx.o(RESET)
 <LI><a href="#[1a]">TIM2_IRQHandler</a> from startup_stm32f0xx.o(.text) referenced from startup_stm32f0xx.o(RESET)
 <LI><a href="#[1b]">TIM3_IRQHandler</a> from startup_stm32f0xx.o(.text) referenced from startup_stm32f0xx.o(RESET)
 <LI><a href="#[1c]">TIM6_DAC_IRQHandler</a> from startup_stm32f0xx.o(.text) referenced from startup_stm32f0xx.o(RESET)
 <LI><a href="#[13]">TS_IRQHandler</a> from startup_stm32f0xx.o(.text) referenced from startup_stm32f0xx.o(RESET)
 <LI><a href="#[29]">TaskDataSend</a> from comm_task.o(.text) referenced from app.o(.text)
 <LI><a href="#[25]">USART1_IRQHandler</a> from startup_stm32f0xx.o(.text) referenced from startup_stm32f0xx.o(RESET)
 <LI><a href="#[26]">USART2_IRQHandler</a> from startup_stm32f0xx.o(.text) referenced from startup_stm32f0xx.o(RESET)
 <LI><a href="#[b]">WWDG_IRQHandler</a> from startup_stm32f0xx.o(.text) referenced from startup_stm32f0xx.o(RESET)
 <LI><a href="#[33]">__main</a> from __main.o(!!!main) referenced from startup_stm32f0xx.o(.text)
 <LI><a href="#[2f]">bat_check</a> from comm_task.o(.text) referenced from app.o(.text)
 <LI><a href="#[2c]">check_selectedMode_ouputPWM</a> from comm_task.o(.text) referenced from app.o(.text)
 <LI><a href="#[2d]">get_switch_mode</a> from comm_task.o(.text) referenced from app.o(.text)
 <LI><a href="#[2e]">honeywell_sampling_data</a> from honeywell_sampling_data.o(.text) referenced from app.o(.text)
 <LI><a href="#[28]">init_task</a> from app.o(.text) referenced from main.o(.text)
 <LI><a href="#[2b]">key_led_task</a> from key_led_task.o(.text) referenced from app.o(.text)
</UL>
<P>
<H3>
Global Symbols
</H3>
<P><STRONG><a name="[33]"></a>__main</STRONG> (Thumb, 8 bytes, Stack size 0 bytes, __main.o(!!!main))
<BR><BR>[Calls]<UL><LI><a href="#[36]">&gt;&gt;</a>&nbsp;&nbsp;&nbsp;__rt_entry
<LI><a href="#[35]">&gt;&gt;</a>&nbsp;&nbsp;&nbsp;__scatterload
</UL>

<P><STRONG><a name="[35]"></a>__scatterload</STRONG> (Thumb, 0 bytes, Stack size unknown bytes, __scatter.o(!!!scatter))
<BR><BR>[Called By]<UL><LI><a href="#[33]">&gt;&gt;</a>&nbsp;&nbsp;&nbsp;__main
</UL>

<P><STRONG><a name="[37]"></a>__scatterload_rt2</STRONG> (Thumb, 52 bytes, Stack size unknown bytes, __scatter.o(!!!scatter), UNUSED)
<BR><BR>[Calls]<UL><LI><a href="#[36]">&gt;&gt;</a>&nbsp;&nbsp;&nbsp;__rt_entry
</UL>

<P><STRONG><a name="[119]"></a>__scatterload_rt2_thumb_only</STRONG> (Thumb, 0 bytes, Stack size unknown bytes, __scatter.o(!!!scatter), UNUSED)

<P><STRONG><a name="[11a]"></a>__scatterload_null</STRONG> (Thumb, 0 bytes, Stack size unknown bytes, __scatter.o(!!!scatter), UNUSED)

<P><STRONG><a name="[38]"></a>__scatterload_copy</STRONG> (Thumb, 26 bytes, Stack size unknown bytes, __scatter_copy.o(!!handler_copy), UNUSED)
<BR><BR>[Calls]<UL><LI><a href="#[38]">&gt;&gt;</a>&nbsp;&nbsp;&nbsp;__scatterload_copy
</UL>
<BR>[Called By]<UL><LI><a href="#[38]">&gt;&gt;</a>&nbsp;&nbsp;&nbsp;__scatterload_copy
</UL>

<P><STRONG><a name="[11b]"></a>__scatterload_zeroinit</STRONG> (Thumb, 28 bytes, Stack size unknown bytes, __scatter_zi.o(!!handler_zi), UNUSED)

<P><STRONG><a name="[3c]"></a>__rt_lib_init</STRONG> (Thumb, 0 bytes, Stack size unknown bytes, libinit.o(.ARM.Collect$$libinit$$00000000))
<BR><BR>[Called By]<UL><LI><a href="#[3b]">&gt;&gt;</a>&nbsp;&nbsp;&nbsp;__rt_entry_li
</UL>

<P><STRONG><a name="[11c]"></a>__rt_lib_init_alloca_1</STRONG> (Thumb, 0 bytes, Stack size unknown bytes, libinit2.o(.ARM.Collect$$libinit$$0000002E))

<P><STRONG><a name="[11d]"></a>__rt_lib_init_argv_1</STRONG> (Thumb, 0 bytes, Stack size unknown bytes, libinit2.o(.ARM.Collect$$libinit$$0000002C))

<P><STRONG><a name="[11e]"></a>__rt_lib_init_atexit_1</STRONG> (Thumb, 0 bytes, Stack size unknown bytes, libinit2.o(.ARM.Collect$$libinit$$0000001B))

<P><STRONG><a name="[11f]"></a>__rt_lib_init_clock_1</STRONG> (Thumb, 0 bytes, Stack size unknown bytes, libinit2.o(.ARM.Collect$$libinit$$00000021))

<P><STRONG><a name="[120]"></a>__rt_lib_init_cpp_1</STRONG> (Thumb, 0 bytes, Stack size unknown bytes, libinit2.o(.ARM.Collect$$libinit$$00000032))

<P><STRONG><a name="[121]"></a>__rt_lib_init_exceptions_1</STRONG> (Thumb, 0 bytes, Stack size unknown bytes, libinit2.o(.ARM.Collect$$libinit$$00000030))

<P><STRONG><a name="[122]"></a>__rt_lib_init_fp_1</STRONG> (Thumb, 0 bytes, Stack size unknown bytes, libinit2.o(.ARM.Collect$$libinit$$00000002))

<P><STRONG><a name="[123]"></a>__rt_lib_init_fp_trap_1</STRONG> (Thumb, 0 bytes, Stack size unknown bytes, libinit2.o(.ARM.Collect$$libinit$$0000001F))

<P><STRONG><a name="[124]"></a>__rt_lib_init_getenv_1</STRONG> (Thumb, 0 bytes, Stack size unknown bytes, libinit2.o(.ARM.Collect$$libinit$$00000023))

<P><STRONG><a name="[125]"></a>__rt_lib_init_heap_1</STRONG> (Thumb, 0 bytes, Stack size unknown bytes, libinit2.o(.ARM.Collect$$libinit$$0000000A))

<P><STRONG><a name="[126]"></a>__rt_lib_init_lc_collate_1</STRONG> (Thumb, 0 bytes, Stack size unknown bytes, libinit2.o(.ARM.Collect$$libinit$$00000011))

<P><STRONG><a name="[127]"></a>__rt_lib_init_lc_ctype_1</STRONG> (Thumb, 0 bytes, Stack size unknown bytes, libinit2.o(.ARM.Collect$$libinit$$00000013))

<P><STRONG><a name="[128]"></a>__rt_lib_init_lc_monetary_1</STRONG> (Thumb, 0 bytes, Stack size unknown bytes, libinit2.o(.ARM.Collect$$libinit$$00000015))

<P><STRONG><a name="[129]"></a>__rt_lib_init_lc_numeric_1</STRONG> (Thumb, 0 bytes, Stack size unknown bytes, libinit2.o(.ARM.Collect$$libinit$$00000017))

<P><STRONG><a name="[12a]"></a>__rt_lib_init_lc_time_1</STRONG> (Thumb, 0 bytes, Stack size unknown bytes, libinit2.o(.ARM.Collect$$libinit$$00000019))

<P><STRONG><a name="[12b]"></a>__rt_lib_init_preinit_1</STRONG> (Thumb, 0 bytes, Stack size unknown bytes, libinit2.o(.ARM.Collect$$libinit$$00000004))

<P><STRONG><a name="[12c]"></a>__rt_lib_init_rand_1</STRONG> (Thumb, 0 bytes, Stack size unknown bytes, libinit2.o(.ARM.Collect$$libinit$$0000000E))

<P><STRONG><a name="[12d]"></a>__rt_lib_init_return</STRONG> (Thumb, 0 bytes, Stack size unknown bytes, libinit2.o(.ARM.Collect$$libinit$$00000033))

<P><STRONG><a name="[12e]"></a>__rt_lib_init_signal_1</STRONG> (Thumb, 0 bytes, Stack size unknown bytes, libinit2.o(.ARM.Collect$$libinit$$0000001D))

<P><STRONG><a name="[12f]"></a>__rt_lib_init_stdio_1</STRONG> (Thumb, 0 bytes, Stack size unknown bytes, libinit2.o(.ARM.Collect$$libinit$$00000025))

<P><STRONG><a name="[130]"></a>__rt_lib_init_user_alloc_1</STRONG> (Thumb, 0 bytes, Stack size unknown bytes, libinit2.o(.ARM.Collect$$libinit$$0000000C))

<P><STRONG><a name="[41]"></a>__rt_lib_shutdown</STRONG> (Thumb, 0 bytes, Stack size unknown bytes, libshutdown.o(.ARM.Collect$$libshutdown$$00000000))
<BR><BR>[Called By]<UL><LI><a href="#[40]">&gt;&gt;</a>&nbsp;&nbsp;&nbsp;__rt_exit_ls
</UL>

<P><STRONG><a name="[131]"></a>__rt_lib_shutdown_cpp_1</STRONG> (Thumb, 0 bytes, Stack size unknown bytes, libshutdown2.o(.ARM.Collect$$libshutdown$$00000002))

<P><STRONG><a name="[132]"></a>__rt_lib_shutdown_fp_trap_1</STRONG> (Thumb, 0 bytes, Stack size unknown bytes, libshutdown2.o(.ARM.Collect$$libshutdown$$00000007))

<P><STRONG><a name="[133]"></a>__rt_lib_shutdown_heap_1</STRONG> (Thumb, 0 bytes, Stack size unknown bytes, libshutdown2.o(.ARM.Collect$$libshutdown$$0000000F))

<P><STRONG><a name="[134]"></a>__rt_lib_shutdown_return</STRONG> (Thumb, 0 bytes, Stack size unknown bytes, libshutdown2.o(.ARM.Collect$$libshutdown$$00000010))

<P><STRONG><a name="[135]"></a>__rt_lib_shutdown_signal_1</STRONG> (Thumb, 0 bytes, Stack size unknown bytes, libshutdown2.o(.ARM.Collect$$libshutdown$$0000000A))

<P><STRONG><a name="[136]"></a>__rt_lib_shutdown_stdio_1</STRONG> (Thumb, 0 bytes, Stack size unknown bytes, libshutdown2.o(.ARM.Collect$$libshutdown$$00000004))

<P><STRONG><a name="[137]"></a>__rt_lib_shutdown_user_alloc_1</STRONG> (Thumb, 0 bytes, Stack size unknown bytes, libshutdown2.o(.ARM.Collect$$libshutdown$$0000000C))

<P><STRONG><a name="[36]"></a>__rt_entry</STRONG> (Thumb, 0 bytes, Stack size unknown bytes, __rtentry.o(.ARM.Collect$$rtentry$$00000000))
<BR><BR>[Called By]<UL><LI><a href="#[33]">&gt;&gt;</a>&nbsp;&nbsp;&nbsp;__main
<LI><a href="#[37]">&gt;&gt;</a>&nbsp;&nbsp;&nbsp;__scatterload_rt2
</UL>

<P><STRONG><a name="[138]"></a>__rt_entry_presh_1</STRONG> (Thumb, 0 bytes, Stack size unknown bytes, __rtentry2.o(.ARM.Collect$$rtentry$$00000002))

<P><STRONG><a name="[39]"></a>__rt_entry_sh</STRONG> (Thumb, 0 bytes, Stack size unknown bytes, __rtentry4.o(.ARM.Collect$$rtentry$$00000004))
<BR><BR>[Stack]<UL><LI>Max Depth = 8 + Unknown Stack Size
<LI>Call Chain = __rt_entry_sh &rArr; __user_setup_stackheap
</UL>
<BR>[Calls]<UL><LI><a href="#[3a]">&gt;&gt;</a>&nbsp;&nbsp;&nbsp;__user_setup_stackheap
</UL>

<P><STRONG><a name="[3b]"></a>__rt_entry_li</STRONG> (Thumb, 0 bytes, Stack size unknown bytes, __rtentry2.o(.ARM.Collect$$rtentry$$0000000A))
<BR><BR>[Calls]<UL><LI><a href="#[3c]">&gt;&gt;</a>&nbsp;&nbsp;&nbsp;__rt_lib_init
</UL>

<P><STRONG><a name="[139]"></a>__rt_entry_postsh_1</STRONG> (Thumb, 0 bytes, Stack size unknown bytes, __rtentry2.o(.ARM.Collect$$rtentry$$00000009))

<P><STRONG><a name="[3d]"></a>__rt_entry_main</STRONG> (Thumb, 0 bytes, Stack size unknown bytes, __rtentry2.o(.ARM.Collect$$rtentry$$0000000D))
<BR><BR>[Stack]<UL><LI>Max Depth = 200 + Unknown Stack Size
<LI>Call Chain = __rt_entry_main &rArr; main &rArr; init_system_afterWakeUp &rArr; init_task &rArr; UARTInit &rArr; USART_Init &rArr; RCC_GetClocksFreq
</UL>
<BR>[Calls]<UL><LI><a href="#[3e]">&gt;&gt;</a>&nbsp;&nbsp;&nbsp;main
<LI><a href="#[3f]">&gt;&gt;</a>&nbsp;&nbsp;&nbsp;exit
</UL>

<P><STRONG><a name="[13a]"></a>__rt_entry_postli_1</STRONG> (Thumb, 0 bytes, Stack size unknown bytes, __rtentry2.o(.ARM.Collect$$rtentry$$0000000C))

<P><STRONG><a name="[118]"></a>__rt_exit</STRONG> (Thumb, 0 bytes, Stack size unknown bytes, rtexit.o(.ARM.Collect$$rtexit$$00000000))
<BR><BR>[Called By]<UL><LI><a href="#[3f]">&gt;&gt;</a>&nbsp;&nbsp;&nbsp;exit
</UL>

<P><STRONG><a name="[40]"></a>__rt_exit_ls</STRONG> (Thumb, 0 bytes, Stack size unknown bytes, rtexit2.o(.ARM.Collect$$rtexit$$00000003))
<BR><BR>[Calls]<UL><LI><a href="#[41]">&gt;&gt;</a>&nbsp;&nbsp;&nbsp;__rt_lib_shutdown
</UL>

<P><STRONG><a name="[13b]"></a>__rt_exit_prels_1</STRONG> (Thumb, 0 bytes, Stack size unknown bytes, rtexit2.o(.ARM.Collect$$rtexit$$00000002))

<P><STRONG><a name="[42]"></a>__rt_exit_exit</STRONG> (Thumb, 0 bytes, Stack size unknown bytes, rtexit2.o(.ARM.Collect$$rtexit$$00000004))
<BR><BR>[Calls]<UL><LI><a href="#[43]">&gt;&gt;</a>&nbsp;&nbsp;&nbsp;_sys_exit
</UL>

<P><STRONG><a name="[5c]"></a>__aeabi_memcpy4</STRONG> (Thumb, 56 bytes, Stack size 0 bytes, rt_memcpy.o(.emb_text))
<BR><BR>[Called By]<UL><LI><a href="#[59]">&gt;&gt;</a>&nbsp;&nbsp;&nbsp;ModuleUnPackFrame
<LI><a href="#[2c]">&gt;&gt;</a>&nbsp;&nbsp;&nbsp;check_selectedMode_ouputPWM
<LI><a href="#[71]">&gt;&gt;</a>&nbsp;&nbsp;&nbsp;__aeabi_memcpy
</UL>

<P><STRONG><a name="[13c]"></a>__aeabi_memcpy8</STRONG> (Thumb, 0 bytes, Stack size 0 bytes, rt_memcpy.o(.emb_text), UNUSED)

<P><STRONG><a name="[3e]"></a>main</STRONG> (Thumb, 36 bytes, Stack size 8 bytes, main.o(.text))
<BR><BR>[Stack]<UL><LI>Max Depth = 200<LI>Call Chain = main &rArr; init_system_afterWakeUp &rArr; init_task &rArr; UARTInit &rArr; USART_Init &rArr; RCC_GetClocksFreq
</UL>
<BR>[Calls]<UL><LI><a href="#[49]">&gt;&gt;</a>&nbsp;&nbsp;&nbsp;os_start
<LI><a href="#[45]">&gt;&gt;</a>&nbsp;&nbsp;&nbsp;os_init
<LI><a href="#[48]">&gt;&gt;</a>&nbsp;&nbsp;&nbsp;os_create_task
<LI><a href="#[47]">&gt;&gt;</a>&nbsp;&nbsp;&nbsp;init_system_afterWakeUp
<LI><a href="#[44]">&gt;&gt;</a>&nbsp;&nbsp;&nbsp;delay_init
<LI><a href="#[46]">&gt;&gt;</a>&nbsp;&nbsp;&nbsp;EnterStopMode
</UL>
<BR>[Called By]<UL><LI><a href="#[3d]">&gt;&gt;</a>&nbsp;&nbsp;&nbsp;__rt_entry_main
</UL>

<P><STRONG><a name="[6]"></a>NMI_Handler</STRONG> (Thumb, 2 bytes, Stack size 0 bytes, stm32f0xx_it.o(.text))
<BR>[Address Reference Count : 1]<UL><LI> startup_stm32f0xx.o(RESET)
</UL>
<P><STRONG><a name="[7]"></a>HardFault_Handler</STRONG> (Thumb, 2 bytes, Stack size 0 bytes, stm32f0xx_it.o(.text))
<BR><BR>[Calls]<UL><LI><a href="#[7]">&gt;&gt;</a>&nbsp;&nbsp;&nbsp;HardFault_Handler
</UL>
<BR>[Called By]<UL><LI><a href="#[7]">&gt;&gt;</a>&nbsp;&nbsp;&nbsp;HardFault_Handler
</UL>
<BR>[Address Reference Count : 1]<UL><LI> startup_stm32f0xx.o(RESET)
</UL>
<P><STRONG><a name="[8]"></a>SVC_Handler</STRONG> (Thumb, 2 bytes, Stack size 0 bytes, stm32f0xx_it.o(.text))
<BR>[Address Reference Count : 1]<UL><LI> startup_stm32f0xx.o(RESET)
</UL>
<P><STRONG><a name="[9]"></a>PendSV_Handler</STRONG> (Thumb, 2 bytes, Stack size 0 bytes, stm32f0xx_it.o(.text))
<BR>[Address Reference Count : 1]<UL><LI> startup_stm32f0xx.o(RESET)
</UL>
<P><STRONG><a name="[a]"></a>SysTick_Handler</STRONG> (Thumb, 2 bytes, Stack size 0 bytes, stm32f0xx_it.o(.text))
<BR>[Address Reference Count : 1]<UL><LI> startup_stm32f0xx.o(RESET)
</UL>
<P><STRONG><a name="[1f]"></a>TIM16_IRQHandler</STRONG> (Thumb, 30 bytes, Stack size 8 bytes, stm32f0xx_it.o(.text))
<BR><BR>[Stack]<UL><LI>Max Depth = 8<LI>Call Chain = TIM16_IRQHandler
</UL>
<BR>[Calls]<UL><LI><a href="#[4b]">&gt;&gt;</a>&nbsp;&nbsp;&nbsp;os_isr_ticks
<LI><a href="#[4a]">&gt;&gt;</a>&nbsp;&nbsp;&nbsp;TIM_GetITStatus
<LI><a href="#[4c]">&gt;&gt;</a>&nbsp;&nbsp;&nbsp;TIM_ClearITPendingBit
</UL>
<BR>[Address Reference Count : 1]<UL><LI> startup_stm32f0xx.o(RESET)
</UL>
<P><STRONG><a name="[30]"></a>SystemInit</STRONG> (Thumb, 84 bytes, Stack size 8 bytes, system_stm32f0xx.o(.text))
<BR><BR>[Stack]<UL><LI>Max Depth = 24<LI>Call Chain = SystemInit &rArr; SetSysClock
</UL>
<BR>[Calls]<UL><LI><a href="#[4d]">&gt;&gt;</a>&nbsp;&nbsp;&nbsp;SetSysClock
</UL>
<BR>[Called By]<UL><LI><a href="#[47]">&gt;&gt;</a>&nbsp;&nbsp;&nbsp;init_system_afterWakeUp
</UL>
<BR>[Address Reference Count : 1]<UL><LI> startup_stm32f0xx.o(.text)
</UL>
<P><STRONG><a name="[4e]"></a>SystemCoreClockUpdate</STRONG> (Thumb, 90 bytes, Stack size 16 bytes, system_stm32f0xx.o(.text), UNUSED)
<BR><BR>[Calls]<UL><LI><a href="#[4f]">&gt;&gt;</a>&nbsp;&nbsp;&nbsp;__aeabi_uidivmod
</UL>

<P><STRONG><a name="[83]"></a>Init_iWtdg</STRONG> (Thumb, 2 bytes, Stack size 0 bytes, iwtdg.o(.text))
<BR><BR>[Called By]<UL><LI><a href="#[47]">&gt;&gt;</a>&nbsp;&nbsp;&nbsp;init_system_afterWakeUp
</UL>

<P><STRONG><a name="[65]"></a>IWDG_Feed</STRONG> (Thumb, 2 bytes, Stack size 0 bytes, iwtdg.o(.text))
<BR><BR>[Called By]<UL><LI><a href="#[2b]">&gt;&gt;</a>&nbsp;&nbsp;&nbsp;key_led_task
<LI><a href="#[2c]">&gt;&gt;</a>&nbsp;&nbsp;&nbsp;check_selectedMode_ouputPWM
<LI><a href="#[2f]">&gt;&gt;</a>&nbsp;&nbsp;&nbsp;bat_check
</UL>

<P><STRONG><a name="[28]"></a>init_task</STRONG> (Thumb, 114 bytes, Stack size 8 bytes, app.o(.text))
<BR><BR>[Stack]<UL><LI>Max Depth = 184<LI>Call Chain = init_task &rArr; UARTInit &rArr; USART_Init &rArr; RCC_GetClocksFreq
</UL>
<BR>[Calls]<UL><LI><a href="#[56]">&gt;&gt;</a>&nbsp;&nbsp;&nbsp;os_pend_task
<LI><a href="#[51]">&gt;&gt;</a>&nbsp;&nbsp;&nbsp;init_hardware
<LI><a href="#[53]">&gt;&gt;</a>&nbsp;&nbsp;&nbsp;fifoInit
<LI><a href="#[54]">&gt;&gt;</a>&nbsp;&nbsp;&nbsp;UARTInit
<LI><a href="#[52]">&gt;&gt;</a>&nbsp;&nbsp;&nbsp;Motor_PWM_Init
<LI><a href="#[55]">&gt;&gt;</a>&nbsp;&nbsp;&nbsp;Init_Receive
<LI><a href="#[48]">&gt;&gt;</a>&nbsp;&nbsp;&nbsp;os_create_task
</UL>
<BR>[Called By]<UL><LI><a href="#[47]">&gt;&gt;</a>&nbsp;&nbsp;&nbsp;init_system_afterWakeUp
</UL>
<BR>[Address Reference Count : 1]<UL><LI> main.o(.text)
</UL>
<P><STRONG><a name="[57]"></a>test_task</STRONG> (Thumb, 12 bytes, Stack size 8 bytes, app.o(.text), UNUSED)
<BR><BR>[Calls]<UL><LI><a href="#[58]">&gt;&gt;</a>&nbsp;&nbsp;&nbsp;os_delay_ms
</UL>

<P><STRONG><a name="[67]"></a>init_PWMState</STRONG> (Thumb, 54 bytes, Stack size 0 bytes, comm_task.o(.text))
<BR><BR>[Called By]<UL><LI><a href="#[2b]">&gt;&gt;</a>&nbsp;&nbsp;&nbsp;key_led_task
<LI><a href="#[2d]">&gt;&gt;</a>&nbsp;&nbsp;&nbsp;get_switch_mode
<LI><a href="#[46]">&gt;&gt;</a>&nbsp;&nbsp;&nbsp;EnterStopMode
</UL>

<P><STRONG><a name="[90]"></a>CalcCheckSum</STRONG> (Thumb, 34 bytes, Stack size 8 bytes, comm_task.o(.text))
<BR><BR>[Stack]<UL><LI>Max Depth = 8<LI>Call Chain = CalcCheckSum
</UL>
<BR>[Called By]<UL><LI><a href="#[a7]">&gt;&gt;</a>&nbsp;&nbsp;&nbsp;send_one_frame_data
<LI><a href="#[a5]">&gt;&gt;</a>&nbsp;&nbsp;&nbsp;send_RTC_record_numbers
<LI><a href="#[a4]">&gt;&gt;</a>&nbsp;&nbsp;&nbsp;send_RTC_SYN_finish
<LI><a href="#[9b]">&gt;&gt;</a>&nbsp;&nbsp;&nbsp;send_prameter_fram2_to_PC
<LI><a href="#[9a]">&gt;&gt;</a>&nbsp;&nbsp;&nbsp;send_prameter_fram1_to_PC
<LI><a href="#[99]">&gt;&gt;</a>&nbsp;&nbsp;&nbsp;send_para_rcv_result
<LI><a href="#[8f]">&gt;&gt;</a>&nbsp;&nbsp;&nbsp;protocol_module_send_train_data_check_sum
</UL>

<P><STRONG><a name="[29]"></a>TaskDataSend</STRONG> (Thumb, 64 bytes, Stack size 312 bytes, comm_task.o(.text))
<BR><BR>[Stack]<UL><LI>Max Depth = 328<LI>Call Chain = TaskDataSend &rArr; fifoReadData
</UL>
<BR>[Calls]<UL><LI><a href="#[60]">&gt;&gt;</a>&nbsp;&nbsp;&nbsp;fifoReadData
<LI><a href="#[5e]">&gt;&gt;</a>&nbsp;&nbsp;&nbsp;delay_ms
<LI><a href="#[61]">&gt;&gt;</a>&nbsp;&nbsp;&nbsp;UartSendNBytes
<LI><a href="#[58]">&gt;&gt;</a>&nbsp;&nbsp;&nbsp;os_delay_ms
<LI><a href="#[5f]">&gt;&gt;</a>&nbsp;&nbsp;&nbsp;__aeabi_memclr4
</UL>
<BR>[Address Reference Count : 1]<UL><LI> app.o(.text)
</UL>
<P><STRONG><a name="[69]"></a>Is_timing_Xmillisec</STRONG> (Thumb, 122 bytes, Stack size 16 bytes, comm_task.o(.text))
<BR><BR>[Stack]<UL><LI>Max Depth = 16<LI>Call Chain = Is_timing_Xmillisec
</UL>
<BR>[Called By]<UL><LI><a href="#[68]">&gt;&gt;</a>&nbsp;&nbsp;&nbsp;PaintPWM
<LI><a href="#[2c]">&gt;&gt;</a>&nbsp;&nbsp;&nbsp;check_selectedMode_ouputPWM
</UL>

<P><STRONG><a name="[2f]"></a>bat_check</STRONG> (Thumb, 176 bytes, Stack size 16 bytes, comm_task.o(.text))
<BR><BR>[Stack]<UL><LI>Max Depth = 208<LI>Call Chain = bat_check &rArr; init_system_afterWakeUp &rArr; init_task &rArr; UARTInit &rArr; USART_Init &rArr; RCC_GetClocksFreq
</UL>
<BR>[Calls]<UL><LI><a href="#[62]">&gt;&gt;</a>&nbsp;&nbsp;&nbsp;set_led
<LI><a href="#[63]">&gt;&gt;</a>&nbsp;&nbsp;&nbsp;Motor_PWM_Freq_Dudy_Set
<LI><a href="#[64]">&gt;&gt;</a>&nbsp;&nbsp;&nbsp;Delay_ms
<LI><a href="#[58]">&gt;&gt;</a>&nbsp;&nbsp;&nbsp;os_delay_ms
<LI><a href="#[65]">&gt;&gt;</a>&nbsp;&nbsp;&nbsp;IWDG_Feed
<LI><a href="#[47]">&gt;&gt;</a>&nbsp;&nbsp;&nbsp;init_system_afterWakeUp
<LI><a href="#[46]">&gt;&gt;</a>&nbsp;&nbsp;&nbsp;EnterStopMode
</UL>
<BR>[Address Reference Count : 1]<UL><LI> app.o(.text)
</UL>
<P><STRONG><a name="[2d]"></a>get_switch_mode</STRONG> (Thumb, 82 bytes, Stack size 8 bytes, comm_task.o(.text))
<BR><BR>[Stack]<UL><LI>Max Depth = 68<LI>Call Chain = get_switch_mode &rArr; Motor_PWM_Freq_Dudy_Set &rArr; TIM_OC1Init
</UL>
<BR>[Calls]<UL><LI><a href="#[63]">&gt;&gt;</a>&nbsp;&nbsp;&nbsp;Motor_PWM_Freq_Dudy_Set
<LI><a href="#[66]">&gt;&gt;</a>&nbsp;&nbsp;&nbsp;GetModeSelected
<LI><a href="#[67]">&gt;&gt;</a>&nbsp;&nbsp;&nbsp;init_PWMState
<LI><a href="#[58]">&gt;&gt;</a>&nbsp;&nbsp;&nbsp;os_delay_ms
</UL>
<BR>[Address Reference Count : 1]<UL><LI> app.o(.text)
</UL>
<P><STRONG><a name="[68]"></a>PaintPWM</STRONG> (Thumb, 490 bytes, Stack size 24 bytes, comm_task.o(.text))
<BR><BR>[Stack]<UL><LI>Max Depth = 84<LI>Call Chain = PaintPWM &rArr; Motor_PWM_Freq_Dudy_Set &rArr; TIM_OC1Init
</UL>
<BR>[Calls]<UL><LI><a href="#[63]">&gt;&gt;</a>&nbsp;&nbsp;&nbsp;Motor_PWM_Freq_Dudy_Set
<LI><a href="#[69]">&gt;&gt;</a>&nbsp;&nbsp;&nbsp;Is_timing_Xmillisec
</UL>
<BR>[Called By]<UL><LI><a href="#[2c]">&gt;&gt;</a>&nbsp;&nbsp;&nbsp;check_selectedMode_ouputPWM
</UL>

<P><STRONG><a name="[6a]"></a>ResetParameter</STRONG> (Thumb, 32 bytes, Stack size 8 bytes, comm_task.o(.text))
<BR><BR>[Stack]<UL><LI>Max Depth = 60<LI>Call Chain = ResetParameter &rArr; FlashWrite &rArr; FLASH_ProgramWord &rArr; FLASH_WaitForLastOperation
</UL>
<BR>[Calls]<UL><LI><a href="#[6b]">&gt;&gt;</a>&nbsp;&nbsp;&nbsp;FlashWrite
</UL>
<BR>[Called By]<UL><LI><a href="#[6c]">&gt;&gt;</a>&nbsp;&nbsp;&nbsp;CheckFlashData
</UL>

<P><STRONG><a name="[6c]"></a>CheckFlashData</STRONG> (Thumb, 88 bytes, Stack size 0 bytes, comm_task.o(.text))
<BR><BR>[Stack]<UL><LI>Max Depth = 60<LI>Call Chain = CheckFlashData &rArr; ResetParameter &rArr; FlashWrite &rArr; FLASH_ProgramWord &rArr; FLASH_WaitForLastOperation
</UL>
<BR>[Calls]<UL><LI><a href="#[6a]">&gt;&gt;</a>&nbsp;&nbsp;&nbsp;ResetParameter
</UL>
<BR>[Called By]<UL><LI><a href="#[9a]">&gt;&gt;</a>&nbsp;&nbsp;&nbsp;send_prameter_fram1_to_PC
<LI><a href="#[2c]">&gt;&gt;</a>&nbsp;&nbsp;&nbsp;check_selectedMode_ouputPWM
</UL>

<P><STRONG><a name="[72]"></a>FillUpPWMbuffer</STRONG> (Thumb, 52 bytes, Stack size 20 bytes, comm_task.o(.text))
<BR><BR>[Stack]<UL><LI>Max Depth = 20<LI>Call Chain = FillUpPWMbuffer
</UL>
<BR>[Called By]<UL><LI><a href="#[2c]">&gt;&gt;</a>&nbsp;&nbsp;&nbsp;check_selectedMode_ouputPWM
</UL>

<P><STRONG><a name="[6d]"></a>get_pressure_sensor_rate</STRONG> (Thumb, 42 bytes, Stack size 16 bytes, comm_task.o(.text), UNUSED)
<BR><BR>[Calls]<UL><LI><a href="#[6e]">&gt;&gt;</a>&nbsp;&nbsp;&nbsp;FlashReadWord
</UL>

<P><STRONG><a name="[2c]"></a>check_selectedMode_ouputPWM</STRONG> (Thumb, 568 bytes, Stack size 464 bytes, comm_task.o(.text))
<BR><BR>[Stack]<UL><LI>Max Depth = 656<LI>Call Chain = check_selectedMode_ouputPWM &rArr; init_system_afterWakeUp &rArr; init_task &rArr; UARTInit &rArr; USART_Init &rArr; RCC_GetClocksFreq
</UL>
<BR>[Calls]<UL><LI><a href="#[74]">&gt;&gt;</a>&nbsp;&nbsp;&nbsp;trans_xmmHg_2_adc_value
<LI><a href="#[62]">&gt;&gt;</a>&nbsp;&nbsp;&nbsp;set_led
<LI><a href="#[73]">&gt;&gt;</a>&nbsp;&nbsp;&nbsp;record_dateTime
<LI><a href="#[63]">&gt;&gt;</a>&nbsp;&nbsp;&nbsp;Motor_PWM_Freq_Dudy_Set
<LI><a href="#[6f]">&gt;&gt;</a>&nbsp;&nbsp;&nbsp;FlashRead
<LI><a href="#[64]">&gt;&gt;</a>&nbsp;&nbsp;&nbsp;Delay_ms
<LI><a href="#[75]">&gt;&gt;</a>&nbsp;&nbsp;&nbsp;Check_Bat
<LI><a href="#[72]">&gt;&gt;</a>&nbsp;&nbsp;&nbsp;FillUpPWMbuffer
<LI><a href="#[6c]">&gt;&gt;</a>&nbsp;&nbsp;&nbsp;CheckFlashData
<LI><a href="#[68]">&gt;&gt;</a>&nbsp;&nbsp;&nbsp;PaintPWM
<LI><a href="#[69]">&gt;&gt;</a>&nbsp;&nbsp;&nbsp;Is_timing_Xmillisec
<LI><a href="#[58]">&gt;&gt;</a>&nbsp;&nbsp;&nbsp;os_delay_ms
<LI><a href="#[65]">&gt;&gt;</a>&nbsp;&nbsp;&nbsp;IWDG_Feed
<LI><a href="#[47]">&gt;&gt;</a>&nbsp;&nbsp;&nbsp;init_system_afterWakeUp
<LI><a href="#[46]">&gt;&gt;</a>&nbsp;&nbsp;&nbsp;EnterStopMode
<LI><a href="#[5f]">&gt;&gt;</a>&nbsp;&nbsp;&nbsp;__aeabi_memclr4
<LI><a href="#[70]">&gt;&gt;</a>&nbsp;&nbsp;&nbsp;__aeabi_memclr
<LI><a href="#[71]">&gt;&gt;</a>&nbsp;&nbsp;&nbsp;__aeabi_memcpy
<LI><a href="#[5c]">&gt;&gt;</a>&nbsp;&nbsp;&nbsp;__aeabi_memcpy4
</UL>
<BR>[Address Reference Count : 1]<UL><LI> app.o(.text)
</UL>
<P><STRONG><a name="[2a]"></a>CMD_ProcessTask</STRONG> (Thumb, 32 bytes, Stack size 8 bytes, comm_task.o(.text))
<BR><BR>[Stack]<UL><LI>Max Depth = 852<LI>Call Chain = CMD_ProcessTask &rArr; ModuleUnPackFrame &rArr; protocol_module_process &rArr; send_prameter_fram1_to_PC &rArr; CheckFlashData &rArr; ResetParameter &rArr; FlashWrite &rArr; FLASH_ProgramWord &rArr; FLASH_WaitForLastOperation
</UL>
<BR>[Calls]<UL><LI><a href="#[76]">&gt;&gt;</a>&nbsp;&nbsp;&nbsp;ReceiveData
<LI><a href="#[59]">&gt;&gt;</a>&nbsp;&nbsp;&nbsp;ModuleUnPackFrame
<LI><a href="#[58]">&gt;&gt;</a>&nbsp;&nbsp;&nbsp;os_delay_ms
</UL>
<BR>[Address Reference Count : 1]<UL><LI> app.o(.text)
</UL>
<P><STRONG><a name="[77]"></a>CfgPA0ASWFI</STRONG> (Thumb, 102 bytes, Stack size 32 bytes, key_led_task.o(.text))
<BR><BR>[Stack]<UL><LI>Max Depth = 52<LI>Call Chain = CfgPA0ASWFI &rArr; GPIO_Init
</UL>
<BR>[Calls]<UL><LI><a href="#[7c]">&gt;&gt;</a>&nbsp;&nbsp;&nbsp;SYSCFG_EXTILineConfig
<LI><a href="#[7a]">&gt;&gt;</a>&nbsp;&nbsp;&nbsp;RCC_APB2PeriphClockCmd
<LI><a href="#[79]">&gt;&gt;</a>&nbsp;&nbsp;&nbsp;RCC_APB1PeriphClockCmd
<LI><a href="#[78]">&gt;&gt;</a>&nbsp;&nbsp;&nbsp;RCC_AHBPeriphClockCmd
<LI><a href="#[7e]">&gt;&gt;</a>&nbsp;&nbsp;&nbsp;NVIC_Init
<LI><a href="#[7b]">&gt;&gt;</a>&nbsp;&nbsp;&nbsp;GPIO_Init
<LI><a href="#[7d]">&gt;&gt;</a>&nbsp;&nbsp;&nbsp;EXTI_Init
</UL>
<BR>[Called By]<UL><LI><a href="#[46]">&gt;&gt;</a>&nbsp;&nbsp;&nbsp;EnterStopMode
</UL>

<P><STRONG><a name="[7f]"></a>Check_wakeUpKey_pressed</STRONG> (Thumb, 44 bytes, Stack size 8 bytes, key_led_task.o(.text), UNUSED)
<BR><BR>[Calls]<UL><LI><a href="#[80]">&gt;&gt;</a>&nbsp;&nbsp;&nbsp;GPIO_ReadInputDataBit
<LI><a href="#[5e]">&gt;&gt;</a>&nbsp;&nbsp;&nbsp;delay_ms
</UL>

<P><STRONG><a name="[10]"></a>EXTI0_1_IRQHandler</STRONG> (Thumb, 30 bytes, Stack size 8 bytes, key_led_task.o(.text))
<BR><BR>[Stack]<UL><LI>Max Depth = 8<LI>Call Chain = EXTI0_1_IRQHandler
</UL>
<BR>[Calls]<UL><LI><a href="#[81]">&gt;&gt;</a>&nbsp;&nbsp;&nbsp;EXTI_GetITStatus
<LI><a href="#[82]">&gt;&gt;</a>&nbsp;&nbsp;&nbsp;EXTI_ClearFlag
</UL>
<BR>[Address Reference Count : 1]<UL><LI> startup_stm32f0xx.o(RESET)
</UL>
<P><STRONG><a name="[47]"></a>init_system_afterWakeUp</STRONG> (Thumb, 34 bytes, Stack size 8 bytes, key_led_task.o(.text))
<BR><BR>[Stack]<UL><LI>Max Depth = 192<LI>Call Chain = init_system_afterWakeUp &rArr; init_task &rArr; UARTInit &rArr; USART_Init &rArr; RCC_GetClocksFreq
</UL>
<BR>[Calls]<UL><LI><a href="#[83]">&gt;&gt;</a>&nbsp;&nbsp;&nbsp;Init_iWtdg
<LI><a href="#[30]">&gt;&gt;</a>&nbsp;&nbsp;&nbsp;SystemInit
<LI><a href="#[45]">&gt;&gt;</a>&nbsp;&nbsp;&nbsp;os_init
<LI><a href="#[28]">&gt;&gt;</a>&nbsp;&nbsp;&nbsp;init_task
<LI><a href="#[44]">&gt;&gt;</a>&nbsp;&nbsp;&nbsp;delay_init
</UL>
<BR>[Called By]<UL><LI><a href="#[2b]">&gt;&gt;</a>&nbsp;&nbsp;&nbsp;key_led_task
<LI><a href="#[2c]">&gt;&gt;</a>&nbsp;&nbsp;&nbsp;check_selectedMode_ouputPWM
<LI><a href="#[2f]">&gt;&gt;</a>&nbsp;&nbsp;&nbsp;bat_check
<LI><a href="#[3e]">&gt;&gt;</a>&nbsp;&nbsp;&nbsp;main
</UL>

<P><STRONG><a name="[84]"></a>CfgALLPins4StopMode</STRONG> (Thumb, 242 bytes, Stack size 80 bytes, key_led_task.o(.text))
<BR><BR>[Stack]<UL><LI>Max Depth = 100<LI>Call Chain = CfgALLPins4StopMode &rArr; GPIO_Init
</UL>
<BR>[Calls]<UL><LI><a href="#[88]">&gt;&gt;</a>&nbsp;&nbsp;&nbsp;USART_Cmd
<LI><a href="#[78]">&gt;&gt;</a>&nbsp;&nbsp;&nbsp;RCC_AHBPeriphClockCmd
<LI><a href="#[89]">&gt;&gt;</a>&nbsp;&nbsp;&nbsp;GPIO_SetBits
<LI><a href="#[7b]">&gt;&gt;</a>&nbsp;&nbsp;&nbsp;GPIO_Init
<LI><a href="#[85]">&gt;&gt;</a>&nbsp;&nbsp;&nbsp;DMA_Cmd
<LI><a href="#[86]">&gt;&gt;</a>&nbsp;&nbsp;&nbsp;ADC_DMACmd
<LI><a href="#[87]">&gt;&gt;</a>&nbsp;&nbsp;&nbsp;ADC_Cmd
</UL>
<BR>[Called By]<UL><LI><a href="#[46]">&gt;&gt;</a>&nbsp;&nbsp;&nbsp;EnterStopMode
</UL>

<P><STRONG><a name="[8a]"></a>init_global_variant</STRONG> (Thumb, 50 bytes, Stack size 0 bytes, key_led_task.o(.text))
<BR><BR>[Called By]<UL><LI><a href="#[46]">&gt;&gt;</a>&nbsp;&nbsp;&nbsp;EnterStopMode
</UL>

<P><STRONG><a name="[46]"></a>EnterStopMode</STRONG> (Thumb, 36 bytes, Stack size 8 bytes, key_led_task.o(.text))
<BR><BR>[Stack]<UL><LI>Max Depth = 108<LI>Call Chain = EnterStopMode &rArr; CfgALLPins4StopMode &rArr; GPIO_Init
</UL>
<BR>[Calls]<UL><LI><a href="#[79]">&gt;&gt;</a>&nbsp;&nbsp;&nbsp;RCC_APB1PeriphClockCmd
<LI><a href="#[8b]">&gt;&gt;</a>&nbsp;&nbsp;&nbsp;PWR_EnterSTOPMode
<LI><a href="#[8a]">&gt;&gt;</a>&nbsp;&nbsp;&nbsp;init_global_variant
<LI><a href="#[84]">&gt;&gt;</a>&nbsp;&nbsp;&nbsp;CfgALLPins4StopMode
<LI><a href="#[77]">&gt;&gt;</a>&nbsp;&nbsp;&nbsp;CfgPA0ASWFI
<LI><a href="#[67]">&gt;&gt;</a>&nbsp;&nbsp;&nbsp;init_PWMState
</UL>
<BR>[Called By]<UL><LI><a href="#[2b]">&gt;&gt;</a>&nbsp;&nbsp;&nbsp;key_led_task
<LI><a href="#[2c]">&gt;&gt;</a>&nbsp;&nbsp;&nbsp;check_selectedMode_ouputPWM
<LI><a href="#[2f]">&gt;&gt;</a>&nbsp;&nbsp;&nbsp;bat_check
<LI><a href="#[3e]">&gt;&gt;</a>&nbsp;&nbsp;&nbsp;main
</UL>

<P><STRONG><a name="[75]"></a>Check_Bat</STRONG> (Thumb, 52 bytes, Stack size 8 bytes, key_led_task.o(.text))
<BR><BR>[Stack]<UL><LI>Max Depth = 100<LI>Call Chain = Check_Bat &rArr; record_dateTime &rArr; FlashWriteUIntBuffer &rArr; FLASH_ProgramWord &rArr; FLASH_WaitForLastOperation
</UL>
<BR>[Calls]<UL><LI><a href="#[73]">&gt;&gt;</a>&nbsp;&nbsp;&nbsp;record_dateTime
</UL>
<BR>[Called By]<UL><LI><a href="#[2b]">&gt;&gt;</a>&nbsp;&nbsp;&nbsp;key_led_task
<LI><a href="#[2c]">&gt;&gt;</a>&nbsp;&nbsp;&nbsp;check_selectedMode_ouputPWM
</UL>

<P><STRONG><a name="[2b]"></a>key_led_task</STRONG> (Thumb, 314 bytes, Stack size 24 bytes, key_led_task.o(.text))
<BR><BR>[Stack]<UL><LI>Max Depth = 216<LI>Call Chain = key_led_task &rArr; init_system_afterWakeUp &rArr; init_task &rArr; UARTInit &rArr; USART_Init &rArr; RCC_GetClocksFreq
</UL>
<BR>[Calls]<UL><LI><a href="#[80]">&gt;&gt;</a>&nbsp;&nbsp;&nbsp;GPIO_ReadInputDataBit
<LI><a href="#[62]">&gt;&gt;</a>&nbsp;&nbsp;&nbsp;set_led
<LI><a href="#[73]">&gt;&gt;</a>&nbsp;&nbsp;&nbsp;record_dateTime
<LI><a href="#[63]">&gt;&gt;</a>&nbsp;&nbsp;&nbsp;Motor_PWM_Freq_Dudy_Set
<LI><a href="#[64]">&gt;&gt;</a>&nbsp;&nbsp;&nbsp;Delay_ms
<LI><a href="#[75]">&gt;&gt;</a>&nbsp;&nbsp;&nbsp;Check_Bat
<LI><a href="#[67]">&gt;&gt;</a>&nbsp;&nbsp;&nbsp;init_PWMState
<LI><a href="#[58]">&gt;&gt;</a>&nbsp;&nbsp;&nbsp;os_delay_ms
<LI><a href="#[65]">&gt;&gt;</a>&nbsp;&nbsp;&nbsp;IWDG_Feed
<LI><a href="#[47]">&gt;&gt;</a>&nbsp;&nbsp;&nbsp;init_system_afterWakeUp
<LI><a href="#[46]">&gt;&gt;</a>&nbsp;&nbsp;&nbsp;EnterStopMode
</UL>
<BR>[Address Reference Count : 1]<UL><LI> app.o(.text)
</UL>
<P><STRONG><a name="[74]"></a>trans_xmmHg_2_adc_value</STRONG> (Thumb, 32 bytes, Stack size 8 bytes, honeywell_sampling_data.o(.text))
<BR><BR>[Stack]<UL><LI>Max Depth = 8<LI>Call Chain = trans_xmmHg_2_adc_value
</UL>
<BR>[Calls]<UL><LI><a href="#[4f]">&gt;&gt;</a>&nbsp;&nbsp;&nbsp;__aeabi_uidivmod
</UL>
<BR>[Called By]<UL><LI><a href="#[2c]">&gt;&gt;</a>&nbsp;&nbsp;&nbsp;check_selectedMode_ouputPWM
</UL>

<P><STRONG><a name="[2e]"></a>honeywell_sampling_data</STRONG> (Thumb, 72 bytes, Stack size 8 bytes, honeywell_sampling_data.o(.text))
<BR><BR>[Stack]<UL><LI>Max Depth = 84<LI>Call Chain = honeywell_sampling_data &rArr; honeywell_readByte &rArr; I2C_RecByte &rArr; I2C_SDA_IN &rArr; GPIO_Init
</UL>
<BR>[Calls]<UL><LI><a href="#[8e]">&gt;&gt;</a>&nbsp;&nbsp;&nbsp;honeywell_readByte
<LI><a href="#[8d]">&gt;&gt;</a>&nbsp;&nbsp;&nbsp;Is_honeywell_free
<LI><a href="#[8c]">&gt;&gt;</a>&nbsp;&nbsp;&nbsp;Init_honeywell_sensor
<LI><a href="#[58]">&gt;&gt;</a>&nbsp;&nbsp;&nbsp;os_delay_ms
</UL>
<BR>[Address Reference Count : 1]<UL><LI> app.o(.text)
</UL>
<P><STRONG><a name="[8f]"></a>protocol_module_send_train_data_check_sum</STRONG> (Thumb, 58 bytes, Stack size 304 bytes, protocol_module.o(.text), UNUSED)
<BR><BR>[Calls]<UL><LI><a href="#[91]">&gt;&gt;</a>&nbsp;&nbsp;&nbsp;fifoWriteData
<LI><a href="#[90]">&gt;&gt;</a>&nbsp;&nbsp;&nbsp;CalcCheckSum
</UL>

<P><STRONG><a name="[92]"></a>get_comm_para_to_buf</STRONG> (Thumb, 48 bytes, Stack size 24 bytes, protocol_module.o(.text))
<BR><BR>[Stack]<UL><LI>Max Depth = 24<LI>Call Chain = get_comm_para_to_buf
</UL>
<BR>[Calls]<UL><LI><a href="#[70]">&gt;&gt;</a>&nbsp;&nbsp;&nbsp;__aeabi_memclr
</UL>
<BR>[Called By]<UL><LI><a href="#[5d]">&gt;&gt;</a>&nbsp;&nbsp;&nbsp;protocol_module_process
</UL>

<P><STRONG><a name="[6b]"></a>FlashWrite</STRONG> (Thumb, 80 bytes, Stack size 24 bytes, protocol_module.o(.text))
<BR><BR>[Stack]<UL><LI>Max Depth = 52<LI>Call Chain = FlashWrite &rArr; FLASH_ProgramWord &rArr; FLASH_WaitForLastOperation
</UL>
<BR>[Calls]<UL><LI><a href="#[93]">&gt;&gt;</a>&nbsp;&nbsp;&nbsp;FLASH_Unlock
<LI><a href="#[96]">&gt;&gt;</a>&nbsp;&nbsp;&nbsp;FLASH_ProgramWord
<LI><a href="#[97]">&gt;&gt;</a>&nbsp;&nbsp;&nbsp;FLASH_Lock
<LI><a href="#[95]">&gt;&gt;</a>&nbsp;&nbsp;&nbsp;FLASH_ErasePage
<LI><a href="#[94]">&gt;&gt;</a>&nbsp;&nbsp;&nbsp;FLASH_ClearFlag
</UL>
<BR>[Called By]<UL><LI><a href="#[98]">&gt;&gt;</a>&nbsp;&nbsp;&nbsp;get_parameter_to_buf_by_frameId
<LI><a href="#[6a]">&gt;&gt;</a>&nbsp;&nbsp;&nbsp;ResetParameter
</UL>

<P><STRONG><a name="[98]"></a>get_parameter_to_buf_by_frameId</STRONG> (Thumb, 458 bytes, Stack size 72 bytes, protocol_module.o(.text))
<BR><BR>[Stack]<UL><LI>Max Depth = 124<LI>Call Chain = get_parameter_to_buf_by_frameId &rArr; FlashWrite &rArr; FLASH_ProgramWord &rArr; FLASH_WaitForLastOperation
</UL>
<BR>[Calls]<UL><LI><a href="#[6b]">&gt;&gt;</a>&nbsp;&nbsp;&nbsp;FlashWrite
<LI><a href="#[5f]">&gt;&gt;</a>&nbsp;&nbsp;&nbsp;__aeabi_memclr4
<LI><a href="#[71]">&gt;&gt;</a>&nbsp;&nbsp;&nbsp;__aeabi_memcpy
</UL>
<BR>[Called By]<UL><LI><a href="#[5d]">&gt;&gt;</a>&nbsp;&nbsp;&nbsp;protocol_module_process
</UL>

<P><STRONG><a name="[99]"></a>send_para_rcv_result</STRONG> (Thumb, 48 bytes, Stack size 24 bytes, protocol_module.o(.text))
<BR><BR>[Stack]<UL><LI>Max Depth = 44<LI>Call Chain = send_para_rcv_result &rArr; fifoWriteData
</UL>
<BR>[Calls]<UL><LI><a href="#[91]">&gt;&gt;</a>&nbsp;&nbsp;&nbsp;fifoWriteData
<LI><a href="#[90]">&gt;&gt;</a>&nbsp;&nbsp;&nbsp;CalcCheckSum
</UL>
<BR>[Called By]<UL><LI><a href="#[5d]">&gt;&gt;</a>&nbsp;&nbsp;&nbsp;protocol_module_process
</UL>

<P><STRONG><a name="[6e]"></a>FlashReadWord</STRONG> (Thumb, 4 bytes, Stack size 0 bytes, protocol_module.o(.text), UNUSED)
<BR><BR>[Called By]<UL><LI><a href="#[6d]">&gt;&gt;</a>&nbsp;&nbsp;&nbsp;get_pressure_sensor_rate
</UL>

<P><STRONG><a name="[6f]"></a>FlashRead</STRONG> (Thumb, 26 bytes, Stack size 12 bytes, protocol_module.o(.text))
<BR><BR>[Stack]<UL><LI>Max Depth = 12<LI>Call Chain = FlashRead
</UL>
<BR>[Called By]<UL><LI><a href="#[a8]">&gt;&gt;</a>&nbsp;&nbsp;&nbsp;send_rtc_info
<LI><a href="#[a3]">&gt;&gt;</a>&nbsp;&nbsp;&nbsp;get_rtc_record_number
<LI><a href="#[9f]">&gt;&gt;</a>&nbsp;&nbsp;&nbsp;reset_dateTime
<LI><a href="#[9a]">&gt;&gt;</a>&nbsp;&nbsp;&nbsp;send_prameter_fram1_to_PC
<LI><a href="#[73]">&gt;&gt;</a>&nbsp;&nbsp;&nbsp;record_dateTime
<LI><a href="#[2c]">&gt;&gt;</a>&nbsp;&nbsp;&nbsp;check_selectedMode_ouputPWM
</UL>

<P><STRONG><a name="[9a]"></a>send_prameter_fram1_to_PC</STRONG> (Thumb, 118 bytes, Stack size 752 bytes, protocol_module.o(.text))
<BR><BR>[Stack]<UL><LI>Max Depth = 812<LI>Call Chain = send_prameter_fram1_to_PC &rArr; CheckFlashData &rArr; ResetParameter &rArr; FlashWrite &rArr; FLASH_ProgramWord &rArr; FLASH_WaitForLastOperation
</UL>
<BR>[Calls]<UL><LI><a href="#[91]">&gt;&gt;</a>&nbsp;&nbsp;&nbsp;fifoWriteData
<LI><a href="#[6f]">&gt;&gt;</a>&nbsp;&nbsp;&nbsp;FlashRead
<LI><a href="#[6c]">&gt;&gt;</a>&nbsp;&nbsp;&nbsp;CheckFlashData
<LI><a href="#[90]">&gt;&gt;</a>&nbsp;&nbsp;&nbsp;CalcCheckSum
<LI><a href="#[5f]">&gt;&gt;</a>&nbsp;&nbsp;&nbsp;__aeabi_memclr4
<LI><a href="#[71]">&gt;&gt;</a>&nbsp;&nbsp;&nbsp;__aeabi_memcpy
</UL>
<BR>[Called By]<UL><LI><a href="#[5d]">&gt;&gt;</a>&nbsp;&nbsp;&nbsp;protocol_module_process
</UL>

<P><STRONG><a name="[9b]"></a>send_prameter_fram2_to_PC</STRONG> (Thumb, 76 bytes, Stack size 312 bytes, protocol_module.o(.text))
<BR><BR>[Stack]<UL><LI>Max Depth = 332<LI>Call Chain = send_prameter_fram2_to_PC &rArr; fifoWriteData
</UL>
<BR>[Calls]<UL><LI><a href="#[91]">&gt;&gt;</a>&nbsp;&nbsp;&nbsp;fifoWriteData
<LI><a href="#[90]">&gt;&gt;</a>&nbsp;&nbsp;&nbsp;CalcCheckSum
</UL>
<BR>[Called By]<UL><LI><a href="#[5d]">&gt;&gt;</a>&nbsp;&nbsp;&nbsp;protocol_module_process
</UL>

<P><STRONG><a name="[13d]"></a>FlashReadByte</STRONG> (Thumb, 4 bytes, Stack size 0 bytes, protocol_module.o(.text), UNUSED)

<P><STRONG><a name="[66]"></a>GetModeSelected</STRONG> (Thumb, 34 bytes, Stack size 0 bytes, protocol_module.o(.text))
<BR><BR>[Called By]<UL><LI><a href="#[51]">&gt;&gt;</a>&nbsp;&nbsp;&nbsp;init_hardware
<LI><a href="#[2d]">&gt;&gt;</a>&nbsp;&nbsp;&nbsp;get_switch_mode
</UL>

<P><STRONG><a name="[13e]"></a>abs_</STRONG> (Thumb, 14 bytes, Stack size 0 bytes, protocol_module.o(.text), UNUSED)

<P><STRONG><a name="[9c]"></a>cal_pressure_rate</STRONG> (Thumb, 100 bytes, Stack size 32 bytes, protocol_module.o(.text), UNUSED)
<BR><BR>[Calls]<UL><LI><a href="#[9d]">&gt;&gt;</a>&nbsp;&nbsp;&nbsp;__aeabi_idivmod
</UL>

<P><STRONG><a name="[9e]"></a>FlashWriteUIntBuffer</STRONG> (Thumb, 56 bytes, Stack size 24 bytes, protocol_module.o(.text))
<BR><BR>[Stack]<UL><LI>Max Depth = 52<LI>Call Chain = FlashWriteUIntBuffer &rArr; FLASH_ProgramWord &rArr; FLASH_WaitForLastOperation
</UL>
<BR>[Calls]<UL><LI><a href="#[93]">&gt;&gt;</a>&nbsp;&nbsp;&nbsp;FLASH_Unlock
<LI><a href="#[96]">&gt;&gt;</a>&nbsp;&nbsp;&nbsp;FLASH_ProgramWord
<LI><a href="#[97]">&gt;&gt;</a>&nbsp;&nbsp;&nbsp;FLASH_Lock
<LI><a href="#[95]">&gt;&gt;</a>&nbsp;&nbsp;&nbsp;FLASH_ErasePage
<LI><a href="#[94]">&gt;&gt;</a>&nbsp;&nbsp;&nbsp;FLASH_ClearFlag
</UL>
<BR>[Called By]<UL><LI><a href="#[9f]">&gt;&gt;</a>&nbsp;&nbsp;&nbsp;reset_dateTime
<LI><a href="#[73]">&gt;&gt;</a>&nbsp;&nbsp;&nbsp;record_dateTime
</UL>

<P><STRONG><a name="[9f]"></a>reset_dateTime</STRONG> (Thumb, 58 bytes, Stack size 32 bytes, protocol_module.o(.text))
<BR><BR>[Stack]<UL><LI>Max Depth = 84<LI>Call Chain = reset_dateTime &rArr; FlashWriteUIntBuffer &rArr; FLASH_ProgramWord &rArr; FLASH_WaitForLastOperation
</UL>
<BR>[Calls]<UL><LI><a href="#[9e]">&gt;&gt;</a>&nbsp;&nbsp;&nbsp;FlashWriteUIntBuffer
<LI><a href="#[6f]">&gt;&gt;</a>&nbsp;&nbsp;&nbsp;FlashRead
<LI><a href="#[a0]">&gt;&gt;</a>&nbsp;&nbsp;&nbsp;__aeabi_memset
</UL>
<BR>[Called By]<UL><LI><a href="#[5d]">&gt;&gt;</a>&nbsp;&nbsp;&nbsp;protocol_module_process
</UL>

<P><STRONG><a name="[a1]"></a>Init_RecordPage</STRONG> (Thumb, 60 bytes, Stack size 16 bytes, protocol_module.o(.text))
<BR><BR>[Stack]<UL><LI>Max Depth = 44<LI>Call Chain = Init_RecordPage &rArr; FLASH_ProgramWord &rArr; FLASH_WaitForLastOperation
</UL>
<BR>[Calls]<UL><LI><a href="#[93]">&gt;&gt;</a>&nbsp;&nbsp;&nbsp;FLASH_Unlock
<LI><a href="#[96]">&gt;&gt;</a>&nbsp;&nbsp;&nbsp;FLASH_ProgramWord
<LI><a href="#[97]">&gt;&gt;</a>&nbsp;&nbsp;&nbsp;FLASH_Lock
<LI><a href="#[95]">&gt;&gt;</a>&nbsp;&nbsp;&nbsp;FLASH_ErasePage
<LI><a href="#[94]">&gt;&gt;</a>&nbsp;&nbsp;&nbsp;FLASH_ClearFlag
</UL>
<BR>[Called By]<UL><LI><a href="#[5d]">&gt;&gt;</a>&nbsp;&nbsp;&nbsp;protocol_module_process
<LI><a href="#[51]">&gt;&gt;</a>&nbsp;&nbsp;&nbsp;init_hardware
</UL>

<P><STRONG><a name="[73]"></a>record_dateTime</STRONG> (Thumb, 166 bytes, Stack size 40 bytes, protocol_module.o(.text))
<BR><BR>[Stack]<UL><LI>Max Depth = 92<LI>Call Chain = record_dateTime &rArr; FlashWriteUIntBuffer &rArr; FLASH_ProgramWord &rArr; FLASH_WaitForLastOperation
</UL>
<BR>[Calls]<UL><LI><a href="#[a2]">&gt;&gt;</a>&nbsp;&nbsp;&nbsp;Get_DataTime
<LI><a href="#[9e]">&gt;&gt;</a>&nbsp;&nbsp;&nbsp;FlashWriteUIntBuffer
<LI><a href="#[6f]">&gt;&gt;</a>&nbsp;&nbsp;&nbsp;FlashRead
<LI><a href="#[a0]">&gt;&gt;</a>&nbsp;&nbsp;&nbsp;__aeabi_memset
</UL>
<BR>[Called By]<UL><LI><a href="#[5d]">&gt;&gt;</a>&nbsp;&nbsp;&nbsp;protocol_module_process
<LI><a href="#[75]">&gt;&gt;</a>&nbsp;&nbsp;&nbsp;Check_Bat
<LI><a href="#[2b]">&gt;&gt;</a>&nbsp;&nbsp;&nbsp;key_led_task
<LI><a href="#[2c]">&gt;&gt;</a>&nbsp;&nbsp;&nbsp;check_selectedMode_ouputPWM
</UL>

<P><STRONG><a name="[a3]"></a>get_rtc_record_number</STRONG> (Thumb, 24 bytes, Stack size 16 bytes, protocol_module.o(.text))
<BR><BR>[Stack]<UL><LI>Max Depth = 28<LI>Call Chain = get_rtc_record_number &rArr; FlashRead
</UL>
<BR>[Calls]<UL><LI><a href="#[6f]">&gt;&gt;</a>&nbsp;&nbsp;&nbsp;FlashRead
</UL>
<BR>[Called By]<UL><LI><a href="#[a8]">&gt;&gt;</a>&nbsp;&nbsp;&nbsp;send_rtc_info
<LI><a href="#[a5]">&gt;&gt;</a>&nbsp;&nbsp;&nbsp;send_RTC_record_numbers
</UL>

<P><STRONG><a name="[a4]"></a>send_RTC_SYN_finish</STRONG> (Thumb, 44 bytes, Stack size 16 bytes, protocol_module.o(.text))
<BR><BR>[Stack]<UL><LI>Max Depth = 36<LI>Call Chain = send_RTC_SYN_finish &rArr; fifoWriteData
</UL>
<BR>[Calls]<UL><LI><a href="#[91]">&gt;&gt;</a>&nbsp;&nbsp;&nbsp;fifoWriteData
<LI><a href="#[90]">&gt;&gt;</a>&nbsp;&nbsp;&nbsp;CalcCheckSum
</UL>
<BR>[Called By]<UL><LI><a href="#[5d]">&gt;&gt;</a>&nbsp;&nbsp;&nbsp;protocol_module_process
</UL>

<P><STRONG><a name="[a5]"></a>send_RTC_record_numbers</STRONG> (Thumb, 60 bytes, Stack size 16 bytes, protocol_module.o(.text))
<BR><BR>[Stack]<UL><LI>Max Depth = 44<LI>Call Chain = send_RTC_record_numbers &rArr; get_rtc_record_number &rArr; FlashRead
</UL>
<BR>[Calls]<UL><LI><a href="#[91]">&gt;&gt;</a>&nbsp;&nbsp;&nbsp;fifoWriteData
<LI><a href="#[a3]">&gt;&gt;</a>&nbsp;&nbsp;&nbsp;get_rtc_record_number
<LI><a href="#[90]">&gt;&gt;</a>&nbsp;&nbsp;&nbsp;CalcCheckSum
</UL>
<BR>[Called By]<UL><LI><a href="#[5d]">&gt;&gt;</a>&nbsp;&nbsp;&nbsp;protocol_module_process
</UL>

<P><STRONG><a name="[a6]"></a>get_page_num</STRONG> (Thumb, 18 bytes, Stack size 8 bytes, protocol_module.o(.text))
<BR><BR>[Stack]<UL><LI>Max Depth = 8<LI>Call Chain = get_page_num
</UL>
<BR>[Calls]<UL><LI><a href="#[4f]">&gt;&gt;</a>&nbsp;&nbsp;&nbsp;__aeabi_uidivmod
</UL>
<BR>[Called By]<UL><LI><a href="#[a8]">&gt;&gt;</a>&nbsp;&nbsp;&nbsp;send_rtc_info
</UL>

<P><STRONG><a name="[a7]"></a>send_one_frame_data</STRONG> (Thumb, 90 bytes, Stack size 264 bytes, protocol_module.o(.text))
<BR><BR>[Stack]<UL><LI>Max Depth = 284<LI>Call Chain = send_one_frame_data &rArr; fifoWriteData
</UL>
<BR>[Calls]<UL><LI><a href="#[91]">&gt;&gt;</a>&nbsp;&nbsp;&nbsp;fifoWriteData
<LI><a href="#[90]">&gt;&gt;</a>&nbsp;&nbsp;&nbsp;CalcCheckSum
<LI><a href="#[5f]">&gt;&gt;</a>&nbsp;&nbsp;&nbsp;__aeabi_memclr4
</UL>
<BR>[Called By]<UL><LI><a href="#[a8]">&gt;&gt;</a>&nbsp;&nbsp;&nbsp;send_rtc_info
</UL>

<P><STRONG><a name="[a8]"></a>send_rtc_info</STRONG> (Thumb, 226 bytes, Stack size 40 bytes, protocol_module.o(.text))
<BR><BR>[Stack]<UL><LI>Max Depth = 324<LI>Call Chain = send_rtc_info &rArr; send_one_frame_data &rArr; fifoWriteData
</UL>
<BR>[Calls]<UL><LI><a href="#[a7]">&gt;&gt;</a>&nbsp;&nbsp;&nbsp;send_one_frame_data
<LI><a href="#[a6]">&gt;&gt;</a>&nbsp;&nbsp;&nbsp;get_page_num
<LI><a href="#[a3]">&gt;&gt;</a>&nbsp;&nbsp;&nbsp;get_rtc_record_number
<LI><a href="#[6f]">&gt;&gt;</a>&nbsp;&nbsp;&nbsp;FlashRead
<LI><a href="#[4f]">&gt;&gt;</a>&nbsp;&nbsp;&nbsp;__aeabi_uidivmod
<LI><a href="#[a0]">&gt;&gt;</a>&nbsp;&nbsp;&nbsp;__aeabi_memset
</UL>
<BR>[Called By]<UL><LI><a href="#[5d]">&gt;&gt;</a>&nbsp;&nbsp;&nbsp;protocol_module_process
</UL>

<P><STRONG><a name="[a9]"></a>getFrameNo</STRONG> (Thumb, 16 bytes, Stack size 0 bytes, protocol_module.o(.text))
<BR><BR>[Called By]<UL><LI><a href="#[5d]">&gt;&gt;</a>&nbsp;&nbsp;&nbsp;protocol_module_process
</UL>

<P><STRONG><a name="[5d]"></a>protocol_module_process</STRONG> (Thumb, 150 bytes, Stack size 8 bytes, protocol_module.o(.text))
<BR><BR>[Stack]<UL><LI>Max Depth = 820<LI>Call Chain = protocol_module_process &rArr; send_prameter_fram1_to_PC &rArr; CheckFlashData &rArr; ResetParameter &rArr; FlashWrite &rArr; FLASH_ProgramWord &rArr; FLASH_WaitForLastOperation
</UL>
<BR>[Calls]<UL><LI><a href="#[aa]">&gt;&gt;</a>&nbsp;&nbsp;&nbsp;Set_RTC
<LI><a href="#[a9]">&gt;&gt;</a>&nbsp;&nbsp;&nbsp;getFrameNo
<LI><a href="#[a8]">&gt;&gt;</a>&nbsp;&nbsp;&nbsp;send_rtc_info
<LI><a href="#[a5]">&gt;&gt;</a>&nbsp;&nbsp;&nbsp;send_RTC_record_numbers
<LI><a href="#[a4]">&gt;&gt;</a>&nbsp;&nbsp;&nbsp;send_RTC_SYN_finish
<LI><a href="#[a1]">&gt;&gt;</a>&nbsp;&nbsp;&nbsp;Init_RecordPage
<LI><a href="#[9f]">&gt;&gt;</a>&nbsp;&nbsp;&nbsp;reset_dateTime
<LI><a href="#[9b]">&gt;&gt;</a>&nbsp;&nbsp;&nbsp;send_prameter_fram2_to_PC
<LI><a href="#[9a]">&gt;&gt;</a>&nbsp;&nbsp;&nbsp;send_prameter_fram1_to_PC
<LI><a href="#[99]">&gt;&gt;</a>&nbsp;&nbsp;&nbsp;send_para_rcv_result
<LI><a href="#[98]">&gt;&gt;</a>&nbsp;&nbsp;&nbsp;get_parameter_to_buf_by_frameId
<LI><a href="#[92]">&gt;&gt;</a>&nbsp;&nbsp;&nbsp;get_comm_para_to_buf
<LI><a href="#[73]">&gt;&gt;</a>&nbsp;&nbsp;&nbsp;record_dateTime
</UL>
<BR>[Called By]<UL><LI><a href="#[59]">&gt;&gt;</a>&nbsp;&nbsp;&nbsp;ModuleUnPackFrame
</UL>

<P><STRONG><a name="[13f]"></a>Delay</STRONG> (Thumb, 10 bytes, Stack size 0 bytes, common.o(.text), UNUSED)

<P><STRONG><a name="[ab]"></a>Delay_us</STRONG> (Thumb, 8 bytes, Stack size 8 bytes, common.o(.text))
<BR><BR>[Stack]<UL><LI>Max Depth = 8<LI>Call Chain = Delay_us
</UL>
<BR>[Calls]<UL><LI><a href="#[ac]">&gt;&gt;</a>&nbsp;&nbsp;&nbsp;delay_us
</UL>
<BR>[Called By]<UL><LI><a href="#[bf]">&gt;&gt;</a>&nbsp;&nbsp;&nbsp;I2C_RecByte
<LI><a href="#[be]">&gt;&gt;</a>&nbsp;&nbsp;&nbsp;I2C_SendByte
<LI><a href="#[bd]">&gt;&gt;</a>&nbsp;&nbsp;&nbsp;I2C_RecAck
<LI><a href="#[bc]">&gt;&gt;</a>&nbsp;&nbsp;&nbsp;I2C_SendNak
<LI><a href="#[bb]">&gt;&gt;</a>&nbsp;&nbsp;&nbsp;I2C_SendAck
<LI><a href="#[ba]">&gt;&gt;</a>&nbsp;&nbsp;&nbsp;I2C_Stop
<LI><a href="#[b9]">&gt;&gt;</a>&nbsp;&nbsp;&nbsp;I2C_Start
</UL>

<P><STRONG><a name="[64]"></a>Delay_ms</STRONG> (Thumb, 10 bytes, Stack size 8 bytes, common.o(.text))
<BR><BR>[Stack]<UL><LI>Max Depth = 8<LI>Call Chain = Delay_ms
</UL>
<BR>[Calls]<UL><LI><a href="#[5e]">&gt;&gt;</a>&nbsp;&nbsp;&nbsp;delay_ms
</UL>
<BR>[Called By]<UL><LI><a href="#[2b]">&gt;&gt;</a>&nbsp;&nbsp;&nbsp;key_led_task
<LI><a href="#[2c]">&gt;&gt;</a>&nbsp;&nbsp;&nbsp;check_selectedMode_ouputPWM
<LI><a href="#[2f]">&gt;&gt;</a>&nbsp;&nbsp;&nbsp;bat_check
</UL>

<P><STRONG><a name="[44]"></a>delay_init</STRONG> (Thumb, 36 bytes, Stack size 8 bytes, delay.o(.text))
<BR><BR>[Stack]<UL><LI>Max Depth = 8<LI>Call Chain = delay_init
</UL>
<BR>[Calls]<UL><LI><a href="#[ad]">&gt;&gt;</a>&nbsp;&nbsp;&nbsp;SysTick_CLKSourceConfig
<LI><a href="#[4f]">&gt;&gt;</a>&nbsp;&nbsp;&nbsp;__aeabi_uidivmod
</UL>
<BR>[Called By]<UL><LI><a href="#[47]">&gt;&gt;</a>&nbsp;&nbsp;&nbsp;init_system_afterWakeUp
<LI><a href="#[3e]">&gt;&gt;</a>&nbsp;&nbsp;&nbsp;main
</UL>

<P><STRONG><a name="[ac]"></a>delay_us</STRONG> (Thumb, 46 bytes, Stack size 0 bytes, delay.o(.text))
<BR><BR>[Called By]<UL><LI><a href="#[ab]">&gt;&gt;</a>&nbsp;&nbsp;&nbsp;Delay_us
</UL>

<P><STRONG><a name="[5e]"></a>delay_ms</STRONG> (Thumb, 46 bytes, Stack size 0 bytes, delay.o(.text))
<BR><BR>[Called By]<UL><LI><a href="#[7f]">&gt;&gt;</a>&nbsp;&nbsp;&nbsp;Check_wakeUpKey_pressed
<LI><a href="#[64]">&gt;&gt;</a>&nbsp;&nbsp;&nbsp;Delay_ms
<LI><a href="#[59]">&gt;&gt;</a>&nbsp;&nbsp;&nbsp;ModuleUnPackFrame
<LI><a href="#[29]">&gt;&gt;</a>&nbsp;&nbsp;&nbsp;TaskDataSend
</UL>

<P><STRONG><a name="[53]"></a>fifoInit</STRONG> (Thumb, 14 bytes, Stack size 0 bytes, fifo.o(.text))
<BR><BR>[Called By]<UL><LI><a href="#[28]">&gt;&gt;</a>&nbsp;&nbsp;&nbsp;init_task
</UL>

<P><STRONG><a name="[140]"></a>fifoReset</STRONG> (Thumb, 10 bytes, Stack size 0 bytes, fifo.o(.text), UNUSED)

<P><STRONG><a name="[141]"></a>fifoIsFull</STRONG> (Thumb, 16 bytes, Stack size 0 bytes, fifo.o(.text), UNUSED)

<P><STRONG><a name="[142]"></a>fifoCnt</STRONG> (Thumb, 4 bytes, Stack size 0 bytes, fifo.o(.text), UNUSED)

<P><STRONG><a name="[91]"></a>fifoWriteData</STRONG> (Thumb, 64 bytes, Stack size 20 bytes, fifo.o(.text))
<BR><BR>[Stack]<UL><LI>Max Depth = 20<LI>Call Chain = fifoWriteData
</UL>
<BR>[Called By]<UL><LI><a href="#[a7]">&gt;&gt;</a>&nbsp;&nbsp;&nbsp;send_one_frame_data
<LI><a href="#[a5]">&gt;&gt;</a>&nbsp;&nbsp;&nbsp;send_RTC_record_numbers
<LI><a href="#[a4]">&gt;&gt;</a>&nbsp;&nbsp;&nbsp;send_RTC_SYN_finish
<LI><a href="#[9b]">&gt;&gt;</a>&nbsp;&nbsp;&nbsp;send_prameter_fram2_to_PC
<LI><a href="#[9a]">&gt;&gt;</a>&nbsp;&nbsp;&nbsp;send_prameter_fram1_to_PC
<LI><a href="#[99]">&gt;&gt;</a>&nbsp;&nbsp;&nbsp;send_para_rcv_result
<LI><a href="#[8f]">&gt;&gt;</a>&nbsp;&nbsp;&nbsp;protocol_module_send_train_data_check_sum
</UL>

<P><STRONG><a name="[60]"></a>fifoReadData</STRONG> (Thumb, 58 bytes, Stack size 16 bytes, fifo.o(.text))
<BR><BR>[Stack]<UL><LI>Max Depth = 16<LI>Call Chain = fifoReadData
</UL>
<BR>[Called By]<UL><LI><a href="#[29]">&gt;&gt;</a>&nbsp;&nbsp;&nbsp;TaskDataSend
</UL>

<P><STRONG><a name="[55]"></a>Init_Receive</STRONG> (Thumb, 14 bytes, Stack size 0 bytes, cmd_receive.o(.text))
<BR><BR>[Called By]<UL><LI><a href="#[28]">&gt;&gt;</a>&nbsp;&nbsp;&nbsp;init_task
</UL>

<P><STRONG><a name="[af]"></a>Buf2Write</STRONG> (Thumb, 20 bytes, Stack size 0 bytes, cmd_receive.o(.text))
<BR><BR>[Called By]<UL><LI><a href="#[76]">&gt;&gt;</a>&nbsp;&nbsp;&nbsp;ReceiveData
</UL>

<P><STRONG><a name="[5b]"></a>Buf2Read</STRONG> (Thumb, 20 bytes, Stack size 0 bytes, cmd_receive.o(.text))
<BR><BR>[Called By]<UL><LI><a href="#[59]">&gt;&gt;</a>&nbsp;&nbsp;&nbsp;ModuleUnPackFrame
</UL>

<P><STRONG><a name="[5a]"></a>GetBuf2Length</STRONG> (Thumb, 14 bytes, Stack size 0 bytes, cmd_receive.o(.text))
<BR><BR>[Called By]<UL><LI><a href="#[59]">&gt;&gt;</a>&nbsp;&nbsp;&nbsp;ModuleUnPackFrame
</UL>

<P><STRONG><a name="[76]"></a>ReceiveData</STRONG> (Thumb, 78 bytes, Stack size 16 bytes, cmd_receive.o(.text))
<BR><BR>[Stack]<UL><LI>Max Depth = 24<LI>Call Chain = ReceiveData &rArr; GetUartReceiverResidualCnt
</UL>
<BR>[Calls]<UL><LI><a href="#[ae]">&gt;&gt;</a>&nbsp;&nbsp;&nbsp;GetUartReceiverResidualCnt
<LI><a href="#[af]">&gt;&gt;</a>&nbsp;&nbsp;&nbsp;Buf2Write
</UL>
<BR>[Called By]<UL><LI><a href="#[2a]">&gt;&gt;</a>&nbsp;&nbsp;&nbsp;CMD_ProcessTask
</UL>

<P><STRONG><a name="[54]"></a>UARTInit</STRONG> (Thumb, 242 bytes, Stack size 104 bytes, serial_port.o(.text))
<BR><BR>[Stack]<UL><LI>Max Depth = 176<LI>Call Chain = UARTInit &rArr; USART_Init &rArr; RCC_GetClocksFreq
</UL>
<BR>[Calls]<UL><LI><a href="#[b1]">&gt;&gt;</a>&nbsp;&nbsp;&nbsp;USART_Init
<LI><a href="#[b4]">&gt;&gt;</a>&nbsp;&nbsp;&nbsp;USART_DMACmd
<LI><a href="#[b0]">&gt;&gt;</a>&nbsp;&nbsp;&nbsp;GPIO_PinAFConfig
<LI><a href="#[b3]">&gt;&gt;</a>&nbsp;&nbsp;&nbsp;DMA_Init
<LI><a href="#[b2]">&gt;&gt;</a>&nbsp;&nbsp;&nbsp;DMA_DeInit
<LI><a href="#[88]">&gt;&gt;</a>&nbsp;&nbsp;&nbsp;USART_Cmd
<LI><a href="#[79]">&gt;&gt;</a>&nbsp;&nbsp;&nbsp;RCC_APB1PeriphClockCmd
<LI><a href="#[78]">&gt;&gt;</a>&nbsp;&nbsp;&nbsp;RCC_AHBPeriphClockCmd
<LI><a href="#[7b]">&gt;&gt;</a>&nbsp;&nbsp;&nbsp;GPIO_Init
<LI><a href="#[85]">&gt;&gt;</a>&nbsp;&nbsp;&nbsp;DMA_Cmd
</UL>
<BR>[Called By]<UL><LI><a href="#[28]">&gt;&gt;</a>&nbsp;&nbsp;&nbsp;init_task
</UL>

<P><STRONG><a name="[61]"></a>UartSendNBytes</STRONG> (Thumb, 24 bytes, Stack size 0 bytes, serial_port.o(.text))
<BR><BR>[Called By]<UL><LI><a href="#[29]">&gt;&gt;</a>&nbsp;&nbsp;&nbsp;TaskDataSend
</UL>

<P><STRONG><a name="[ae]"></a>GetUartReceiverResidualCnt</STRONG> (Thumb, 12 bytes, Stack size 8 bytes, serial_port.o(.text))
<BR><BR>[Stack]<UL><LI>Max Depth = 8<LI>Call Chain = GetUartReceiverResidualCnt
</UL>
<BR>[Calls]<UL><LI><a href="#[b5]">&gt;&gt;</a>&nbsp;&nbsp;&nbsp;DMA_GetCurrDataCounter
</UL>
<BR>[Called By]<UL><LI><a href="#[76]">&gt;&gt;</a>&nbsp;&nbsp;&nbsp;ReceiveData
</UL>

<P><STRONG><a name="[b6]"></a>I2C_uConfiguration</STRONG> (Thumb, 40 bytes, Stack size 16 bytes, i2c.o(.text))
<BR><BR>[Stack]<UL><LI>Max Depth = 36<LI>Call Chain = I2C_uConfiguration &rArr; GPIO_Init
</UL>
<BR>[Calls]<UL><LI><a href="#[78]">&gt;&gt;</a>&nbsp;&nbsp;&nbsp;RCC_AHBPeriphClockCmd
<LI><a href="#[7b]">&gt;&gt;</a>&nbsp;&nbsp;&nbsp;GPIO_Init
</UL>
<BR>[Called By]<UL><LI><a href="#[8c]">&gt;&gt;</a>&nbsp;&nbsp;&nbsp;Init_honeywell_sensor
</UL>

<P><STRONG><a name="[b7]"></a>I2C_SDA_OUT</STRONG> (Thumb, 34 bytes, Stack size 16 bytes, i2c.o(.text))
<BR><BR>[Stack]<UL><LI>Max Depth = 36<LI>Call Chain = I2C_SDA_OUT &rArr; GPIO_Init
</UL>
<BR>[Calls]<UL><LI><a href="#[7b]">&gt;&gt;</a>&nbsp;&nbsp;&nbsp;GPIO_Init
</UL>
<BR>[Called By]<UL><LI><a href="#[bd]">&gt;&gt;</a>&nbsp;&nbsp;&nbsp;I2C_RecAck
<LI><a href="#[bc]">&gt;&gt;</a>&nbsp;&nbsp;&nbsp;I2C_SendNak
<LI><a href="#[bb]">&gt;&gt;</a>&nbsp;&nbsp;&nbsp;I2C_SendAck
<LI><a href="#[b9]">&gt;&gt;</a>&nbsp;&nbsp;&nbsp;I2C_Start
</UL>

<P><STRONG><a name="[b8]"></a>I2C_SDA_IN</STRONG> (Thumb, 34 bytes, Stack size 16 bytes, i2c.o(.text))
<BR><BR>[Stack]<UL><LI>Max Depth = 36<LI>Call Chain = I2C_SDA_IN &rArr; GPIO_Init
</UL>
<BR>[Calls]<UL><LI><a href="#[7b]">&gt;&gt;</a>&nbsp;&nbsp;&nbsp;GPIO_Init
</UL>
<BR>[Called By]<UL><LI><a href="#[bf]">&gt;&gt;</a>&nbsp;&nbsp;&nbsp;I2C_RecByte
<LI><a href="#[bd]">&gt;&gt;</a>&nbsp;&nbsp;&nbsp;I2C_RecAck
</UL>

<P><STRONG><a name="[b9]"></a>I2C_Start</STRONG> (Thumb, 40 bytes, Stack size 16 bytes, i2c.o(.text))
<BR><BR>[Stack]<UL><LI>Max Depth = 52<LI>Call Chain = I2C_Start &rArr; I2C_SDA_OUT &rArr; GPIO_Init
</UL>
<BR>[Calls]<UL><LI><a href="#[b7]">&gt;&gt;</a>&nbsp;&nbsp;&nbsp;I2C_SDA_OUT
<LI><a href="#[ab]">&gt;&gt;</a>&nbsp;&nbsp;&nbsp;Delay_us
</UL>
<BR>[Called By]<UL><LI><a href="#[8e]">&gt;&gt;</a>&nbsp;&nbsp;&nbsp;honeywell_readByte
<LI><a href="#[8d]">&gt;&gt;</a>&nbsp;&nbsp;&nbsp;Is_honeywell_free
<LI><a href="#[8c]">&gt;&gt;</a>&nbsp;&nbsp;&nbsp;Init_honeywell_sensor
</UL>

<P><STRONG><a name="[ba]"></a>I2C_Stop</STRONG> (Thumb, 34 bytes, Stack size 16 bytes, i2c.o(.text))
<BR><BR>[Stack]<UL><LI>Max Depth = 24<LI>Call Chain = I2C_Stop &rArr; Delay_us
</UL>
<BR>[Calls]<UL><LI><a href="#[ab]">&gt;&gt;</a>&nbsp;&nbsp;&nbsp;Delay_us
</UL>
<BR>[Called By]<UL><LI><a href="#[8e]">&gt;&gt;</a>&nbsp;&nbsp;&nbsp;honeywell_readByte
<LI><a href="#[8d]">&gt;&gt;</a>&nbsp;&nbsp;&nbsp;Is_honeywell_free
<LI><a href="#[8c]">&gt;&gt;</a>&nbsp;&nbsp;&nbsp;Init_honeywell_sensor
</UL>

<P><STRONG><a name="[bb]"></a>I2C_SendAck</STRONG> (Thumb, 38 bytes, Stack size 16 bytes, i2c.o(.text))
<BR><BR>[Stack]<UL><LI>Max Depth = 52<LI>Call Chain = I2C_SendAck &rArr; I2C_SDA_OUT &rArr; GPIO_Init
</UL>
<BR>[Calls]<UL><LI><a href="#[b7]">&gt;&gt;</a>&nbsp;&nbsp;&nbsp;I2C_SDA_OUT
<LI><a href="#[ab]">&gt;&gt;</a>&nbsp;&nbsp;&nbsp;Delay_us
</UL>
<BR>[Called By]<UL><LI><a href="#[8e]">&gt;&gt;</a>&nbsp;&nbsp;&nbsp;honeywell_readByte
</UL>

<P><STRONG><a name="[bc]"></a>I2C_SendNak</STRONG> (Thumb, 38 bytes, Stack size 8 bytes, i2c.o(.text))
<BR><BR>[Stack]<UL><LI>Max Depth = 44<LI>Call Chain = I2C_SendNak &rArr; I2C_SDA_OUT &rArr; GPIO_Init
</UL>
<BR>[Calls]<UL><LI><a href="#[b7]">&gt;&gt;</a>&nbsp;&nbsp;&nbsp;I2C_SDA_OUT
<LI><a href="#[ab]">&gt;&gt;</a>&nbsp;&nbsp;&nbsp;Delay_us
</UL>
<BR>[Called By]<UL><LI><a href="#[8e]">&gt;&gt;</a>&nbsp;&nbsp;&nbsp;honeywell_readByte
<LI><a href="#[8d]">&gt;&gt;</a>&nbsp;&nbsp;&nbsp;Is_honeywell_free
</UL>

<P><STRONG><a name="[bd]"></a>I2C_RecAck</STRONG> (Thumb, 68 bytes, Stack size 16 bytes, i2c.o(.text))
<BR><BR>[Stack]<UL><LI>Max Depth = 52<LI>Call Chain = I2C_RecAck &rArr; I2C_SDA_IN &rArr; GPIO_Init
</UL>
<BR>[Calls]<UL><LI><a href="#[b8]">&gt;&gt;</a>&nbsp;&nbsp;&nbsp;I2C_SDA_IN
<LI><a href="#[b7]">&gt;&gt;</a>&nbsp;&nbsp;&nbsp;I2C_SDA_OUT
<LI><a href="#[ab]">&gt;&gt;</a>&nbsp;&nbsp;&nbsp;Delay_us
</UL>
<BR>[Called By]<UL><LI><a href="#[8e]">&gt;&gt;</a>&nbsp;&nbsp;&nbsp;honeywell_readByte
<LI><a href="#[8d]">&gt;&gt;</a>&nbsp;&nbsp;&nbsp;Is_honeywell_free
<LI><a href="#[8c]">&gt;&gt;</a>&nbsp;&nbsp;&nbsp;Init_honeywell_sensor
</UL>

<P><STRONG><a name="[be]"></a>I2C_SendByte</STRONG> (Thumb, 66 bytes, Stack size 24 bytes, i2c.o(.text))
<BR><BR>[Stack]<UL><LI>Max Depth = 32<LI>Call Chain = I2C_SendByte &rArr; Delay_us
</UL>
<BR>[Calls]<UL><LI><a href="#[ab]">&gt;&gt;</a>&nbsp;&nbsp;&nbsp;Delay_us
</UL>
<BR>[Called By]<UL><LI><a href="#[8e]">&gt;&gt;</a>&nbsp;&nbsp;&nbsp;honeywell_readByte
<LI><a href="#[8d]">&gt;&gt;</a>&nbsp;&nbsp;&nbsp;Is_honeywell_free
<LI><a href="#[8c]">&gt;&gt;</a>&nbsp;&nbsp;&nbsp;Init_honeywell_sensor
</UL>

<P><STRONG><a name="[bf]"></a>I2C_RecByte</STRONG> (Thumb, 60 bytes, Stack size 24 bytes, i2c.o(.text))
<BR><BR>[Stack]<UL><LI>Max Depth = 60<LI>Call Chain = I2C_RecByte &rArr; I2C_SDA_IN &rArr; GPIO_Init
</UL>
<BR>[Calls]<UL><LI><a href="#[b8]">&gt;&gt;</a>&nbsp;&nbsp;&nbsp;I2C_SDA_IN
<LI><a href="#[ab]">&gt;&gt;</a>&nbsp;&nbsp;&nbsp;Delay_us
</UL>
<BR>[Called By]<UL><LI><a href="#[8e]">&gt;&gt;</a>&nbsp;&nbsp;&nbsp;honeywell_readByte
<LI><a href="#[8d]">&gt;&gt;</a>&nbsp;&nbsp;&nbsp;Is_honeywell_free
</UL>

<P><STRONG><a name="[8c]"></a>Init_honeywell_sensor</STRONG> (Thumb, 56 bytes, Stack size 8 bytes, i2c.o(.text))
<BR><BR>[Stack]<UL><LI>Max Depth = 60<LI>Call Chain = Init_honeywell_sensor &rArr; I2C_RecAck &rArr; I2C_SDA_IN &rArr; GPIO_Init
</UL>
<BR>[Calls]<UL><LI><a href="#[be]">&gt;&gt;</a>&nbsp;&nbsp;&nbsp;I2C_SendByte
<LI><a href="#[bd]">&gt;&gt;</a>&nbsp;&nbsp;&nbsp;I2C_RecAck
<LI><a href="#[ba]">&gt;&gt;</a>&nbsp;&nbsp;&nbsp;I2C_Stop
<LI><a href="#[b9]">&gt;&gt;</a>&nbsp;&nbsp;&nbsp;I2C_Start
<LI><a href="#[b6]">&gt;&gt;</a>&nbsp;&nbsp;&nbsp;I2C_uConfiguration
</UL>
<BR>[Called By]<UL><LI><a href="#[2e]">&gt;&gt;</a>&nbsp;&nbsp;&nbsp;honeywell_sampling_data
</UL>

<P><STRONG><a name="[8d]"></a>Is_honeywell_free</STRONG> (Thumb, 42 bytes, Stack size 8 bytes, i2c.o(.text))
<BR><BR>[Stack]<UL><LI>Max Depth = 68<LI>Call Chain = Is_honeywell_free &rArr; I2C_RecByte &rArr; I2C_SDA_IN &rArr; GPIO_Init
</UL>
<BR>[Calls]<UL><LI><a href="#[bf]">&gt;&gt;</a>&nbsp;&nbsp;&nbsp;I2C_RecByte
<LI><a href="#[be]">&gt;&gt;</a>&nbsp;&nbsp;&nbsp;I2C_SendByte
<LI><a href="#[bd]">&gt;&gt;</a>&nbsp;&nbsp;&nbsp;I2C_RecAck
<LI><a href="#[bc]">&gt;&gt;</a>&nbsp;&nbsp;&nbsp;I2C_SendNak
<LI><a href="#[ba]">&gt;&gt;</a>&nbsp;&nbsp;&nbsp;I2C_Stop
<LI><a href="#[b9]">&gt;&gt;</a>&nbsp;&nbsp;&nbsp;I2C_Start
</UL>
<BR>[Called By]<UL><LI><a href="#[2e]">&gt;&gt;</a>&nbsp;&nbsp;&nbsp;honeywell_sampling_data
</UL>

<P><STRONG><a name="[8e]"></a>honeywell_readByte</STRONG> (Thumb, 68 bytes, Stack size 16 bytes, i2c.o(.text))
<BR><BR>[Stack]<UL><LI>Max Depth = 76<LI>Call Chain = honeywell_readByte &rArr; I2C_RecByte &rArr; I2C_SDA_IN &rArr; GPIO_Init
</UL>
<BR>[Calls]<UL><LI><a href="#[bf]">&gt;&gt;</a>&nbsp;&nbsp;&nbsp;I2C_RecByte
<LI><a href="#[be]">&gt;&gt;</a>&nbsp;&nbsp;&nbsp;I2C_SendByte
<LI><a href="#[bd]">&gt;&gt;</a>&nbsp;&nbsp;&nbsp;I2C_RecAck
<LI><a href="#[bc]">&gt;&gt;</a>&nbsp;&nbsp;&nbsp;I2C_SendNak
<LI><a href="#[bb]">&gt;&gt;</a>&nbsp;&nbsp;&nbsp;I2C_SendAck
<LI><a href="#[ba]">&gt;&gt;</a>&nbsp;&nbsp;&nbsp;I2C_Stop
<LI><a href="#[b9]">&gt;&gt;</a>&nbsp;&nbsp;&nbsp;I2C_Start
</UL>
<BR>[Called By]<UL><LI><a href="#[2e]">&gt;&gt;</a>&nbsp;&nbsp;&nbsp;honeywell_sampling_data
</UL>

<P><STRONG><a name="[c0]"></a>init_tim</STRONG> (Thumb, 94 bytes, Stack size 24 bytes, hardware.o(.text))
<BR><BR>[Stack]<UL><LI>Max Depth = 36<LI>Call Chain = init_tim &rArr; NVIC_Init
</UL>
<BR>[Calls]<UL><LI><a href="#[c1]">&gt;&gt;</a>&nbsp;&nbsp;&nbsp;TIM_TimeBaseInit
<LI><a href="#[c3]">&gt;&gt;</a>&nbsp;&nbsp;&nbsp;TIM_ITConfig
<LI><a href="#[c4]">&gt;&gt;</a>&nbsp;&nbsp;&nbsp;TIM_Cmd
<LI><a href="#[c2]">&gt;&gt;</a>&nbsp;&nbsp;&nbsp;TIM_ClearFlag
<LI><a href="#[7a]">&gt;&gt;</a>&nbsp;&nbsp;&nbsp;RCC_APB2PeriphClockCmd
<LI><a href="#[7e]">&gt;&gt;</a>&nbsp;&nbsp;&nbsp;NVIC_Init
<LI><a href="#[4f]">&gt;&gt;</a>&nbsp;&nbsp;&nbsp;__aeabi_uidivmod
</UL>
<BR>[Called By]<UL><LI><a href="#[45]">&gt;&gt;</a>&nbsp;&nbsp;&nbsp;os_init
</UL>

<P><STRONG><a name="[c5]"></a>Init_LED</STRONG> (Thumb, 48 bytes, Stack size 16 bytes, hardware.o(.text), UNUSED)
<BR><BR>[Calls]<UL><LI><a href="#[7b]">&gt;&gt;</a>&nbsp;&nbsp;&nbsp;GPIO_Init
</UL>

<P><STRONG><a name="[c6]"></a>Init_PWRSAVE</STRONG> (Thumb, 42 bytes, Stack size 16 bytes, hardware.o(.text), UNUSED)
<BR><BR>[Calls]<UL><LI><a href="#[c7]">&gt;&gt;</a>&nbsp;&nbsp;&nbsp;GPIO_ResetBits
<LI><a href="#[7b]">&gt;&gt;</a>&nbsp;&nbsp;&nbsp;GPIO_Init
</UL>

<P><STRONG><a name="[c8]"></a>ADC1_Init</STRONG> (Thumb, 228 bytes, Stack size 96 bytes, hardware.o(.text))
<BR><BR>[Stack]<UL><LI>Max Depth = 116<LI>Call Chain = ADC1_Init &rArr; GPIO_Init
</UL>
<BR>[Calls]<UL><LI><a href="#[cb]">&gt;&gt;</a>&nbsp;&nbsp;&nbsp;ADC_StructInit
<LI><a href="#[d0]">&gt;&gt;</a>&nbsp;&nbsp;&nbsp;ADC_StartOfConversion
<LI><a href="#[cc]">&gt;&gt;</a>&nbsp;&nbsp;&nbsp;ADC_Init
<LI><a href="#[cf]">&gt;&gt;</a>&nbsp;&nbsp;&nbsp;ADC_GetFlagStatus
<LI><a href="#[ce]">&gt;&gt;</a>&nbsp;&nbsp;&nbsp;ADC_GetCalibrationFactor
<LI><a href="#[c9]">&gt;&gt;</a>&nbsp;&nbsp;&nbsp;ADC_DeInit
<LI><a href="#[ca]">&gt;&gt;</a>&nbsp;&nbsp;&nbsp;ADC_DMARequestModeConfig
<LI><a href="#[cd]">&gt;&gt;</a>&nbsp;&nbsp;&nbsp;ADC_ChannelConfig
<LI><a href="#[b3]">&gt;&gt;</a>&nbsp;&nbsp;&nbsp;DMA_Init
<LI><a href="#[b2]">&gt;&gt;</a>&nbsp;&nbsp;&nbsp;DMA_DeInit
<LI><a href="#[7a]">&gt;&gt;</a>&nbsp;&nbsp;&nbsp;RCC_APB2PeriphClockCmd
<LI><a href="#[78]">&gt;&gt;</a>&nbsp;&nbsp;&nbsp;RCC_AHBPeriphClockCmd
<LI><a href="#[7b]">&gt;&gt;</a>&nbsp;&nbsp;&nbsp;GPIO_Init
<LI><a href="#[85]">&gt;&gt;</a>&nbsp;&nbsp;&nbsp;DMA_Cmd
<LI><a href="#[86]">&gt;&gt;</a>&nbsp;&nbsp;&nbsp;ADC_DMACmd
<LI><a href="#[87]">&gt;&gt;</a>&nbsp;&nbsp;&nbsp;ADC_Cmd
</UL>
<BR>[Called By]<UL><LI><a href="#[51]">&gt;&gt;</a>&nbsp;&nbsp;&nbsp;init_hardware
</UL>

<P><STRONG><a name="[62]"></a>set_led</STRONG> (Thumb, 66 bytes, Stack size 16 bytes, hardware.o(.text))
<BR><BR>[Stack]<UL><LI>Max Depth = 16<LI>Call Chain = set_led
</UL>
<BR>[Calls]<UL><LI><a href="#[c7]">&gt;&gt;</a>&nbsp;&nbsp;&nbsp;GPIO_ResetBits
<LI><a href="#[89]">&gt;&gt;</a>&nbsp;&nbsp;&nbsp;GPIO_SetBits
</UL>
<BR>[Called By]<UL><LI><a href="#[2b]">&gt;&gt;</a>&nbsp;&nbsp;&nbsp;key_led_task
<LI><a href="#[51]">&gt;&gt;</a>&nbsp;&nbsp;&nbsp;init_hardware
<LI><a href="#[2c]">&gt;&gt;</a>&nbsp;&nbsp;&nbsp;check_selectedMode_ouputPWM
<LI><a href="#[2f]">&gt;&gt;</a>&nbsp;&nbsp;&nbsp;bat_check
</UL>

<P><STRONG><a name="[51]"></a>init_hardware</STRONG> (Thumb, 128 bytes, Stack size 32 bytes, hardware.o(.text))
<BR><BR>[Stack]<UL><LI>Max Depth = 148<LI>Call Chain = init_hardware &rArr; ADC1_Init &rArr; GPIO_Init
</UL>
<BR>[Calls]<UL><LI><a href="#[c7]">&gt;&gt;</a>&nbsp;&nbsp;&nbsp;GPIO_ResetBits
<LI><a href="#[c8]">&gt;&gt;</a>&nbsp;&nbsp;&nbsp;ADC1_Init
<LI><a href="#[a1]">&gt;&gt;</a>&nbsp;&nbsp;&nbsp;Init_RecordPage
<LI><a href="#[78]">&gt;&gt;</a>&nbsp;&nbsp;&nbsp;RCC_AHBPeriphClockCmd
<LI><a href="#[7b]">&gt;&gt;</a>&nbsp;&nbsp;&nbsp;GPIO_Init
<LI><a href="#[62]">&gt;&gt;</a>&nbsp;&nbsp;&nbsp;set_led
<LI><a href="#[66]">&gt;&gt;</a>&nbsp;&nbsp;&nbsp;GetModeSelected
</UL>
<BR>[Called By]<UL><LI><a href="#[28]">&gt;&gt;</a>&nbsp;&nbsp;&nbsp;init_task
</UL>

<P><STRONG><a name="[d1]"></a>get_exp_status</STRONG> (Thumb, 16 bytes, Stack size 8 bytes, hardware.o(.text), UNUSED)
<BR><BR>[Calls]<UL><LI><a href="#[80]">&gt;&gt;</a>&nbsp;&nbsp;&nbsp;GPIO_ReadInputDataBit
</UL>

<P><STRONG><a name="[d2]"></a>get_key_status</STRONG> (Thumb, 14 bytes, Stack size 8 bytes, hardware.o(.text), UNUSED)
<BR><BR>[Calls]<UL><LI><a href="#[80]">&gt;&gt;</a>&nbsp;&nbsp;&nbsp;GPIO_ReadInputDataBit
</UL>

<P><STRONG><a name="[143]"></a>save_one_page_to_flash</STRONG> (Thumb, 4 bytes, Stack size 0 bytes, hardware.o(.text), UNUSED)

<P><STRONG><a name="[144]"></a>read_one_page_from_flash</STRONG> (Thumb, 2 bytes, Stack size 0 bytes, hardware.o(.text), UNUSED)

<P><STRONG><a name="[145]"></a>save_half_word_to_flash</STRONG> (Thumb, 4 bytes, Stack size 0 bytes, hardware.o(.text), UNUSED)

<P><STRONG><a name="[146]"></a>read_half_word_from_flash</STRONG> (Thumb, 2 bytes, Stack size 0 bytes, hardware.o(.text), UNUSED)

<P><STRONG><a name="[147]"></a>save_half_word_buf_to_eeprom</STRONG> (Thumb, 4 bytes, Stack size 0 bytes, hardware.o(.text), UNUSED)

<P><STRONG><a name="[148]"></a>read_half_word_buf_from_eeprom</STRONG> (Thumb, 2 bytes, Stack size 0 bytes, hardware.o(.text), UNUSED)

<P><STRONG><a name="[d3]"></a>Key_WakeUp_Init</STRONG> (Thumb, 30 bytes, Stack size 16 bytes, hardware.o(.text), UNUSED)
<BR><BR>[Calls]<UL><LI><a href="#[78]">&gt;&gt;</a>&nbsp;&nbsp;&nbsp;RCC_AHBPeriphClockCmd
<LI><a href="#[7b]">&gt;&gt;</a>&nbsp;&nbsp;&nbsp;GPIO_Init
</UL>

<P><STRONG><a name="[52]"></a>Motor_PWM_Init</STRONG> (Thumb, 82 bytes, Stack size 24 bytes, motor_pwm.o(.text))
<BR><BR>[Stack]<UL><LI>Max Depth = 84<LI>Call Chain = Motor_PWM_Init &rArr; Motor_PWM_Config &rArr; TIM_OC1Init
</UL>
<BR>[Calls]<UL><LI><a href="#[d4]">&gt;&gt;</a>&nbsp;&nbsp;&nbsp;Motor_PWM_Config
<LI><a href="#[b0]">&gt;&gt;</a>&nbsp;&nbsp;&nbsp;GPIO_PinAFConfig
<LI><a href="#[78]">&gt;&gt;</a>&nbsp;&nbsp;&nbsp;RCC_AHBPeriphClockCmd
<LI><a href="#[7b]">&gt;&gt;</a>&nbsp;&nbsp;&nbsp;GPIO_Init
</UL>
<BR>[Called By]<UL><LI><a href="#[28]">&gt;&gt;</a>&nbsp;&nbsp;&nbsp;init_task
</UL>

<P><STRONG><a name="[63]"></a>Motor_PWM_Freq_Dudy_Set</STRONG> (Thumb, 114 bytes, Stack size 48 bytes, motor_pwm.o(.text))
<BR><BR>[Stack]<UL><LI>Max Depth = 60<LI>Call Chain = Motor_PWM_Freq_Dudy_Set &rArr; TIM_OC1Init
</UL>
<BR>[Calls]<UL><LI><a href="#[d6]">&gt;&gt;</a>&nbsp;&nbsp;&nbsp;TIM_OC1PreloadConfig
<LI><a href="#[d5]">&gt;&gt;</a>&nbsp;&nbsp;&nbsp;TIM_OC1Init
<LI><a href="#[c1]">&gt;&gt;</a>&nbsp;&nbsp;&nbsp;TIM_TimeBaseInit
<LI><a href="#[4f]">&gt;&gt;</a>&nbsp;&nbsp;&nbsp;__aeabi_uidivmod
</UL>
<BR>[Called By]<UL><LI><a href="#[68]">&gt;&gt;</a>&nbsp;&nbsp;&nbsp;PaintPWM
<LI><a href="#[2b]">&gt;&gt;</a>&nbsp;&nbsp;&nbsp;key_led_task
<LI><a href="#[2d]">&gt;&gt;</a>&nbsp;&nbsp;&nbsp;get_switch_mode
<LI><a href="#[2c]">&gt;&gt;</a>&nbsp;&nbsp;&nbsp;check_selectedMode_ouputPWM
<LI><a href="#[2f]">&gt;&gt;</a>&nbsp;&nbsp;&nbsp;bat_check
</UL>

<P><STRONG><a name="[a2]"></a>Get_DataTime</STRONG> (Thumb, 20 bytes, Stack size 8 bytes, rtc.o(.text))
<BR><BR>[Stack]<UL><LI>Max Depth = 24<LI>Call Chain = Get_DataTime &rArr; RTC_GetTime
</UL>
<BR>[Calls]<UL><LI><a href="#[d8]">&gt;&gt;</a>&nbsp;&nbsp;&nbsp;RTC_GetTime
<LI><a href="#[d9]">&gt;&gt;</a>&nbsp;&nbsp;&nbsp;RTC_GetDate
</UL>
<BR>[Called By]<UL><LI><a href="#[73]">&gt;&gt;</a>&nbsp;&nbsp;&nbsp;record_dateTime
</UL>

<P><STRONG><a name="[149]"></a>chage_to_RCT_month</STRONG> (Thumb, 24 bytes, Stack size 0 bytes, rtc.o(.text), UNUSED)

<P><STRONG><a name="[da]"></a>RTC_Config</STRONG> (Thumb, 62 bytes, Stack size 8 bytes, rtc.o(.text))
<BR><BR>[Stack]<UL><LI>Max Depth = 20<LI>Call Chain = RTC_Config &rArr; RTC_WaitForSynchro
</UL>
<BR>[Calls]<UL><LI><a href="#[e0]">&gt;&gt;</a>&nbsp;&nbsp;&nbsp;RTC_WaitForSynchro
<LI><a href="#[de]">&gt;&gt;</a>&nbsp;&nbsp;&nbsp;RCC_RTCCLKConfig
<LI><a href="#[df]">&gt;&gt;</a>&nbsp;&nbsp;&nbsp;RCC_RTCCLKCmd
<LI><a href="#[dc]">&gt;&gt;</a>&nbsp;&nbsp;&nbsp;RCC_LSEConfig
<LI><a href="#[dd]">&gt;&gt;</a>&nbsp;&nbsp;&nbsp;RCC_GetFlagStatus
<LI><a href="#[db]">&gt;&gt;</a>&nbsp;&nbsp;&nbsp;PWR_BackupAccessCmd
<LI><a href="#[79]">&gt;&gt;</a>&nbsp;&nbsp;&nbsp;RCC_APB1PeriphClockCmd
</UL>
<BR>[Called By]<UL><LI><a href="#[aa]">&gt;&gt;</a>&nbsp;&nbsp;&nbsp;Set_RTC
</UL>

<P><STRONG><a name="[aa]"></a>Set_RTC</STRONG> (Thumb, 88 bytes, Stack size 32 bytes, rtc.o(.text))
<BR><BR>[Stack]<UL><LI>Max Depth = 68<LI>Call Chain = Set_RTC &rArr; RTC_SetTime &rArr; RTC_WaitForSynchro
</UL>
<BR>[Calls]<UL><LI><a href="#[e2]">&gt;&gt;</a>&nbsp;&nbsp;&nbsp;RTC_SetTime
<LI><a href="#[e3]">&gt;&gt;</a>&nbsp;&nbsp;&nbsp;RTC_SetDate
<LI><a href="#[e1]">&gt;&gt;</a>&nbsp;&nbsp;&nbsp;RTC_Init
<LI><a href="#[db]">&gt;&gt;</a>&nbsp;&nbsp;&nbsp;PWR_BackupAccessCmd
<LI><a href="#[da]">&gt;&gt;</a>&nbsp;&nbsp;&nbsp;RTC_Config
</UL>
<BR>[Called By]<UL><LI><a href="#[5d]">&gt;&gt;</a>&nbsp;&nbsp;&nbsp;protocol_module_process
</UL>

<P><STRONG><a name="[49]"></a>os_start</STRONG> (Thumb, 54 bytes, Stack size 0 bytes, os_core.o(.text))
<BR><BR>[Called By]<UL><LI><a href="#[3e]">&gt;&gt;</a>&nbsp;&nbsp;&nbsp;main
</UL>

<P><STRONG><a name="[48]"></a>os_create_task</STRONG> (Thumb, 26 bytes, Stack size 12 bytes, os_core.o(.text))
<BR><BR>[Stack]<UL><LI>Max Depth = 12<LI>Call Chain = os_create_task
</UL>
<BR>[Called By]<UL><LI><a href="#[28]">&gt;&gt;</a>&nbsp;&nbsp;&nbsp;init_task
<LI><a href="#[3e]">&gt;&gt;</a>&nbsp;&nbsp;&nbsp;main
</UL>

<P><STRONG><a name="[14a]"></a>os_resume_task</STRONG> (Thumb, 18 bytes, Stack size 0 bytes, os_core.o(.text), UNUSED)

<P><STRONG><a name="[56]"></a>os_pend_task</STRONG> (Thumb, 18 bytes, Stack size 0 bytes, os_core.o(.text))
<BR><BR>[Called By]<UL><LI><a href="#[28]">&gt;&gt;</a>&nbsp;&nbsp;&nbsp;init_task
</UL>

<P><STRONG><a name="[58]"></a>os_delay_ms</STRONG> (Thumb, 38 bytes, Stack size 8 bytes, os_core.o(.text))
<BR><BR>[Stack]<UL><LI>Max Depth = 8<LI>Call Chain = os_delay_ms
</UL>
<BR>[Calls]<UL><LI><a href="#[4f]">&gt;&gt;</a>&nbsp;&nbsp;&nbsp;__aeabi_uidivmod
</UL>
<BR>[Called By]<UL><LI><a href="#[2b]">&gt;&gt;</a>&nbsp;&nbsp;&nbsp;key_led_task
<LI><a href="#[2e]">&gt;&gt;</a>&nbsp;&nbsp;&nbsp;honeywell_sampling_data
<LI><a href="#[2d]">&gt;&gt;</a>&nbsp;&nbsp;&nbsp;get_switch_mode
<LI><a href="#[2c]">&gt;&gt;</a>&nbsp;&nbsp;&nbsp;check_selectedMode_ouputPWM
<LI><a href="#[2f]">&gt;&gt;</a>&nbsp;&nbsp;&nbsp;bat_check
<LI><a href="#[29]">&gt;&gt;</a>&nbsp;&nbsp;&nbsp;TaskDataSend
<LI><a href="#[2a]">&gt;&gt;</a>&nbsp;&nbsp;&nbsp;CMD_ProcessTask
<LI><a href="#[57]">&gt;&gt;</a>&nbsp;&nbsp;&nbsp;test_task
</UL>

<P><STRONG><a name="[4b]"></a>os_isr_ticks</STRONG> (Thumb, 10 bytes, Stack size 0 bytes, os_core.o(.text))
<BR><BR>[Called By]<UL><LI><a href="#[1f]">&gt;&gt;</a>&nbsp;&nbsp;&nbsp;TIM16_IRQHandler
</UL>

<P><STRONG><a name="[45]"></a>os_init</STRONG> (Thumb, 8 bytes, Stack size 8 bytes, os_core.o(.text))
<BR><BR>[Stack]<UL><LI>Max Depth = 44<LI>Call Chain = os_init &rArr; init_tim &rArr; NVIC_Init
</UL>
<BR>[Calls]<UL><LI><a href="#[c0]">&gt;&gt;</a>&nbsp;&nbsp;&nbsp;init_tim
</UL>
<BR>[Called By]<UL><LI><a href="#[47]">&gt;&gt;</a>&nbsp;&nbsp;&nbsp;init_system_afterWakeUp
<LI><a href="#[3e]">&gt;&gt;</a>&nbsp;&nbsp;&nbsp;main
</UL>

<P><STRONG><a name="[32]"></a>Reset_Handler</STRONG> (Thumb, 8 bytes, Stack size 0 bytes, startup_stm32f0xx.o(.text))

<P><STRONG><a name="[17]"></a>ADC1_COMP_IRQHandler</STRONG> (Thumb, 0 bytes, Stack size 0 bytes, startup_stm32f0xx.o(.text))
<BR><BR>[Calls]<UL><LI><a href="#[17]">&gt;&gt;</a>&nbsp;&nbsp;&nbsp;ADC1_COMP_IRQHandler
</UL>
<BR>[Called By]<UL><LI><a href="#[17]">&gt;&gt;</a>&nbsp;&nbsp;&nbsp;ADC1_COMP_IRQHandler
</UL>
<BR>[Address Reference Count : 1]<UL><LI> startup_stm32f0xx.o(RESET)
</UL>
<P><STRONG><a name="[27]"></a>CEC_IRQHandler</STRONG> (Thumb, 0 bytes, Stack size 0 bytes, startup_stm32f0xx.o(.text))
<BR>[Address Reference Count : 1]<UL><LI> startup_stm32f0xx.o(RESET)
</UL>
<P><STRONG><a name="[14]"></a>DMA1_Channel1_IRQHandler</STRONG> (Thumb, 0 bytes, Stack size 0 bytes, startup_stm32f0xx.o(.text))
<BR>[Address Reference Count : 1]<UL><LI> startup_stm32f0xx.o(RESET)
</UL>
<P><STRONG><a name="[15]"></a>DMA1_Channel2_3_IRQHandler</STRONG> (Thumb, 0 bytes, Stack size 0 bytes, startup_stm32f0xx.o(.text))
<BR>[Address Reference Count : 1]<UL><LI> startup_stm32f0xx.o(RESET)
</UL>
<P><STRONG><a name="[16]"></a>DMA1_Channel4_5_IRQHandler</STRONG> (Thumb, 0 bytes, Stack size 0 bytes, startup_stm32f0xx.o(.text))
<BR>[Address Reference Count : 1]<UL><LI> startup_stm32f0xx.o(RESET)
</UL>
<P><STRONG><a name="[11]"></a>EXTI2_3_IRQHandler</STRONG> (Thumb, 0 bytes, Stack size 0 bytes, startup_stm32f0xx.o(.text))
<BR>[Address Reference Count : 1]<UL><LI> startup_stm32f0xx.o(RESET)
</UL>
<P><STRONG><a name="[12]"></a>EXTI4_15_IRQHandler</STRONG> (Thumb, 0 bytes, Stack size 0 bytes, startup_stm32f0xx.o(.text))
<BR>[Address Reference Count : 1]<UL><LI> startup_stm32f0xx.o(RESET)
</UL>
<P><STRONG><a name="[e]"></a>FLASH_IRQHandler</STRONG> (Thumb, 0 bytes, Stack size 0 bytes, startup_stm32f0xx.o(.text))
<BR>[Address Reference Count : 1]<UL><LI> startup_stm32f0xx.o(RESET)
</UL>
<P><STRONG><a name="[21]"></a>I2C1_IRQHandler</STRONG> (Thumb, 0 bytes, Stack size 0 bytes, startup_stm32f0xx.o(.text))
<BR>[Address Reference Count : 1]<UL><LI> startup_stm32f0xx.o(RESET)
</UL>
<P><STRONG><a name="[22]"></a>I2C2_IRQHandler</STRONG> (Thumb, 0 bytes, Stack size 0 bytes, startup_stm32f0xx.o(.text))
<BR>[Address Reference Count : 1]<UL><LI> startup_stm32f0xx.o(RESET)
</UL>
<P><STRONG><a name="[c]"></a>PVD_IRQHandler</STRONG> (Thumb, 0 bytes, Stack size 0 bytes, startup_stm32f0xx.o(.text))
<BR>[Address Reference Count : 1]<UL><LI> startup_stm32f0xx.o(RESET)
</UL>
<P><STRONG><a name="[f]"></a>RCC_IRQHandler</STRONG> (Thumb, 0 bytes, Stack size 0 bytes, startup_stm32f0xx.o(.text))
<BR>[Address Reference Count : 1]<UL><LI> startup_stm32f0xx.o(RESET)
</UL>
<P><STRONG><a name="[d]"></a>RTC_IRQHandler</STRONG> (Thumb, 0 bytes, Stack size 0 bytes, startup_stm32f0xx.o(.text))
<BR>[Address Reference Count : 1]<UL><LI> startup_stm32f0xx.o(RESET)
</UL>
<P><STRONG><a name="[23]"></a>SPI1_IRQHandler</STRONG> (Thumb, 0 bytes, Stack size 0 bytes, startup_stm32f0xx.o(.text))
<BR>[Address Reference Count : 1]<UL><LI> startup_stm32f0xx.o(RESET)
</UL>
<P><STRONG><a name="[24]"></a>SPI2_IRQHandler</STRONG> (Thumb, 0 bytes, Stack size 0 bytes, startup_stm32f0xx.o(.text))
<BR>[Address Reference Count : 1]<UL><LI> startup_stm32f0xx.o(RESET)
</UL>
<P><STRONG><a name="[1d]"></a>TIM14_IRQHandler</STRONG> (Thumb, 0 bytes, Stack size 0 bytes, startup_stm32f0xx.o(.text))
<BR>[Address Reference Count : 1]<UL><LI> startup_stm32f0xx.o(RESET)
</UL>
<P><STRONG><a name="[1e]"></a>TIM15_IRQHandler</STRONG> (Thumb, 0 bytes, Stack size 0 bytes, startup_stm32f0xx.o(.text))
<BR>[Address Reference Count : 1]<UL><LI> startup_stm32f0xx.o(RESET)
</UL>
<P><STRONG><a name="[20]"></a>TIM17_IRQHandler</STRONG> (Thumb, 0 bytes, Stack size 0 bytes, startup_stm32f0xx.o(.text))
<BR>[Address Reference Count : 1]<UL><LI> startup_stm32f0xx.o(RESET)
</UL>
<P><STRONG><a name="[18]"></a>TIM1_BRK_UP_TRG_COM_IRQHandler</STRONG> (Thumb, 0 bytes, Stack size 0 bytes, startup_stm32f0xx.o(.text))
<BR>[Address Reference Count : 1]<UL><LI> startup_stm32f0xx.o(RESET)
</UL>
<P><STRONG><a name="[19]"></a>TIM1_CC_IRQHandler</STRONG> (Thumb, 0 bytes, Stack size 0 bytes, startup_stm32f0xx.o(.text))
<BR>[Address Reference Count : 1]<UL><LI> startup_stm32f0xx.o(RESET)
</UL>
<P><STRONG><a name="[1a]"></a>TIM2_IRQHandler</STRONG> (Thumb, 0 bytes, Stack size 0 bytes, startup_stm32f0xx.o(.text))
<BR>[Address Reference Count : 1]<UL><LI> startup_stm32f0xx.o(RESET)
</UL>
<P><STRONG><a name="[1b]"></a>TIM3_IRQHandler</STRONG> (Thumb, 0 bytes, Stack size 0 bytes, startup_stm32f0xx.o(.text))
<BR>[Address Reference Count : 1]<UL><LI> startup_stm32f0xx.o(RESET)
</UL>
<P><STRONG><a name="[1c]"></a>TIM6_DAC_IRQHandler</STRONG> (Thumb, 0 bytes, Stack size 0 bytes, startup_stm32f0xx.o(.text))
<BR>[Address Reference Count : 1]<UL><LI> startup_stm32f0xx.o(RESET)
</UL>
<P><STRONG><a name="[13]"></a>TS_IRQHandler</STRONG> (Thumb, 0 bytes, Stack size 0 bytes, startup_stm32f0xx.o(.text))
<BR>[Address Reference Count : 1]<UL><LI> startup_stm32f0xx.o(RESET)
</UL>
<P><STRONG><a name="[25]"></a>USART1_IRQHandler</STRONG> (Thumb, 0 bytes, Stack size 0 bytes, startup_stm32f0xx.o(.text))
<BR>[Address Reference Count : 1]<UL><LI> startup_stm32f0xx.o(RESET)
</UL>
<P><STRONG><a name="[26]"></a>USART2_IRQHandler</STRONG> (Thumb, 0 bytes, Stack size 0 bytes, startup_stm32f0xx.o(.text))
<BR>[Address Reference Count : 1]<UL><LI> startup_stm32f0xx.o(RESET)
</UL>
<P><STRONG><a name="[b]"></a>WWDG_IRQHandler</STRONG> (Thumb, 0 bytes, Stack size 0 bytes, startup_stm32f0xx.o(.text))
<BR>[Address Reference Count : 1]<UL><LI> startup_stm32f0xx.o(RESET)
</UL>
<P><STRONG><a name="[34]"></a>__user_initial_stackheap</STRONG> (Thumb, 0 bytes, Stack size unknown bytes, startup_stm32f0xx.o(.text))
<BR><BR>[Called By]<UL><LI><a href="#[3a]">&gt;&gt;</a>&nbsp;&nbsp;&nbsp;__user_setup_stackheap
</UL>

<P><STRONG><a name="[e4]"></a>GPIO_DeInit</STRONG> (Thumb, 78 bytes, Stack size 8 bytes, stm32f0xx_gpio.o(.text), UNUSED)
<BR><BR>[Calls]<UL><LI><a href="#[e5]">&gt;&gt;</a>&nbsp;&nbsp;&nbsp;RCC_AHBPeriphResetCmd
</UL>

<P><STRONG><a name="[7b]"></a>GPIO_Init</STRONG> (Thumb, 112 bytes, Stack size 20 bytes, stm32f0xx_gpio.o(.text))
<BR><BR>[Stack]<UL><LI>Max Depth = 20<LI>Call Chain = GPIO_Init
</UL>
[...]
<BR><BR>[Stack]<UL><LI>Max Depth = 12<LI>Call Chain = RTC_EnterInitMode
</UL>
<BR>[Called By]<UL><LI><a href="#[e2]">&gt;&gt;</a>&nbsp;&nbsp;&nbsp;RTC_SetTime
<LI><a href="#[e3]">&gt;&gt;</a>&nbsp;&nbsp;&nbsp;RTC_SetDate
<LI><a href="#[e1]">&gt;&gt;</a>&nbsp;&nbsp;&nbsp;RTC_Init
<LI><a href="#[10c]">&gt;&gt;</a>&nbsp;&nbsp;&nbsp;RTC_RefClockCmd
<LI><a href="#[109]">&gt;&gt;</a>&nbsp;&nbsp;&nbsp;RTC_DeInit
</UL>

<P><STRONG><a name="[109]"></a>RTC_DeInit</STRONG> (Thumb, 74 bytes, Stack size 20 bytes, stm32f0xx_rtc.o(.text), UNUSED)
<BR><BR>[Calls]<UL><LI><a href="#[e0]">&gt;&gt;</a>&nbsp;&nbsp;&nbsp;RTC_WaitForSynchro
<LI><a href="#[10a]">&gt;&gt;</a>&nbsp;&nbsp;&nbsp;RTC_EnterInitMode
</UL>

<P><STRONG><a name="[10b]"></a>RTC_ExitInitMode</STRONG> (Thumb, 12 bytes, Stack size 0 bytes, stm32f0xx_rtc.o(.text))
<BR><BR>[Called By]<UL><LI><a href="#[e2]">&gt;&gt;</a>&nbsp;&nbsp;&nbsp;RTC_SetTime
<LI><a href="#[e3]">&gt;&gt;</a>&nbsp;&nbsp;&nbsp;RTC_SetDate
<LI><a href="#[e1]">&gt;&gt;</a>&nbsp;&nbsp;&nbsp;RTC_Init
<LI><a href="#[10c]">&gt;&gt;</a>&nbsp;&nbsp;&nbsp;RTC_RefClockCmd
</UL>

<P><STRONG><a name="[e1]"></a>RTC_Init</STRONG> (Thumb, 68 bytes, Stack size 16 bytes, stm32f0xx_rtc.o(.text))
<BR><BR>[Stack]<UL><LI>Max Depth = 28<LI>Call Chain = RTC_Init &rArr; RTC_EnterInitMode
</UL>
<BR>[Calls]<UL><LI><a href="#[10b]">&gt;&gt;</a>&nbsp;&nbsp;&nbsp;RTC_ExitInitMode
<LI><a href="#[10a]">&gt;&gt;</a>&nbsp;&nbsp;&nbsp;RTC_EnterInitMode
</UL>
<BR>[Called By]<UL><LI><a href="#[aa]">&gt;&gt;</a>&nbsp;&nbsp;&nbsp;Set_RTC
</UL>

<P><STRONG><a name="[215]"></a>RTC_StructInit</STRONG> (Thumb, 14 bytes, Stack size 0 bytes, stm32f0xx_rtc.o(.text), UNUSED)

<P><STRONG><a name="[216]"></a>RTC_WriteProtectionCmd</STRONG> (Thumb, 20 bytes, Stack size 0 bytes, stm32f0xx_rtc.o(.text), UNUSED)

<P><STRONG><a name="[10c]"></a>RTC_RefClockCmd</STRONG> (Thumb, 54 bytes, Stack size 16 bytes, stm32f0xx_rtc.o(.text), UNUSED)
<BR><BR>[Calls]<UL><LI><a href="#[10b]">&gt;&gt;</a>&nbsp;&nbsp;&nbsp;RTC_ExitInitMode
<LI><a href="#[10a]">&gt;&gt;</a>&nbsp;&nbsp;&nbsp;RTC_EnterInitMode
</UL>

<P><STRONG><a name="[217]"></a>RTC_BypassShadowCmd</STRONG> (Thumb, 34 bytes, Stack size 0 bytes, stm32f0xx_rtc.o(.text), UNUSED)

<P><STRONG><a name="[e2]"></a>RTC_SetTime</STRONG> (Thumb, 142 bytes, Stack size 24 bytes, stm32f0xx_rtc.o(.text))
<BR><BR>[Stack]<UL><LI>Max Depth = 36<LI>Call Chain = RTC_SetTime &rArr; RTC_WaitForSynchro
</UL>
<BR>[Calls]<UL><LI><a href="#[e0]">&gt;&gt;</a>&nbsp;&nbsp;&nbsp;RTC_WaitForSynchro
<LI><a href="#[10b]">&gt;&gt;</a>&nbsp;&nbsp;&nbsp;RTC_ExitInitMode
<LI><a href="#[10a]">&gt;&gt;</a>&nbsp;&nbsp;&nbsp;RTC_EnterInitMode
<LI><a href="#[10d]">&gt;&gt;</a>&nbsp;&nbsp;&nbsp;RTC_Bcd2ToByte
<LI><a href="#[10e]">&gt;&gt;</a>&nbsp;&nbsp;&nbsp;RTC_ByteToBcd2
</UL>
<BR>[Called By]<UL><LI><a href="#[aa]">&gt;&gt;</a>&nbsp;&nbsp;&nbsp;Set_RTC
</UL>

<P><STRONG><a name="[218]"></a>RTC_TimeStructInit</STRONG> (Thumb, 12 bytes, Stack size 0 bytes, stm32f0xx_rtc.o(.text), UNUSED)

<P><STRONG><a name="[d8]"></a>RTC_GetTime</STRONG> (Thumb, 70 bytes, Stack size 16 bytes, stm32f0xx_rtc.o(.text))
<BR><BR>[Stack]<UL><LI>Max Depth = 16<LI>Call Chain = RTC_GetTime
</UL>
<BR>[Calls]<UL><LI><a href="#[10d]">&gt;&gt;</a>&nbsp;&nbsp;&nbsp;RTC_Bcd2ToByte
</UL>
<BR>[Called By]<UL><LI><a href="#[a2]">&gt;&gt;</a>&nbsp;&nbsp;&nbsp;Get_DataTime
</UL>

<P><STRONG><a name="[219]"></a>RTC_GetSubSecond</STRONG> (Thumb, 8 bytes, Stack size 0 bytes, stm32f0xx_rtc.o(.text), UNUSED)

<P><STRONG><a name="[e3]"></a>RTC_SetDate</STRONG> (Thumb, 140 bytes, Stack size 16 bytes, stm32f0xx_rtc.o(.text))
<BR><BR>[Stack]<UL><LI>Max Depth = 28<LI>Call Chain = RTC_SetDate &rArr; RTC_WaitForSynchro
</UL>
<BR>[Calls]<UL><LI><a href="#[e0]">&gt;&gt;</a>&nbsp;&nbsp;&nbsp;RTC_WaitForSynchro
<LI><a href="#[10b]">&gt;&gt;</a>&nbsp;&nbsp;&nbsp;RTC_ExitInitMode
<LI><a href="#[10a]">&gt;&gt;</a>&nbsp;&nbsp;&nbsp;RTC_EnterInitMode
<LI><a href="#[10d]">&gt;&gt;</a>&nbsp;&nbsp;&nbsp;RTC_Bcd2ToByte
<LI><a href="#[10e]">&gt;&gt;</a>&nbsp;&nbsp;&nbsp;RTC_ByteToBcd2
</UL>
<BR>[Called By]<UL><LI><a href="#[aa]">&gt;&gt;</a>&nbsp;&nbsp;&nbsp;Set_RTC
</UL>

<P><STRONG><a name="[21a]"></a>RTC_DateStructInit</STRONG> (Thumb, 14 bytes, Stack size 0 bytes, stm32f0xx_rtc.o(.text), UNUSED)

<P><STRONG><a name="[d9]"></a>RTC_GetDate</STRONG> (Thumb, 72 bytes, Stack size 8 bytes, stm32f0xx_rtc.o(.text))
<BR><BR>[Stack]<UL><LI>Max Depth = 8<LI>Call Chain = RTC_GetDate
</UL>
<BR>[Calls]<UL><LI><a href="#[10d]">&gt;&gt;</a>&nbsp;&nbsp;&nbsp;RTC_Bcd2ToByte
</UL>
<BR>[Called By]<UL><LI><a href="#[a2]">&gt;&gt;</a>&nbsp;&nbsp;&nbsp;Get_DataTime
</UL>

<P><STRONG><a name="[10f]"></a>RTC_SetAlarm</STRONG> (Thumb, 152 bytes, Stack size 16 bytes, stm32f0xx_rtc.o(.text), UNUSED)
<BR><BR>[Calls]<UL><LI><a href="#[10d]">&gt;&gt;</a>&nbsp;&nbsp;&nbsp;RTC_Bcd2ToByte
<LI><a href="#[10e]">&gt;&gt;</a>&nbsp;&nbsp;&nbsp;RTC_ByteToBcd2
</UL>

<P><STRONG><a name="[21b]"></a>RTC_AlarmStructInit</STRONG> (Thumb, 20 bytes, Stack size 0 bytes, stm32f0xx_rtc.o(.text), UNUSED)

<P><STRONG><a name="[110]"></a>RTC_GetAlarm</STRONG> (Thumb, 90 bytes, Stack size 16 bytes, stm32f0xx_rtc.o(.text), UNUSED)
<BR><BR>[Calls]<UL><LI><a href="#[10d]">&gt;&gt;</a>&nbsp;&nbsp;&nbsp;RTC_Bcd2ToByte
</UL>

<P><STRONG><a name="[21c]"></a>RTC_AlarmCmd</STRONG> (Thumb, 74 bytes, Stack size 12 bytes, stm32f0xx_rtc.o(.text), UNUSED)

<P><STRONG><a name="[21d]"></a>RTC_AlarmSubSecondConfig</STRONG> (Thumb, 26 bytes, Stack size 0 bytes, stm32f0xx_rtc.o(.text), UNUSED)

<P><STRONG><a name="[21e]"></a>RTC_GetAlarmSubSecond</STRONG> (Thumb, 12 bytes, Stack size 0 bytes, stm32f0xx_rtc.o(.text), UNUSED)

<P><STRONG><a name="[21f]"></a>RTC_DayLightSavingConfig</STRONG> (Thumb, 36 bytes, Stack size 8 bytes, stm32f0xx_rtc.o(.text), UNUSED)

<P><STRONG><a name="[220]"></a>RTC_GetStoreOperation</STRONG> (Thumb, 12 bytes, Stack size 0 bytes, stm32f0xx_rtc.o(.text), UNUSED)

<P><STRONG><a name="[221]"></a>RTC_OutputConfig</STRONG> (Thumb, 36 bytes, Stack size 8 bytes, stm32f0xx_rtc.o(.text), UNUSED)

<P><STRONG><a name="[222]"></a>RTC_CalibOutputCmd</STRONG> (Thumb, 34 bytes, Stack size 0 bytes, stm32f0xx_rtc.o(.text), UNUSED)

<P><STRONG><a name="[223]"></a>RTC_CalibOutputConfig</STRONG> (Thumb, 32 bytes, Stack size 0 bytes, stm32f0xx_rtc.o(.text), UNUSED)

<P><STRONG><a name="[224]"></a>RTC_SmoothCalibConfig</STRONG> (Thumb, 60 bytes, Stack size 16 bytes, stm32f0xx_rtc.o(.text), UNUSED)

<P><STRONG><a name="[225]"></a>RTC_TimeStampCmd</STRONG> (Thumb, 36 bytes, Stack size 8 bytes, stm32f0xx_rtc.o(.text), UNUSED)

<P><STRONG><a name="[111]"></a>RTC_GetTimeStamp</STRONG> (Thumb, 126 bytes, Stack size 16 bytes, stm32f0xx_rtc.o(.text), UNUSED)
<BR><BR>[Calls]<UL><LI><a href="#[10d]">&gt;&gt;</a>&nbsp;&nbsp;&nbsp;RTC_Bcd2ToByte
</UL>

<P><STRONG><a name="[226]"></a>RTC_GetTimeStampSubSecond</STRONG> (Thumb, 6 bytes, Stack size 0 bytes, stm32f0xx_rtc.o(.text), UNUSED)

<P><STRONG><a name="[227]"></a>RTC_TamperTriggerConfig</STRONG> (Thumb, 22 bytes, Stack size 0 bytes, stm32f0xx_rtc.o(.text), UNUSED)

<P><STRONG><a name="[228]"></a>RTC_TamperCmd</STRONG> (Thumb, 20 bytes, Stack size 0 bytes, stm32f0xx_rtc.o(.text), UNUSED)

<P><STRONG><a name="[229]"></a>RTC_TamperFilterConfig</STRONG> (Thumb, 22 bytes, Stack size 0 bytes, stm32f0xx_rtc.o(.text), UNUSED)

<P><STRONG><a name="[22a]"></a>RTC_TamperSamplingFreqConfig</STRONG> (Thumb, 22 bytes, Stack size 0 bytes, stm32f0xx_rtc.o(.text), UNUSED)

<P><STRONG><a name="[22b]"></a>RTC_TamperPinsPrechargeDuration</STRONG> (Thumb, 22 bytes, Stack size 0 bytes, stm32f0xx_rtc.o(.text), UNUSED)

<P><STRONG><a name="[22c]"></a>RTC_TimeStampOnTamperDetectionCmd</STRONG> (Thumb, 22 bytes, Stack size 0 bytes, stm32f0xx_rtc.o(.text), UNUSED)

<P><STRONG><a name="[22d]"></a>RTC_TamperPullUpCmd</STRONG> (Thumb, 22 bytes, Stack size 0 bytes, stm32f0xx_rtc.o(.text), UNUSED)

<P><STRONG><a name="[22e]"></a>RTC_WriteBackupRegister</STRONG> (Thumb, 16 bytes, Stack size 8 bytes, stm32f0xx_rtc.o(.text), UNUSED)

<P><STRONG><a name="[22f]"></a>RTC_ReadBackupRegister</STRONG> (Thumb, 16 bytes, Stack size 8 bytes, stm32f0xx_rtc.o(.text), UNUSED)

<P><STRONG><a name="[230]"></a>RTC_OutputTypeConfig</STRONG> (Thumb, 22 bytes, Stack size 0 bytes, stm32f0xx_rtc.o(.text), UNUSED)

<P><STRONG><a name="[112]"></a>RTC_SynchroShiftConfig</STRONG> (Thumb, 72 bytes, Stack size 12 bytes, stm32f0xx_rtc.o(.text), UNUSED)
<BR><BR>[Calls]<UL><LI><a href="#[e0]">&gt;&gt;</a>&nbsp;&nbsp;&nbsp;RTC_WaitForSynchro
</UL>

<P><STRONG><a name="[231]"></a>RTC_ITConfig</STRONG> (Thumb, 56 bytes, Stack size 12 bytes, stm32f0xx_rtc.o(.text), UNUSED)

<P><STRONG><a name="[232]"></a>RTC_GetFlagStatus</STRONG> (Thumb, 20 bytes, Stack size 0 bytes, stm32f0xx_rtc.o(.text), UNUSED)

<P><STRONG><a name="[233]"></a>RTC_ClearFlag</STRONG> (Thumb, 22 bytes, Stack size 0 bytes, stm32f0xx_rtc.o(.text), UNUSED)

<P><STRONG><a name="[234]"></a>RTC_GetITStatus</STRONG> (Thumb, 76 bytes, Stack size 16 bytes, stm32f0xx_rtc.o(.text), UNUSED)

<P><STRONG><a name="[235]"></a>RTC_ClearITPendingBit</STRONG> (Thumb, 22 bytes, Stack size 0 bytes, stm32f0xx_rtc.o(.text), UNUSED)

<P><STRONG><a name="[71]"></a>__aeabi_memcpy</STRONG> (Thumb, 130 bytes, Stack size 24 bytes, rt_memcpy.o(.text))
<BR><BR>[Stack]<UL><LI>Max Depth = 24<LI>Call Chain = __aeabi_memcpy
</UL>
<BR>[Calls]<UL><LI><a href="#[5c]">&gt;&gt;</a>&nbsp;&nbsp;&nbsp;__aeabi_memcpy4
</UL>
<BR>[Called By]<UL><LI><a href="#[9a]">&gt;&gt;</a>&nbsp;&nbsp;&nbsp;send_prameter_fram1_to_PC
<LI><a href="#[98]">&gt;&gt;</a>&nbsp;&nbsp;&nbsp;get_parameter_to_buf_by_frameId
<LI><a href="#[2c]">&gt;&gt;</a>&nbsp;&nbsp;&nbsp;check_selectedMode_ouputPWM
</UL>

<P><STRONG><a name="[236]"></a>__rt_memcpy</STRONG> (Thumb, 0 bytes, Stack size 24 bytes, rt_memcpy.o(.text), UNUSED)

<P><STRONG><a name="[a0]"></a>__aeabi_memset</STRONG> (Thumb, 18 bytes, Stack size 8 bytes, aeabi_memset.o(.text))
<BR><BR>[Stack]<UL><LI>Max Depth = 8<LI>Call Chain = __aeabi_memset
</UL>
<BR>[Calls]<UL><LI><a href="#[113]">&gt;&gt;</a>&nbsp;&nbsp;&nbsp;_memset
</UL>
<BR>[Called By]<UL><LI><a href="#[a8]">&gt;&gt;</a>&nbsp;&nbsp;&nbsp;send_rtc_info
<LI><a href="#[9f]">&gt;&gt;</a>&nbsp;&nbsp;&nbsp;reset_dateTime
<LI><a href="#[73]">&gt;&gt;</a>&nbsp;&nbsp;&nbsp;record_dateTime
</UL>

<P><STRONG><a name="[114]"></a>_memset_w</STRONG> (Thumb, 26 bytes, Stack size 0 bytes, rt_memclr.o(.text))
<BR><BR>[Called By]<UL><LI><a href="#[115]">&gt;&gt;</a>&nbsp;&nbsp;&nbsp;__rt_memclr_w
<LI><a href="#[113]">&gt;&gt;</a>&nbsp;&nbsp;&nbsp;_memset
</UL>

<P><STRONG><a name="[113]"></a>_memset</STRONG> (Thumb, 30 bytes, Stack size 0 bytes, rt_memclr.o(.text))
<BR><BR>[Calls]<UL><LI><a href="#[114]">&gt;&gt;</a>&nbsp;&nbsp;&nbsp;_memset_w
</UL>
<BR>[Called By]<UL><LI><a href="#[70]">&gt;&gt;</a>&nbsp;&nbsp;&nbsp;__aeabi_memclr
<LI><a href="#[a0]">&gt;&gt;</a>&nbsp;&nbsp;&nbsp;__aeabi_memset
</UL>

<P><STRONG><a name="[70]"></a>__aeabi_memclr</STRONG> (Thumb, 4 bytes, Stack size 0 bytes, rt_memclr.o(.text))
<BR><BR>[Calls]<UL><LI><a href="#[113]">&gt;&gt;</a>&nbsp;&nbsp;&nbsp;_memset
</UL>
<BR>[Called By]<UL><LI><a href="#[92]">&gt;&gt;</a>&nbsp;&nbsp;&nbsp;get_comm_para_to_buf
<LI><a href="#[2c]">&gt;&gt;</a>&nbsp;&nbsp;&nbsp;check_selectedMode_ouputPWM
</UL>

<P><STRONG><a name="[237]"></a>__rt_memclr</STRONG> (Thumb, 0 bytes, Stack size 0 bytes, rt_memclr.o(.text), UNUSED)

<P><STRONG><a name="[5f]"></a>__aeabi_memclr4</STRONG> (Thumb, 0 bytes, Stack size 0 bytes, rt_memclr.o(.text))
<BR><BR>[Called By]<UL><LI><a href="#[a7]">&gt;&gt;</a>&nbsp;&nbsp;&nbsp;send_one_frame_data
<LI><a href="#[9a]">&gt;&gt;</a>&nbsp;&nbsp;&nbsp;send_prameter_fram1_to_PC
<LI><a href="#[98]">&gt;&gt;</a>&nbsp;&nbsp;&nbsp;get_parameter_to_buf_by_frameId
<LI><a href="#[59]">&gt;&gt;</a>&nbsp;&nbsp;&nbsp;ModuleUnPackFrame
<LI><a href="#[2c]">&gt;&gt;</a>&nbsp;&nbsp;&nbsp;check_selectedMode_ouputPWM
<LI><a href="#[29]">&gt;&gt;</a>&nbsp;&nbsp;&nbsp;TaskDataSend
</UL>

<P><STRONG><a name="[238]"></a>__aeabi_memclr8</STRONG> (Thumb, 0 bytes, Stack size 0 bytes, rt_memclr.o(.text), UNUSED)

<P><STRONG><a name="[115]"></a>__rt_memclr_w</STRONG> (Thumb, 4 bytes, Stack size 0 bytes, rt_memclr.o(.text), UNUSED)
<BR><BR>[Calls]<UL><LI><a href="#[114]">&gt;&gt;</a>&nbsp;&nbsp;&nbsp;_memset_w
</UL>

<P><STRONG><a name="[239]"></a>__aeabi_uidiv</STRONG> (Thumb, 0 bytes, Stack size 0 bytes, aeabi_sdiv.o(.text), UNUSED)

<P><STRONG><a name="[4f]"></a>__aeabi_uidivmod</STRONG> (Thumb, 20 bytes, Stack size 0 bytes, aeabi_sdiv.o(.text))
<BR><BR>[Called By]<UL><LI><a href="#[c0]">&gt;&gt;</a>&nbsp;&nbsp;&nbsp;init_tim
<LI><a href="#[b1]">&gt;&gt;</a>&nbsp;&nbsp;&nbsp;USART_Init
<LI><a href="#[a8]">&gt;&gt;</a>&nbsp;&nbsp;&nbsp;send_rtc_info
<LI><a href="#[a6]">&gt;&gt;</a>&nbsp;&nbsp;&nbsp;get_page_num
<LI><a href="#[74]">&gt;&gt;</a>&nbsp;&nbsp;&nbsp;trans_xmmHg_2_adc_value
<LI><a href="#[63]">&gt;&gt;</a>&nbsp;&nbsp;&nbsp;Motor_PWM_Freq_Dudy_Set
<LI><a href="#[58]">&gt;&gt;</a>&nbsp;&nbsp;&nbsp;os_delay_ms
<LI><a href="#[4e]">&gt;&gt;</a>&nbsp;&nbsp;&nbsp;SystemCoreClockUpdate
<LI><a href="#[44]">&gt;&gt;</a>&nbsp;&nbsp;&nbsp;delay_init
<LI><a href="#[e7]">&gt;&gt;</a>&nbsp;&nbsp;&nbsp;RCC_GetClocksFreq
</UL>

<P><STRONG><a name="[23a]"></a>__aeabi_idiv</STRONG> (Thumb, 0 bytes, Stack size 8 bytes, aeabi_sdiv.o(.text), UNUSED)

<P><STRONG><a name="[9d]"></a>__aeabi_idivmod</STRONG> (Thumb, 326 bytes, Stack size 8 bytes, aeabi_sdiv.o(.text), UNUSED)
<BR><BR>[Called By]<UL><LI><a href="#[9c]">&gt;&gt;</a>&nbsp;&nbsp;&nbsp;cal_pressure_rate
</UL>

<P><STRONG><a name="[23b]"></a>__use_two_region_memory</STRONG> (Thumb, 2 bytes, Stack size 0 bytes, heapauxi.o(.text), UNUSED)

<P><STRONG><a name="[23c]"></a>__rt_heap_escrow$2region</STRONG> (Thumb, 2 bytes, Stack size 0 bytes, heapauxi.o(.text), UNUSED)

<P><STRONG><a name="[23d]"></a>__rt_heap_expand$2region</STRONG> (Thumb, 2 bytes, Stack size 0 bytes, heapauxi.o(.text), UNUSED)

<P><STRONG><a name="[3a]"></a>__user_setup_stackheap</STRONG> (Thumb, 62 bytes, Stack size 8 bytes, sys_stackheap_outer.o(.text))
<BR><BR>[Stack]<UL><LI>Max Depth = 8 + Unknown Stack Size
<LI>Call Chain = __user_setup_stackheap
</UL>
<BR>[Calls]<UL><LI><a href="#[116]">&gt;&gt;</a>&nbsp;&nbsp;&nbsp;__user_perproc_libspace
<LI><a href="#[34]">&gt;&gt;</a>&nbsp;&nbsp;&nbsp;__user_initial_stackheap
</UL>
<BR>[Called By]<UL><LI><a href="#[39]">&gt;&gt;</a>&nbsp;&nbsp;&nbsp;__rt_entry_sh
</UL>

<P><STRONG><a name="[3f]"></a>exit</STRONG> (Thumb, 16 bytes, Stack size 8 bytes, exit.o(.text))
<BR><BR>[Stack]<UL><LI>Max Depth = 8 + Unknown Stack Size
<LI>Call Chain = exit
</UL>
<BR>[Calls]<UL><LI><a href="#[118]">&gt;&gt;</a>&nbsp;&nbsp;&nbsp;__rt_exit
<LI><a href="#[117]">&gt;&gt;</a>&nbsp;&nbsp;&nbsp;_call_atexit_fns (Weak Reference)
</UL>
<BR>[Called By]<UL><LI><a href="#[3d]">&gt;&gt;</a>&nbsp;&nbsp;&nbsp;__rt_entry_main
</UL>

<P><STRONG><a name="[23e]"></a>__user_libspace</STRONG> (Thumb, 8 bytes, Stack size 0 bytes, libspace.o(.text), UNUSED)

<P><STRONG><a name="[116]"></a>__user_perproc_libspace</STRONG> (Thumb, 0 bytes, Stack size 0 bytes, libspace.o(.text))
<BR><BR>[Called By]<UL><LI><a href="#[3a]">&gt;&gt;</a>&nbsp;&nbsp;&nbsp;__user_setup_stackheap
</UL>

<P><STRONG><a name="[23f]"></a>__user_perthread_libspace</STRONG> (Thumb, 0 bytes, Stack size 0 bytes, libspace.o(.text), UNUSED)

<P><STRONG><a name="[43]"></a>_sys_exit</STRONG> (Thumb, 8 bytes, Stack size 0 bytes, sys_exit.o(.text))
<BR><BR>[Called By]<UL><LI><a href="#[42]">&gt;&gt;</a>&nbsp;&nbsp;&nbsp;__rt_exit_exit
</UL>

<P><STRONG><a name="[240]"></a>__I$use$semihosting</STRONG> (Thumb, 0 bytes, Stack size 0 bytes, use_no_semi.o(.text), UNUSED)

<P><STRONG><a name="[241]"></a>__use_no_semihosting_swi</STRONG> (Thumb, 2 bytes, Stack size 0 bytes, use_no_semi.o(.text), UNUSED)

<P><STRONG><a name="[242]"></a>__semihosting_library_function</STRONG> (Thumb, 0 bytes, Stack size unknown bytes, indicate_semi.o(.text), UNUSED)
<P>
<H3>
Local Symbols
</H3>
<P><STRONG><a name="[4d]"></a>SetSysClock</STRONG> (Thumb, 114 bytes, Stack size 16 bytes, system_stm32f0xx.o(.text))
<BR><BR>[Stack]<UL><LI>Max Depth = 16<LI>Call Chain = SetSysClock
</UL>
<BR>[Calls]<UL><LI><a href="#[50]">&gt;&gt;</a>&nbsp;&nbsp;&nbsp;RCC_MCOConfig
</UL>
<BR>[Called By]<UL><LI><a href="#[30]">&gt;&gt;</a>&nbsp;&nbsp;&nbsp;SystemInit
</UL>

<P><STRONG><a name="[59]"></a>ModuleUnPackFrame</STRONG> (Thumb, 194 bytes, Stack size 24 bytes, comm_task.o(.text))
<BR><BR>[Stack]<UL><LI>Max Depth = 844<LI>Call Chain = ModuleUnPackFrame &rArr; protocol_module_process &rArr; send_prameter_fram1_to_PC &rArr; CheckFlashData &rArr; ResetParameter &rArr; FlashWrite &rArr; FLASH_ProgramWord &rArr; FLASH_WaitForLastOperation
</UL>
<BR>[Calls]<UL><LI><a href="#[5d]">&gt;&gt;</a>&nbsp;&nbsp;&nbsp;protocol_module_process
<LI><a href="#[5e]">&gt;&gt;</a>&nbsp;&nbsp;&nbsp;delay_ms
<LI><a href="#[5a]">&gt;&gt;</a>&nbsp;&nbsp;&nbsp;GetBuf2Length
<LI><a href="#[5b]">&gt;&gt;</a>&nbsp;&nbsp;&nbsp;Buf2Read
<LI><a href="#[5f]">&gt;&gt;</a>&nbsp;&nbsp;&nbsp;__aeabi_memclr4
<LI><a href="#[5c]">&gt;&gt;</a>&nbsp;&nbsp;&nbsp;__aeabi_memcpy4
</UL>
<BR>[Called By]<UL><LI><a href="#[2a]">&gt;&gt;</a>&nbsp;&nbsp;&nbsp;CMD_ProcessTask
</UL>

<P><STRONG><a name="[d4]"></a>Motor_PWM_Config</STRONG> (Thumb, 136 bytes, Stack size 48 bytes, motor_pwm.o(.text))
<BR><BR>[Stack]<UL><LI>Max Depth = 60<LI>Call Chain = Motor_PWM_Config &rArr; TIM_OC1Init
</UL>
<BR>[Calls]<UL><LI><a href="#[d6]">&gt;&gt;</a>&nbsp;&nbsp;&nbsp;TIM_OC1PreloadConfig
<LI><a href="#[d5]">&gt;&gt;</a>&nbsp;&nbsp;&nbsp;TIM_OC1Init
<LI><a href="#[d7]">&gt;&gt;</a>&nbsp;&nbsp;&nbsp;TIM_ARRPreloadConfig
<LI><a href="#[c1]">&gt;&gt;</a>&nbsp;&nbsp;&nbsp;TIM_TimeBaseInit
<LI><a href="#[c4]">&gt;&gt;</a>&nbsp;&nbsp;&nbsp;TIM_Cmd
<LI><a href="#[79]">&gt;&gt;</a>&nbsp;&nbsp;&nbsp;RCC_APB1PeriphClockCmd
</UL>
<BR>[Called By]<UL><LI><a href="#[52]">&gt;&gt;</a>&nbsp;&nbsp;&nbsp;Motor_PWM_Init
</UL>

<P><STRONG><a name="[f0]"></a>TI2_Config</STRONG> (Thumb, 42 bytes, Stack size 20 bytes, stm32f0xx_tim.o(.text), UNUSED)
<BR><BR>[Called By]<UL><LI><a href="#[f6]">&gt;&gt;</a>&nbsp;&nbsp;&nbsp;TIM_TIxExternalClockConfig
<LI><a href="#[f3]">&gt;&gt;</a>&nbsp;&nbsp;&nbsp;TIM_PWMIConfig
<LI><a href="#[ec]">&gt;&gt;</a>&nbsp;&nbsp;&nbsp;TIM_ICInit
</UL>

<P><STRONG><a name="[ee]"></a>TI1_Config</STRONG> (Thumb, 40 bytes, Stack size 16 bytes, stm32f0xx_tim.o(.text), UNUSED)
<BR><BR>[Called By]<UL><LI><a href="#[f6]">&gt;&gt;</a>&nbsp;&nbsp;&nbsp;TIM_TIxExternalClockConfig
<LI><a href="#[f3]">&gt;&gt;</a>&nbsp;&nbsp;&nbsp;TIM_PWMIConfig
<LI><a href="#[ec]">&gt;&gt;</a>&nbsp;&nbsp;&nbsp;TIM_ICInit
</UL>

<P><STRONG><a name="[10e]"></a>RTC_ByteToBcd2</STRONG> (Thumb, 24 bytes, Stack size 0 bytes, stm32f0xx_rtc.o(.text))
<BR><BR>[Called By]<UL><LI><a href="#[e2]">&gt;&gt;</a>&nbsp;&nbsp;&nbsp;RTC_SetTime
<LI><a href="#[e3]">&gt;&gt;</a>&nbsp;&nbsp;&nbsp;RTC_SetDate
<LI><a href="#[10f]">&gt;&gt;</a>&nbsp;&nbsp;&nbsp;RTC_SetAlarm
</UL>

<P><STRONG><a name="[10d]"></a>RTC_Bcd2ToByte</STRONG> (Thumb, 16 bytes, Stack size 0 bytes, stm32f0xx_rtc.o(.text))
<BR><BR>[Called By]<UL><LI><a href="#[e2]">&gt;&gt;</a>&nbsp;&nbsp;&nbsp;RTC_SetTime
<LI><a href="#[e3]">&gt;&gt;</a>&nbsp;&nbsp;&nbsp;RTC_SetDate
<LI><a href="#[d8]">&gt;&gt;</a>&nbsp;&nbsp;&nbsp;RTC_GetTime
<LI><a href="#[d9]">&gt;&gt;</a>&nbsp;&nbsp;&nbsp;RTC_GetDate
<LI><a href="#[111]">&gt;&gt;</a>&nbsp;&nbsp;&nbsp;RTC_GetTimeStamp
<LI><a href="#[110]">&gt;&gt;</a>&nbsp;&nbsp;&nbsp;RTC_GetAlarm
<LI><a href="#[10f]">&gt;&gt;</a>&nbsp;&nbsp;&nbsp;RTC_SetAlarm
</UL>
<P>
<H3>
Undefined Global Symbols
</H3>
<P><STRONG><a name="[117]"></a>_call_atexit_fns</STRONG> (ARM, 0 bytes, Stack size 0 bytes, UNDEFINED)
<BR><BR>[Called By]<UL><LI><a href="#[3f]">&gt;&gt;</a>&nbsp;&nbsp;&nbsp;exit
</UL>
<HR></body></html>
